[2025-06-26T12:11:33.155+0530][0.017s] Using G1
[2025-06-26T12:11:33.265+0530][0.127s] Version: 17.0.12+8-LTS-286 (release)
[2025-06-26T12:11:33.265+0530][0.127s] CPUs: 12 total, 12 available
[2025-06-26T12:11:33.265+0530][0.127s] Memory: 16107M
[2025-06-26T12:11:33.265+0530][0.127s] Large Page Support: Disabled
[2025-06-26T12:11:33.265+0530][0.127s] NUMA Support: Disabled
[2025-06-26T12:11:33.265+0530][0.127s] Compressed Oops: Enabled (32-bit)
[2025-06-26T12:11:33.265+0530][0.127s] Heap Region Size: 1M
[2025-06-26T12:11:33.265+0530][0.127s] Heap Min Capacity: 512M
[2025-06-26T12:11:33.265+0530][0.127s] Heap Initial Capacity: 512M
[2025-06-26T12:11:33.265+0530][0.127s] Heap Max Capacity: 512M
[2025-06-26T12:11:33.265+0530][0.127s] Pre-touch: Enabled
[2025-06-26T12:11:33.265+0530][0.127s] Parallel Workers: 10
[2025-06-26T12:11:33.265+0530][0.127s] Concurrent Workers: 3
[2025-06-26T12:11:33.265+0530][0.127s] Concurrent Refinement Workers: 10
[2025-06-26T12:11:33.265+0530][0.127s] Periodic GC: Disabled
[2025-06-26T12:11:33.273+0530][0.136s] CDS archive(s) mapped at: [0x0000024539000000-0x0000024539bd0000-0x0000024539bd0000), size 12386304, SharedBaseAddress: 0x0000024539000000, ArchiveRelocationMode: 1.
[2025-06-26T12:11:33.273+0530][0.136s] Compressed class space mapped at: 0x000002453a000000-0x000002457a000000, reserved size: 1073741824
[2025-06-26T12:11:33.273+0530][0.136s] Narrow klass base: 0x0000024539000000, Narrow klass shift: 0, Narrow klass range: 0x100000000
[2025-06-26T12:11:42.722+0530][9.584s] GC(0) Pause Young (Normal) (G1 Evacuation Pause)
[2025-06-26T12:11:42.723+0530][9.584s] GC(0) Using 10 workers of 10 for evacuation
[2025-06-26T12:11:42.734+0530][9.596s] GC(0)   Pre Evacuate Collection Set: 0.3ms
[2025-06-26T12:11:42.734+0530][9.596s] GC(0)   Merge Heap Roots: 0.2ms
[2025-06-26T12:11:42.734+0530][9.596s] GC(0)   Evacuate Collection Set: 7.9ms
[2025-06-26T12:11:42.734+0530][9.596s] GC(0)   Post Evacuate Collection Set: 1.5ms
[2025-06-26T12:11:42.734+0530][9.596s] GC(0)   Other: 1.5ms
[2025-06-26T12:11:42.734+0530][9.596s] GC(0) Eden regions: 29->0(37)
[2025-06-26T12:11:42.734+0530][9.596s] GC(0) Survivor regions: 0->4(4)
[2025-06-26T12:11:42.734+0530][9.596s] GC(0) Old regions: 0->3
[2025-06-26T12:11:42.734+0530][9.596s] GC(0) Archive regions: 0->0
[2025-06-26T12:11:42.734+0530][9.596s] GC(0) Humongous regions: 4->4
[2025-06-26T12:11:42.734+0530][9.596s] GC(0) Metaspace: 9923K(10176K)->9923K(10176K) NonClass: 8745K(8832K)->8745K(8832K) Class: 1178K(1344K)->1178K(1344K)
[2025-06-26T12:11:42.735+0530][9.596s] GC(0) Pause Young (Normal) (G1 Evacuation Pause) 33M->10M(512M) 12.323ms
[2025-06-26T12:11:42.735+0530][9.596s] GC(0) User=0.00s Sys=0.00s Real=0.01s
[2025-06-26T12:11:45.251+0530][12.114s] GC(1) Pause Young (Normal) (G1 Evacuation Pause)
[2025-06-26T12:11:45.251+0530][12.114s] GC(1) Using 10 workers of 10 for evacuation
[2025-06-26T12:11:45.257+0530][12.119s] GC(1)   Pre Evacuate Collection Set: 0.1ms
[2025-06-26T12:11:45.257+0530][12.119s] GC(1)   Merge Heap Roots: 0.1ms
[2025-06-26T12:11:45.257+0530][12.119s] GC(1)   Evacuate Collection Set: 4.7ms
[2025-06-26T12:11:45.257+0530][12.119s] GC(1)   Post Evacuate Collection Set: 0.5ms
[2025-06-26T12:11:45.257+0530][12.119s] GC(1)   Other: 0.2ms
[2025-06-26T12:11:45.257+0530][12.119s] GC(1) Eden regions: 33->0(47)
[2025-06-26T12:11:45.257+0530][12.119s] GC(1) Survivor regions: 4->5(5)
[2025-06-26T12:11:45.257+0530][12.119s] GC(1) Old regions: 3->12
[2025-06-26T12:11:45.257+0530][12.119s] GC(1) Archive regions: 0->0
[2025-06-26T12:11:45.257+0530][12.119s] GC(1) Humongous regions: 4->4
[2025-06-26T12:11:45.257+0530][12.119s] GC(1) Metaspace: 15625K(15872K)->15625K(15872K) NonClass: 13798K(13952K)->13798K(13952K) Class: 1827K(1920K)->1827K(1920K)
[2025-06-26T12:11:45.257+0530][12.119s] GC(1) Pause Young (Normal) (G1 Evacuation Pause) 43M->20M(512M) 5.745ms
[2025-06-26T12:11:45.257+0530][12.119s] GC(1) User=0.08s Sys=0.03s Real=0.01s
[2025-06-26T12:11:47.260+0530][14.121s] GC(2) Pause Young (Concurrent Start) (Metadata GC Threshold)
[2025-06-26T12:11:47.260+0530][14.122s] GC(2) Using 10 workers of 10 for evacuation
[2025-06-26T12:11:47.263+0530][14.125s] GC(2)   Pre Evacuate Collection Set: 0.2ms
[2025-06-26T12:11:47.263+0530][14.125s] GC(2)   Merge Heap Roots: 0.2ms
[2025-06-26T12:11:47.263+0530][14.125s] GC(2)   Evacuate Collection Set: 1.6ms
[2025-06-26T12:11:47.263+0530][14.125s] GC(2)   Post Evacuate Collection Set: 0.9ms
[2025-06-26T12:11:47.263+0530][14.125s] GC(2)   Other: 0.6ms
[2025-06-26T12:11:47.263+0530][14.125s] GC(2) Eden regions: 43->0(302)
[2025-06-26T12:11:47.263+0530][14.125s] GC(2) Survivor regions: 5->5(7)
[2025-06-26T12:11:47.263+0530][14.125s] GC(2) Old regions: 12->17
[2025-06-26T12:11:47.263+0530][14.125s] GC(2) Archive regions: 0->0
[2025-06-26T12:11:47.263+0530][14.125s] GC(2) Humongous regions: 4->4
[2025-06-26T12:11:47.263+0530][14.125s] GC(2) Metaspace: 21254K(21504K)->21254K(21504K) NonClass: 18856K(18944K)->18856K(18944K) Class: 2398K(2560K)->2398K(2560K)
[2025-06-26T12:11:47.263+0530][14.125s] GC(2) Pause Young (Concurrent Start) (Metadata GC Threshold) 63M->24M(512M) 3.720ms
[2025-06-26T12:11:47.263+0530][14.125s] GC(2) User=0.00s Sys=0.00s Real=0.00s
[2025-06-26T12:11:47.263+0530][14.125s] GC(3) Concurrent Mark Cycle
[2025-06-26T12:11:47.263+0530][14.125s] GC(3) Concurrent Clear Claimed Marks
[2025-06-26T12:11:47.263+0530][14.125s] GC(3) Concurrent Clear Claimed Marks 0.017ms
[2025-06-26T12:11:47.263+0530][14.125s] GC(3) Concurrent Scan Root Regions
[2025-06-26T12:11:47.265+0530][14.127s] GC(3) Concurrent Scan Root Regions 2.079ms
[2025-06-26T12:11:47.265+0530][14.127s] GC(3) Concurrent Mark
[2025-06-26T12:11:47.265+0530][14.127s] GC(3) Concurrent Mark From Roots
[2025-06-26T12:11:47.265+0530][14.127s] GC(3) Using 3 workers of 3 for marking
[2025-06-26T12:11:47.275+0530][14.137s] GC(3) Concurrent Mark From Roots 9.135ms
[2025-06-26T12:11:47.275+0530][14.137s] GC(3) Concurrent Preclean
[2025-06-26T12:11:47.275+0530][14.137s] GC(3) Concurrent Preclean 0.125ms
[2025-06-26T12:11:47.275+0530][14.137s] GC(3) Pause Remark
[2025-06-26T12:11:47.278+0530][14.140s] GC(3) Pause Remark 25M->25M(512M) 2.611ms
[2025-06-26T12:11:47.278+0530][14.140s] GC(3) User=0.00s Sys=0.00s Real=0.00s
[2025-06-26T12:11:47.278+0530][14.140s] GC(3) Concurrent Mark 12.654ms
[2025-06-26T12:11:47.278+0530][14.140s] GC(3) Concurrent Rebuild Remembered Sets
[2025-06-26T12:11:47.285+0530][14.147s] GC(3) Concurrent Rebuild Remembered Sets 6.585ms
[2025-06-26T12:11:47.294+0530][14.156s] GC(3) Pause Cleanup
[2025-06-26T12:11:47.294+0530][14.156s] GC(3) Pause Cleanup 25M->25M(512M) 0.369ms
[2025-06-26T12:11:47.294+0530][14.156s] GC(3) User=0.00s Sys=0.00s Real=0.00s
[2025-06-26T12:11:47.295+0530][14.156s] GC(3) Concurrent Cleanup for Next Mark
[2025-06-26T12:11:47.295+0530][14.157s] GC(3) Concurrent Cleanup for Next Mark 0.436ms
[2025-06-26T12:11:47.295+0530][14.157s] GC(3) Concurrent Mark Cycle 31.702ms
[2025-06-26T12:11:51.795+0530][18.657s] GC(4) Pause Young (Prepare Mixed) (Metadata GC Threshold)
[2025-06-26T12:11:51.795+0530][18.657s] GC(4) Using 10 workers of 10 for evacuation
[2025-06-26T12:11:51.800+0530][18.662s] GC(4)   Pre Evacuate Collection Set: 0.1ms
[2025-06-26T12:11:51.800+0530][18.662s] GC(4)   Merge Heap Roots: 0.2ms
[2025-06-26T12:11:51.800+0530][18.662s] GC(4)   Evacuate Collection Set: 3.2ms
[2025-06-26T12:11:51.800+0530][18.662s] GC(4)   Post Evacuate Collection Set: 1.4ms
[2025-06-26T12:11:51.800+0530][18.662s] GC(4)   Other: 0.1ms
[2025-06-26T12:11:51.800+0530][18.662s] GC(4) Eden regions: 76->0(14)
[2025-06-26T12:11:51.800+0530][18.662s] GC(4) Survivor regions: 5->11(39)
[2025-06-26T12:11:51.800+0530][18.662s] GC(4) Old regions: 17->17
[2025-06-26T12:11:51.800+0530][18.662s] GC(4) Archive regions: 0->0
[2025-06-26T12:11:51.800+0530][18.662s] GC(4) Humongous regions: 5->4
[2025-06-26T12:11:51.800+0530][18.662s] GC(4) Metaspace: 35696K(35968K)->35696K(35968K) NonClass: 31511K(31616K)->31511K(31616K) Class: 4184K(4352K)->4184K(4352K)
[2025-06-26T12:11:51.800+0530][18.662s] GC(4) Pause Young (Prepare Mixed) (Metadata GC Threshold) 101M->30M(512M) 5.074ms
[2025-06-26T12:11:51.800+0530][18.662s] GC(4) User=0.00s Sys=0.00s Real=0.00s
[2025-06-26T12:11:51.888+0530][18.750s] GC(5) Pause Young (Mixed) (Metadata GC Threshold)
[2025-06-26T12:11:51.888+0530][18.750s] GC(5) Using 10 workers of 10 for evacuation
[2025-06-26T12:11:51.892+0530][18.754s] GC(5)   Pre Evacuate Collection Set: 0.3ms
[2025-06-26T12:11:51.892+0530][18.754s] GC(5)   Merge Heap Roots: 0.2ms
[2025-06-26T12:11:51.892+0530][18.754s] GC(5)   Evacuate Collection Set: 2.6ms
[2025-06-26T12:11:51.892+0530][18.754s] GC(5)   Post Evacuate Collection Set: 0.6ms
[2025-06-26T12:11:51.892+0530][18.754s] GC(5)   Other: 0.3ms
[2025-06-26T12:11:51.892+0530][18.754s] GC(5) Eden regions: 2->0(306)
[2025-06-26T12:11:51.892+0530][18.754s] GC(5) Survivor regions: 11->1(4)
[2025-06-26T12:11:51.892+0530][18.754s] GC(5) Old regions: 17->27
[2025-06-26T12:11:51.892+0530][18.754s] GC(5) Archive regions: 0->0
[2025-06-26T12:11:51.892+0530][18.754s] GC(5) Humongous regions: 4->4
[2025-06-26T12:11:51.892+0530][18.754s] GC(5) Metaspace: 36011K(36288K)->36011K(36288K) NonClass: 31793K(31872K)->31793K(31872K) Class: 4218K(4416K)->4218K(4416K)
[2025-06-26T12:11:51.892+0530][18.754s] GC(5) Pause Young (Mixed) (Metadata GC Threshold) 32M->31M(512M) 3.952ms
[2025-06-26T12:11:51.892+0530][18.754s] GC(5) User=0.00s Sys=0.00s Real=0.00s
[2025-06-26T12:11:51.956+0530][18.818s] GC(6) Pause Young (Concurrent Start) (Metadata GC Threshold)
[2025-06-26T12:11:51.956+0530][18.818s] GC(6) Using 10 workers of 10 for evacuation
[2025-06-26T12:11:51.957+0530][18.819s] GC(6)   Pre Evacuate Collection Set: 0.1ms
[2025-06-26T12:11:51.957+0530][18.819s] GC(6)   Merge Heap Roots: 0.1ms
[2025-06-26T12:11:51.957+0530][18.820s] GC(6)   Evacuate Collection Set: 0.7ms
[2025-06-26T12:11:51.957+0530][18.820s] GC(6)   Post Evacuate Collection Set: 0.7ms
[2025-06-26T12:11:51.957+0530][18.820s] GC(6)   Other: 0.3ms
[2025-06-26T12:11:51.957+0530][18.820s] GC(6) Eden regions: 3->0(306)
[2025-06-26T12:11:51.957+0530][18.820s] GC(6) Survivor regions: 1->1(39)
[2025-06-26T12:11:51.957+0530][18.820s] GC(6) Old regions: 27->27
[2025-06-26T12:11:51.957+0530][18.820s] GC(6) Archive regions: 0->0
[2025-06-26T12:11:51.957+0530][18.820s] GC(6) Humongous regions: 4->4
[2025-06-26T12:11:51.957+0530][18.820s] GC(6) Metaspace: 36308K(36608K)->36308K(36608K) NonClass: 32043K(32192K)->32043K(32192K) Class: 4265K(4416K)->4265K(4416K)
[2025-06-26T12:11:51.957+0530][18.820s] GC(6) Pause Young (Concurrent Start) (Metadata GC Threshold) 33M->30M(512M) 1.940ms
[2025-06-26T12:11:51.958+0530][18.820s] GC(6) User=0.00s Sys=0.00s Real=0.00s
[2025-06-26T12:11:51.958+0530][18.820s] GC(7) Concurrent Mark Cycle
[2025-06-26T12:11:51.958+0530][18.820s] GC(7) Concurrent Clear Claimed Marks
[2025-06-26T12:11:51.958+0530][18.820s] GC(7) Concurrent Clear Claimed Marks 0.021ms
[2025-06-26T12:11:51.958+0530][18.820s] GC(7) Concurrent Scan Root Regions
[2025-06-26T12:11:51.959+0530][18.821s] GC(7) Concurrent Scan Root Regions 0.919ms
[2025-06-26T12:11:51.959+0530][18.821s] GC(7) Concurrent Mark
[2025-06-26T12:11:51.959+0530][18.821s] GC(7) Concurrent Mark From Roots
[2025-06-26T12:11:51.959+0530][18.821s] GC(7) Using 3 workers of 3 for marking
[2025-06-26T12:11:51.980+0530][18.843s] GC(7) Concurrent Mark From Roots 21.706ms
[2025-06-26T12:11:51.980+0530][18.843s] GC(7) Concurrent Preclean
[2025-06-26T12:11:51.981+0530][18.843s] GC(7) Concurrent Preclean 0.198ms
[2025-06-26T12:11:51.981+0530][18.843s] GC(7) Pause Remark
[2025-06-26T12:11:51.993+0530][18.856s] GC(7) Pause Remark 31M->31M(512M) 12.502ms
[2025-06-26T12:11:51.994+0530][18.856s] GC(7) User=0.00s Sys=0.02s Real=0.01s
[2025-06-26T12:11:51.994+0530][18.856s] GC(7) Concurrent Mark 34.954ms
[2025-06-26T12:11:51.994+0530][18.856s] GC(7) Concurrent Rebuild Remembered Sets
[2025-06-26T12:11:52.002+0530][18.864s] GC(7) Concurrent Rebuild Remembered Sets 8.110ms
[2025-06-26T12:11:52.003+0530][18.865s] GC(7) Pause Cleanup
[2025-06-26T12:11:52.003+0530][18.865s] GC(7) Pause Cleanup 31M->31M(512M) 0.241ms
[2025-06-26T12:11:52.003+0530][18.865s] GC(7) User=0.00s Sys=0.00s Real=0.00s
[2025-06-26T12:11:52.003+0530][18.865s] GC(7) Concurrent Cleanup for Next Mark
[2025-06-26T12:11:52.003+0530][18.866s] GC(7) Concurrent Cleanup for Next Mark 0.577ms
[2025-06-26T12:11:52.003+0530][18.866s] GC(7) Concurrent Mark Cycle 45.838ms
[2025-06-26T12:28:07.869+0530][994.731s] GC(8) Pause Young (Normal) (G1 Evacuation Pause)
[2025-06-26T12:28:07.869+0530][994.731s] GC(8) Using 10 workers of 10 for evacuation
[2025-06-26T12:28:07.888+0530][994.750s] GC(8)   Pre Evacuate Collection Set: 0.7ms
[2025-06-26T12:28:07.888+0530][994.750s] GC(8)   Merge Heap Roots: 0.1ms
[2025-06-26T12:28:07.888+0530][994.750s] GC(8)   Evacuate Collection Set: 16.6ms
[2025-06-26T12:28:07.888+0530][994.750s] GC(8)   Post Evacuate Collection Set: 1.1ms
[2025-06-26T12:28:07.888+0530][994.750s] GC(8)   Other: 0.5ms
[2025-06-26T12:28:07.888+0530][994.750s] GC(8) Eden regions: 306->0(292)
[2025-06-26T12:28:07.888+0530][994.750s] GC(8) Survivor regions: 1->15(39)
[2025-06-26T12:28:07.888+0530][994.750s] GC(8) Old regions: 27->27
[2025-06-26T12:28:07.888+0530][994.750s] GC(8) Archive regions: 0->0
[2025-06-26T12:28:07.888+0530][994.750s] GC(8) Humongous regions: 4->4
[2025-06-26T12:28:07.888+0530][994.750s] GC(8) Metaspace: 50161K(50688K)->50161K(50688K) NonClass: 44144K(44416K)->44144K(44416K) Class: 6017K(6272K)->6017K(6272K)
[2025-06-26T12:28:07.888+0530][994.750s] GC(8) Pause Young (Normal) (G1 Evacuation Pause) 336M->44M(512M) 19.078ms
[2025-06-26T12:28:07.888+0530][994.750s] GC(8) User=0.06s Sys=0.05s Real=0.02s
[2025-06-26T12:55:52.563+0530][2659.425s] GC(9) Pause Young (Normal) (G1 Evacuation Pause)
[2025-06-26T12:55:52.563+0530][2659.425s] GC(9) Using 10 workers of 10 for evacuation
[2025-06-26T12:55:52.572+0530][2659.434s] GC(9)   Pre Evacuate Collection Set: 0.3ms
[2025-06-26T12:55:52.572+0530][2659.434s] GC(9)   Merge Heap Roots: 0.1ms
[2025-06-26T12:55:52.572+0530][2659.434s] GC(9)   Evacuate Collection Set: 7.5ms
[2025-06-26T12:55:52.572+0530][2659.434s] GC(9)   Post Evacuate Collection Set: 1.0ms
[2025-06-26T12:55:52.572+0530][2659.434s] GC(9)   Other: 0.4ms
[2025-06-26T12:55:52.572+0530][2659.434s] GC(9) Eden regions: 292->0(292)
[2025-06-26T12:55:52.572+0530][2659.434s] GC(9) Survivor regions: 15->15(39)
[2025-06-26T12:55:52.572+0530][2659.434s] GC(9) Old regions: 27->27
[2025-06-26T12:55:52.572+0530][2659.434s] GC(9) Archive regions: 0->0
[2025-06-26T12:55:52.572+0530][2659.434s] GC(9) Humongous regions: 4->4
[2025-06-26T12:55:52.572+0530][2659.434s] GC(9) Metaspace: 50839K(51328K)->50839K(51328K) NonClass: 44819K(45056K)->44819K(45056K) Class: 6020K(6272K)->6020K(6272K)
[2025-06-26T12:55:52.572+0530][2659.434s] GC(9) Pause Young (Normal) (G1 Evacuation Pause) 336M->44M(512M) 9.402ms
[2025-06-26T12:55:52.572+0530][2659.434s] GC(9) User=0.08s Sys=0.03s Real=0.01s
[2025-06-26T13:23:34.811+0530][4321.673s] GC(10) Pause Young (Normal) (G1 Evacuation Pause)
[2025-06-26T13:23:34.811+0530][4321.673s] GC(10) Using 10 workers of 10 for evacuation
[2025-06-26T13:23:34.820+0530][4321.682s] GC(10)   Pre Evacuate Collection Set: 0.2ms
[2025-06-26T13:23:34.820+0530][4321.682s] GC(10)   Merge Heap Roots: 0.1ms
[2025-06-26T13:23:34.820+0530][4321.682s] GC(10)   Evacuate Collection Set: 7.7ms
[2025-06-26T13:23:34.820+0530][4321.682s] GC(10)   Post Evacuate Collection Set: 1.0ms
[2025-06-26T13:23:34.820+0530][4321.683s] GC(10)   Other: 0.2ms
[2025-06-26T13:23:34.820+0530][4321.683s] GC(10) Eden regions: 292->0(291)
[2025-06-26T13:23:34.820+0530][4321.683s] GC(10) Survivor regions: 15->16(39)
[2025-06-26T13:23:34.820+0530][4321.683s] GC(10) Old regions: 27->27
[2025-06-26T13:23:34.820+0530][4321.683s] GC(10) Archive regions: 0->0
[2025-06-26T13:23:34.820+0530][4321.683s] GC(10) Humongous regions: 4->4
[2025-06-26T13:23:34.820+0530][4321.683s] GC(10) Metaspace: 52868K(53376K)->52868K(53376K) NonClass: 46658K(46912K)->46658K(46912K) Class: 6209K(6464K)->6209K(6464K)
[2025-06-26T13:23:34.820+0530][4321.683s] GC(10) Pause Young (Normal) (G1 Evacuation Pause) 336M->45M(512M) 9.504ms
[2025-06-26T13:23:34.820+0530][4321.683s] GC(10) User=0.03s Sys=0.06s Real=0.01s
[2025-06-26T16:50:53.748+0530][16760.611s] GC(11) Pause Young (Normal) (G1 Evacuation Pause)
[2025-06-26T16:50:53.749+0530][16760.611s] GC(11) Using 10 workers of 10 for evacuation
[2025-06-26T16:50:53.759+0530][16760.621s] GC(11)   Pre Evacuate Collection Set: 0.2ms
[2025-06-26T16:50:53.759+0530][16760.622s] GC(11)   Merge Heap Roots: 0.2ms
[2025-06-26T16:50:53.759+0530][16760.622s] GC(11)   Evacuate Collection Set: 8.3ms
[2025-06-26T16:50:53.759+0530][16760.622s] GC(11)   Post Evacuate Collection Set: 1.4ms
[2025-06-26T16:50:53.759+0530][16760.622s] GC(11)   Other: 0.6ms
[2025-06-26T16:50:53.759+0530][16760.622s] GC(11) Eden regions: 291->0(291)
[2025-06-26T16:50:53.759+0530][16760.622s] GC(11) Survivor regions: 16->16(39)
[2025-06-26T16:50:53.759+0530][16760.622s] GC(11) Old regions: 27->27
[2025-06-26T16:50:53.759+0530][16760.622s] GC(11) Archive regions: 0->0
[2025-06-26T16:50:53.759+0530][16760.622s] GC(11) Humongous regions: 7->7
[2025-06-26T16:50:53.759+0530][16760.622s] GC(11) Metaspace: 53880K(54336K)->53880K(54336K) NonClass: 47606K(47808K)->47606K(47808K) Class: 6273K(6528K)->6273K(6528K)
[2025-06-26T16:50:53.759+0530][16760.622s] GC(11) Pause Young (Normal) (G1 Evacuation Pause) 339M->48M(512M) 10.852ms
[2025-06-26T16:50:53.759+0530][16760.622s] GC(11) User=0.14s Sys=0.02s Real=0.01s
[2025-06-26T16:51:17.660+0530][16784.522s] GC(12) Pause Young (Normal) (G1 Evacuation Pause)
[2025-06-26T16:51:17.660+0530][16784.522s] GC(12) Using 10 workers of 10 for evacuation
[2025-06-26T16:51:17.665+0530][16784.528s] GC(12)   Pre Evacuate Collection Set: 0.1ms
[2025-06-26T16:51:17.665+0530][16784.528s] GC(12)   Merge Heap Roots: 0.1ms
[2025-06-26T16:51:17.665+0530][16784.528s] GC(12)   Evacuate Collection Set: 4.2ms
[2025-06-26T16:51:17.665+0530][16784.528s] GC(12)   Post Evacuate Collection Set: 1.0ms
[2025-06-26T16:51:17.665+0530][16784.528s] GC(12)   Other: 0.5ms
[2025-06-26T16:51:17.665+0530][16784.528s] GC(12) Eden regions: 291->0(291)
[2025-06-26T16:51:17.665+0530][16784.528s] GC(12) Survivor regions: 16->16(39)
[2025-06-26T16:51:17.665+0530][16784.528s] GC(12) Old regions: 27->27
[2025-06-26T16:51:17.665+0530][16784.528s] GC(12) Archive regions: 0->0
[2025-06-26T16:51:17.665+0530][16784.528s] GC(12) Humongous regions: 7->7
[2025-06-26T16:51:17.665+0530][16784.528s] GC(12) Metaspace: 54147K(54592K)->54147K(54592K) NonClass: 47874K(48064K)->47874K(48064K) Class: 6273K(6528K)->6273K(6528K)
[2025-06-26T16:51:17.666+0530][16784.528s] GC(12) Pause Young (Normal) (G1 Evacuation Pause) 339M->48M(512M) 5.681ms
[2025-06-26T16:51:17.666+0530][16784.528s] GC(12) User=0.00s Sys=0.11s Real=0.01s
[2025-06-26T16:57:33.461+0530][17160.322s] GC(13) Pause Young (Normal) (G1 Evacuation Pause)
[2025-06-26T16:57:33.461+0530][17160.322s] GC(13) Using 10 workers of 10 for evacuation
[2025-06-26T16:57:33.466+0530][17160.328s] GC(13)   Pre Evacuate Collection Set: 0.1ms
[2025-06-26T16:57:33.466+0530][17160.328s] GC(13)   Merge Heap Roots: 0.1ms
[2025-06-26T16:57:33.466+0530][17160.328s] GC(13)   Evacuate Collection Set: 4.2ms
[2025-06-26T16:57:33.466+0530][17160.328s] GC(13)   Post Evacuate Collection Set: 1.1ms
[2025-06-26T16:57:33.466+0530][17160.328s] GC(13)   Other: 0.2ms
[2025-06-26T16:57:33.466+0530][17160.328s] GC(13) Eden regions: 291->0(291)
[2025-06-26T16:57:33.466+0530][17160.328s] GC(13) Survivor regions: 16->16(39)
[2025-06-26T16:57:33.466+0530][17160.328s] GC(13) Old regions: 27->27
[2025-06-26T16:57:33.466+0530][17160.328s] GC(13) Archive regions: 0->0
[2025-06-26T16:57:33.466+0530][17160.328s] GC(13) Humongous regions: 7->7
[2025-06-26T16:57:33.466+0530][17160.328s] GC(13) Metaspace: 54273K(54784K)->54273K(54784K) NonClass: 47999K(48256K)->47999K(48256K) Class: 6273K(6528K)->6273K(6528K)
[2025-06-26T16:57:33.466+0530][17160.328s] GC(13) Pause Young (Normal) (G1 Evacuation Pause) 339M->49M(512M) 5.825ms
[2025-06-26T16:57:33.466+0530][17160.328s] GC(13) User=0.00s Sys=0.00s Real=0.01s
[2025-06-26T17:00:22.024+0530][17328.886s] GC(14) Pause Young (Normal) (G1 Evacuation Pause)
[2025-06-26T17:00:22.024+0530][17328.886s] GC(14) Using 10 workers of 10 for evacuation
[2025-06-26T17:00:22.028+0530][17328.890s] GC(14)   Pre Evacuate Collection Set: 0.1ms
[2025-06-26T17:00:22.028+0530][17328.890s] GC(14)   Merge Heap Roots: 0.1ms
[2025-06-26T17:00:22.028+0530][17328.890s] GC(14)   Evacuate Collection Set: 3.3ms
[2025-06-26T17:00:22.028+0530][17328.890s] GC(14)   Post Evacuate Collection Set: 0.8ms
[2025-06-26T17:00:22.028+0530][17328.890s] GC(14)   Other: 2.5ms
[2025-06-26T17:00:22.028+0530][17328.890s] GC(14) Eden regions: 291->0(290)
[2025-06-26T17:00:22.028+0530][17328.890s] GC(14) Survivor regions: 16->17(39)
[2025-06-26T17:00:22.028+0530][17328.890s] GC(14) Old regions: 27->27
[2025-06-26T17:00:22.028+0530][17328.890s] GC(14) Archive regions: 0->0
[2025-06-26T17:00:22.028+0530][17328.890s] GC(14) Humongous regions: 7->7
[2025-06-26T17:00:22.028+0530][17328.890s] GC(14) Metaspace: 54552K(55104K)->54552K(55104K) NonClass: 48267K(48576K)->48267K(48576K) Class: 6285K(6528K)->6285K(6528K)
[2025-06-26T17:00:22.028+0530][17328.890s] GC(14) Pause Young (Normal) (G1 Evacuation Pause) 340M->49M(512M) 4.457ms
[2025-06-26T17:00:22.028+0530][17328.890s] GC(14) User=0.00s Sys=0.00s Real=0.00s
[2025-06-26T17:03:18.027+0530][17504.889s] GC(15) Pause Young (Normal) (G1 Evacuation Pause)
[2025-06-26T17:03:18.027+0530][17504.889s] GC(15) Using 10 workers of 10 for evacuation
[2025-06-26T17:03:18.033+0530][17504.895s] GC(15)   Pre Evacuate Collection Set: 0.2ms
[2025-06-26T17:03:18.033+0530][17504.895s] GC(15)   Merge Heap Roots: 0.1ms
[2025-06-26T17:03:18.033+0530][17504.895s] GC(15)   Evacuate Collection Set: 3.4ms
[2025-06-26T17:03:18.033+0530][17504.895s] GC(15)   Post Evacuate Collection Set: 1.5ms
[2025-06-26T17:03:18.033+0530][17504.895s] GC(15)   Other: 0.1ms
[2025-06-26T17:03:18.033+0530][17504.895s] GC(15) Eden regions: 290->0(290)
[2025-06-26T17:03:18.033+0530][17504.895s] GC(15) Survivor regions: 17->17(39)
[2025-06-26T17:03:18.033+0530][17504.895s] GC(15) Old regions: 27->27
[2025-06-26T17:03:18.033+0530][17504.895s] GC(15) Archive regions: 0->0
[2025-06-26T17:03:18.033+0530][17504.895s] GC(15) Humongous regions: 7->7
[2025-06-26T17:03:18.033+0530][17504.895s] GC(15) Metaspace: 54564K(55104K)->54564K(55104K) NonClass: 48278K(48576K)->48278K(48576K) Class: 6285K(6528K)->6285K(6528K)
[2025-06-26T17:03:18.033+0530][17504.895s] GC(15) Pause Young (Normal) (G1 Evacuation Pause) 339M->50M(512M) 5.562ms
[2025-06-26T17:03:18.033+0530][17504.895s] GC(15) User=0.00s Sys=0.00s Real=0.01s
[2025-06-28T09:52:39.984+0530][164470.259s] GC(16) Pause Young (Normal) (G1 Evacuation Pause)
[2025-06-28T09:52:39.985+0530][164470.260s] GC(16) Using 10 workers of 10 for evacuation
[2025-06-28T09:52:40.028+0530][164470.303s] GC(16)   Pre Evacuate Collection Set: 0.8ms
[2025-06-28T09:52:40.028+0530][164470.303s] GC(16)   Merge Heap Roots: 0.7ms
[2025-06-28T09:52:40.028+0530][164470.303s] GC(16)   Evacuate Collection Set: 36.8ms
[2025-06-28T09:52:40.028+0530][164470.303s] GC(16)   Post Evacuate Collection Set: 3.7ms
[2025-06-28T09:52:40.028+0530][164470.303s] GC(16)   Other: 4.6ms
[2025-06-28T09:52:40.028+0530][164470.304s] GC(16) Eden regions: 290->0(291)
[2025-06-28T09:52:40.028+0530][164470.304s] GC(16) Survivor regions: 17->16(39)
[2025-06-28T09:52:40.028+0530][164470.304s] GC(16) Old regions: 27->27
[2025-06-28T09:52:40.028+0530][164470.304s] GC(16) Archive regions: 0->0
[2025-06-28T09:52:40.028+0530][164470.304s] GC(16) Humongous regions: 7->7
[2025-06-28T09:52:40.028+0530][164470.304s] GC(16) Metaspace: 54625K(55104K)->54625K(55104K) NonClass: 48339K(48576K)->48339K(48576K) Class: 6286K(6528K)->6286K(6528K)
[2025-06-28T09:52:40.029+0530][164470.304s] GC(16) Pause Young (Normal) (G1 Evacuation Pause) 340M->49M(512M) 45.031ms
[2025-06-28T09:52:40.029+0530][164470.304s] GC(16) User=0.14s Sys=0.17s Real=0.05s
[2025-06-28T14:34:06.618+0530][181356.894s] GC(17) Pause Young (Normal) (G1 Evacuation Pause)
[2025-06-28T14:34:06.620+0530][181356.896s] GC(17) Using 10 workers of 10 for evacuation
[2025-06-28T14:34:06.655+0530][181356.931s] GC(17)   Pre Evacuate Collection Set: 0.9ms
[2025-06-28T14:34:06.655+0530][181356.931s] GC(17)   Merge Heap Roots: 0.9ms
[2025-06-28T14:34:06.655+0530][181356.931s] GC(17)   Evacuate Collection Set: 27.6ms
[2025-06-28T14:34:06.655+0530][181356.931s] GC(17)   Post Evacuate Collection Set: 4.7ms
[2025-06-28T14:34:06.656+0530][181356.932s] GC(17)   Other: 5.6ms
[2025-06-28T14:34:06.656+0530][181356.932s] GC(17) Eden regions: 291->0(290)
[2025-06-28T14:34:06.656+0530][181356.932s] GC(17) Survivor regions: 16->17(39)
[2025-06-28T14:34:06.656+0530][181356.932s] GC(17) Old regions: 27->27
[2025-06-28T14:34:06.656+0530][181356.932s] GC(17) Archive regions: 0->0
[2025-06-28T14:34:06.656+0530][181356.932s] GC(17) Humongous regions: 7->7
[2025-06-28T14:34:06.656+0530][181356.932s] GC(17) Metaspace: 54672K(55168K)->54672K(55168K) NonClass: 48386K(48640K)->48386K(48640K) Class: 6286K(6528K)->6286K(6528K)
[2025-06-28T14:34:06.657+0530][181356.933s] GC(17) Pause Young (Normal) (G1 Evacuation Pause) 340M->49M(512M) 39.637ms
[2025-06-28T14:34:06.657+0530][181356.933s] GC(17) User=0.03s Sys=0.14s Real=0.04s
