[2024-01-13T13:58:05.300+0530][0.012s] Heap region size: 1M
[2024-01-13T13:58:05.448+0530][0.165s] Using G1
[2024-01-13T13:58:05.448+0530][0.165s] Heap address: 0x00000000e0000000, size: 512 MB, Compressed Oops mode: 32-bit
[2024-01-13T13:58:06.148+0530][0.861s] GC(0) Pause Young (Normal) (G1 Evacuation Pause)
[2024-01-13T13:58:06.148+0530][0.861s] GC(0) Using 10 workers of 10 for evacuation
[2024-01-13T13:58:06.164+0530][0.876s] GC(0)   Pre Evacuate Collection Set: 0.0ms
[2024-01-13T13:58:06.164+0530][0.876s] GC(0)   Evacuate Collection Set: 14.0ms
[2024-01-13T13:58:06.164+0530][0.876s] GC(0)   Post Evacuate Collection Set: 0.4ms
[2024-01-13T13:58:06.164+0530][0.876s] GC(0)   Other: 0.5ms
[2024-01-13T13:58:06.164+0530][0.876s] GC(0) Eden regions: 30->0(303)
[2024-01-13T13:58:06.164+0530][0.876s] GC(0) Survivor regions: 0->4(4)
[2024-01-13T13:58:06.164+0530][0.876s] GC(0) Old regions: 0->1
[2024-01-13T13:58:06.164+0530][0.876s] GC(0) Humongous regions: 0->0
[2024-01-13T13:58:06.164+0530][0.876s] GC(0) Metaspace: 16446K(17152K)->16446K(17152K) NonClass: 14675K(15104K)->14675K(15104K) Class: 1770K(2048K)->1770K(2048K)
[2024-01-13T13:58:06.164+0530][0.876s] GC(0) Pause Young (Normal) (G1 Evacuation Pause) 30M->4M(512M) 15.249ms
[2024-01-13T13:58:06.164+0530][0.876s] GC(0) User=0.00s Sys=0.02s Real=0.02s
[2024-01-13T13:58:06.380+0530][1.093s] GC(1) Pause Young (Concurrent Start) (Metadata GC Threshold)
[2024-01-13T13:58:06.380+0530][1.093s] GC(1) Using 10 workers of 10 for evacuation
[2024-01-13T13:58:06.391+0530][1.102s] GC(1)   Pre Evacuate Collection Set: 0.0ms
[2024-01-13T13:58:06.391+0530][1.102s] GC(1)   Evacuate Collection Set: 8.0ms
[2024-01-13T13:58:06.391+0530][1.102s] GC(1)   Post Evacuate Collection Set: 0.4ms
[2024-01-13T13:58:06.391+0530][1.102s] GC(1)   Other: 0.3ms
[2024-01-13T13:58:06.391+0530][1.102s] GC(1) Eden regions: 18->0(52)
[2024-01-13T13:58:06.391+0530][1.102s] GC(1) Survivor regions: 4->12(39)
[2024-01-13T13:58:06.391+0530][1.102s] GC(1) Old regions: 1->1
[2024-01-13T13:58:06.391+0530][1.102s] GC(1) Humongous regions: 4->4
[2024-01-13T13:58:06.391+0530][1.102s] GC(1) Metaspace: 20628K(21248K)->20628K(21248K) NonClass: 18377K(18688K)->18377K(18688K) Class: 2251K(2560K)->2251K(2560K)
[2024-01-13T13:58:06.391+0530][1.102s] GC(1) Pause Young (Concurrent Start) (Metadata GC Threshold) 25M->15M(512M) 8.875ms
[2024-01-13T13:58:06.391+0530][1.102s] GC(1) User=0.02s Sys=0.00s Real=0.01s
[2024-01-13T13:58:06.391+0530][1.102s] GC(2) Concurrent Cycle
[2024-01-13T13:58:06.391+0530][1.102s] GC(2) Concurrent Clear Claimed Marks
[2024-01-13T13:58:06.391+0530][1.102s] GC(2) Concurrent Clear Claimed Marks 0.029ms
[2024-01-13T13:58:06.391+0530][1.102s] GC(2) Concurrent Scan Root Regions
[2024-01-13T13:58:06.391+0530][1.105s] GC(2) Concurrent Scan Root Regions 2.016ms
[2024-01-13T13:58:06.391+0530][1.105s] GC(2) Concurrent Mark (1.105s)
[2024-01-13T13:58:06.391+0530][1.105s] GC(2) Concurrent Mark From Roots
[2024-01-13T13:58:06.391+0530][1.105s] GC(2) Using 3 workers of 3 for marking
[2024-01-13T13:58:06.391+0530][1.105s] GC(2) Concurrent Mark From Roots 0.720ms
[2024-01-13T13:58:06.391+0530][1.105s] GC(2) Concurrent Preclean
[2024-01-13T13:58:06.391+0530][1.105s] GC(2) Concurrent Preclean 0.036ms
[2024-01-13T13:58:06.391+0530][1.105s] GC(2) Concurrent Mark (1.105s, 1.105s) 0.800ms
[2024-01-13T13:58:06.391+0530][1.106s] GC(2) Pause Remark
[2024-01-13T13:58:06.391+0530][1.107s] GC(2) Cleaned string and symbol table, strings: 9709 processed, 0 removed, symbols: 68562 processed, 19 removed
[2024-01-13T13:58:06.391+0530][1.107s] GC(2) Pause Remark 16M->16M(512M) 1.239ms
[2024-01-13T13:58:06.391+0530][1.107s] GC(2) User=0.00s Sys=0.00s Real=0.00s
[2024-01-13T13:58:06.391+0530][1.107s] GC(2) Concurrent Rebuild Remembered Sets
[2024-01-13T13:58:06.396+0530][1.108s] GC(2) Concurrent Rebuild Remembered Sets 0.879ms
[2024-01-13T13:58:06.396+0530][1.108s] GC(2) Pause Cleanup
[2024-01-13T13:58:06.396+0530][1.108s] GC(2) Pause Cleanup 16M->16M(512M) 0.079ms
[2024-01-13T13:58:06.396+0530][1.108s] GC(2) User=0.00s Sys=0.00s Real=0.00s
[2024-01-13T13:58:06.396+0530][1.108s] GC(2) Concurrent Cleanup for Next Mark
[2024-01-13T13:58:06.396+0530][1.108s] GC(2) Concurrent Cleanup for Next Mark 0.417ms
[2024-01-13T13:58:06.396+0530][1.108s] GC(2) Concurrent Cycle 6.004ms
[2024-01-13T13:58:06.922+0530][1.633s] GC(3) Pause Young (Normal) (G1 Evacuation Pause)
[2024-01-13T13:58:06.922+0530][1.633s] GC(3) Using 10 workers of 10 for evacuation
[2024-01-13T13:58:06.922+0530][1.639s] GC(3)   Pre Evacuate Collection Set: 0.0ms
[2024-01-13T13:58:06.922+0530][1.639s] GC(3)   Evacuate Collection Set: 4.9ms
[2024-01-13T13:58:06.922+0530][1.639s] GC(3)   Post Evacuate Collection Set: 0.5ms
[2024-01-13T13:58:06.922+0530][1.639s] GC(3)   Other: 0.1ms
[2024-01-13T13:58:06.922+0530][1.639s] GC(3) Eden regions: 44->0(66)
[2024-01-13T13:58:06.922+0530][1.639s] GC(3) Survivor regions: 12->7(7)
[2024-01-13T13:58:06.922+0530][1.639s] GC(3) Old regions: 1->13
[2024-01-13T13:58:06.922+0530][1.639s] GC(3) Humongous regions: 4->4
[2024-01-13T13:58:06.922+0530][1.639s] GC(3) Metaspace: 24752K(25472K)->24752K(25472K) NonClass: 22055K(22528K)->22055K(22528K) Class: 2697K(2944K)->2697K(2944K)
[2024-01-13T13:58:06.922+0530][1.639s] GC(3) Pause Young (Normal) (G1 Evacuation Pause) 59M->23M(512M) 5.700ms
[2024-01-13T13:58:06.922+0530][1.639s] GC(3) User=0.00s Sys=0.00s Real=0.00s
[2024-01-13T13:58:07.442+0530][2.153s] GC(4) Pause Young (Normal) (G1 Evacuation Pause)
[2024-01-13T13:58:07.442+0530][2.153s] GC(4) Using 10 workers of 10 for evacuation
[2024-01-13T13:58:07.442+0530][2.155s] GC(4)   Pre Evacuate Collection Set: 0.0ms
[2024-01-13T13:58:07.442+0530][2.155s] GC(4)   Evacuate Collection Set: 1.4ms
[2024-01-13T13:58:07.442+0530][2.155s] GC(4)   Post Evacuate Collection Set: 0.2ms
[2024-01-13T13:58:07.442+0530][2.155s] GC(4)   Other: 0.1ms
[2024-01-13T13:58:07.442+0530][2.155s] GC(4) Eden regions: 66->0(110)
[2024-01-13T13:58:07.442+0530][2.155s] GC(4) Survivor regions: 7->2(10)
[2024-01-13T13:58:07.442+0530][2.155s] GC(4) Old regions: 13->19
[2024-01-13T13:58:07.442+0530][2.155s] GC(4) Humongous regions: 4->4
[2024-01-13T13:58:07.442+0530][2.155s] GC(4) Metaspace: 32177K(33024K)->32177K(33024K) NonClass: 28669K(29184K)->28669K(29184K) Class: 3508K(3840K)->3508K(3840K)
[2024-01-13T13:58:07.442+0530][2.155s] GC(4) Pause Young (Normal) (G1 Evacuation Pause) 89M->24M(512M) 1.921ms
[2024-01-13T13:58:07.442+0530][2.155s] GC(4) User=0.00s Sys=0.00s Real=0.00s
[2024-01-13T13:58:07.573+0530][2.285s] GC(5) Pause Young (Concurrent Start) (Metadata GC Threshold)
[2024-01-13T13:58:07.573+0530][2.285s] GC(5) Using 10 workers of 10 for evacuation
[2024-01-13T13:58:07.573+0530][2.287s] GC(5)   Pre Evacuate Collection Set: 0.0ms
[2024-01-13T13:58:07.573+0530][2.287s] GC(5)   Evacuate Collection Set: 1.8ms
[2024-01-13T13:58:07.573+0530][2.287s] GC(5)   Post Evacuate Collection Set: 0.2ms
[2024-01-13T13:58:07.573+0530][2.287s] GC(5)   Other: 0.1ms
[2024-01-13T13:58:07.573+0530][2.287s] GC(5) Eden regions: 13->0(123)
[2024-01-13T13:58:07.573+0530][2.287s] GC(5) Survivor regions: 2->2(14)
[2024-01-13T13:58:07.573+0530][2.287s] GC(5) Old regions: 19->19
[2024-01-13T13:58:07.573+0530][2.287s] GC(5) Humongous regions: 4->4
[2024-01-13T13:58:07.573+0530][2.287s] GC(5) Metaspace: 35049K(35840K)->35049K(35840K) NonClass: 31183K(31616K)->31183K(31616K) Class: 3866K(4224K)->3866K(4224K)
[2024-01-13T13:58:07.573+0530][2.287s] GC(5) Pause Young (Concurrent Start) (Metadata GC Threshold) 36M->24M(512M) 2.296ms
[2024-01-13T13:58:07.573+0530][2.287s] GC(5) User=0.00s Sys=0.00s Real=0.00s
[2024-01-13T13:58:07.573+0530][2.287s] GC(6) Concurrent Cycle
[2024-01-13T13:58:07.573+0530][2.287s] GC(6) Concurrent Clear Claimed Marks
[2024-01-13T13:58:07.573+0530][2.287s] GC(6) Concurrent Clear Claimed Marks 0.017ms
[2024-01-13T13:58:07.573+0530][2.287s] GC(6) Concurrent Scan Root Regions
[2024-01-13T13:58:07.573+0530][2.288s] GC(6) Concurrent Scan Root Regions 0.713ms
[2024-01-13T13:58:07.573+0530][2.288s] GC(6) Concurrent Mark (2.288s)
[2024-01-13T13:58:07.573+0530][2.288s] GC(6) Concurrent Mark From Roots
[2024-01-13T13:58:07.573+0530][2.288s] GC(6) Using 3 workers of 3 for marking
[2024-01-13T13:58:07.583+0530][2.295s] GC(6) Concurrent Mark From Roots 6.968ms
[2024-01-13T13:58:07.583+0530][2.295s] GC(6) Concurrent Preclean
[2024-01-13T13:58:07.583+0530][2.295s] GC(6) Concurrent Preclean 0.084ms
[2024-01-13T13:58:07.583+0530][2.295s] GC(6) Concurrent Mark (2.288s, 2.295s) 7.168ms
[2024-01-13T13:58:07.583+0530][2.295s] GC(6) Pause Remark
[2024-01-13T13:58:07.583+0530][2.297s] GC(6) Cleaned string and symbol table, strings: 15724 processed, 27 removed, symbols: 115465 processed, 42 removed
[2024-01-13T13:58:07.583+0530][2.297s] GC(6) Pause Remark 25M->25M(512M) 1.686ms
[2024-01-13T13:58:07.583+0530][2.297s] GC(6) User=0.00s Sys=0.00s Real=0.00s
[2024-01-13T13:58:07.583+0530][2.297s] GC(6) Concurrent Rebuild Remembered Sets
[2024-01-13T13:58:07.588+0530][2.300s] GC(6) Concurrent Rebuild Remembered Sets 2.900ms
[2024-01-13T13:58:07.588+0530][2.301s] GC(6) Pause Cleanup
[2024-01-13T13:58:07.589+0530][2.301s] GC(6) Pause Cleanup 25M->25M(512M) 0.087ms
[2024-01-13T13:58:07.589+0530][2.301s] GC(6) User=0.00s Sys=0.00s Real=0.00s
[2024-01-13T13:58:07.589+0530][2.301s] GC(6) Concurrent Cleanup for Next Mark
[2024-01-13T13:58:07.589+0530][2.301s] GC(6) Concurrent Cleanup for Next Mark 0.288ms
[2024-01-13T13:58:07.589+0530][2.301s] GC(6) Concurrent Cycle 13.754ms
