[2025-03-22T11:44:20.166+0530][0.015s] Using G1
[2025-03-22T11:44:20.287+0530][0.137s] Version: 17.0.12+8-LTS-286 (release)
[2025-03-22T11:44:20.287+0530][0.137s] CPUs: 12 total, 12 available
[2025-03-22T11:44:20.287+0530][0.137s] Memory: 16107M
[2025-03-22T11:44:20.287+0530][0.137s] Large Page Support: Disabled
[2025-03-22T11:44:20.287+0530][0.137s] NUMA Support: Disabled
[2025-03-22T11:44:20.287+0530][0.137s] Compressed Oops: Enabled (32-bit)
[2025-03-22T11:44:20.287+0530][0.137s] Heap Region Size: 1M
[2025-03-22T11:44:20.287+0530][0.137s] Heap Min Capacity: 512M
[2025-03-22T11:44:20.287+0530][0.137s] Heap Initial Capacity: 512M
[2025-03-22T11:44:20.287+0530][0.137s] Heap Max Capacity: 512M
[2025-03-22T11:44:20.287+0530][0.137s] Pre-touch: Enabled
[2025-03-22T11:44:20.287+0530][0.137s] Parallel Workers: 10
[2025-03-22T11:44:20.287+0530][0.137s] Concurrent Workers: 3
[2025-03-22T11:44:20.287+0530][0.137s] Concurrent Refinement Workers: 10
[2025-03-22T11:44:20.287+0530][0.137s] Periodic GC: Disabled
[2025-03-22T11:44:20.297+0530][0.146s] CDS archive(s) mapped at: [0x00000272ca000000-0x00000272cabd0000-0x00000272cabd0000), size 12386304, SharedBaseAddress: 0x00000272ca000000, ArchiveRelocationMode: 1.
[2025-03-22T11:44:20.297+0530][0.146s] Compressed class space mapped at: 0x00000272cb000000-0x000002730b000000, reserved size: 1073741824
[2025-03-22T11:44:20.297+0530][0.146s] Narrow klass base: 0x00000272ca000000, Narrow klass shift: 0, Narrow klass range: 0x100000000
[2025-03-22T11:44:26.744+0530][6.594s] GC(0) Pause Young (Normal) (G1 Evacuation Pause)
[2025-03-22T11:44:26.745+0530][6.595s] GC(0) Using 10 workers of 10 for evacuation
[2025-03-22T11:44:26.752+0530][6.602s] GC(0)   Pre Evacuate Collection Set: 0.1ms
[2025-03-22T11:44:26.752+0530][6.602s] GC(0)   Merge Heap Roots: 0.1ms
[2025-03-22T11:44:26.752+0530][6.602s] GC(0)   Evacuate Collection Set: 5.1ms
[2025-03-22T11:44:26.752+0530][6.602s] GC(0)   Post Evacuate Collection Set: 0.9ms
[2025-03-22T11:44:26.752+0530][6.602s] GC(0)   Other: 1.1ms
[2025-03-22T11:44:26.752+0530][6.602s] GC(0) Eden regions: 29->0(37)
[2025-03-22T11:44:26.752+0530][6.602s] GC(0) Survivor regions: 0->4(4)
[2025-03-22T11:44:26.752+0530][6.602s] GC(0) Old regions: 0->3
[2025-03-22T11:44:26.752+0530][6.602s] GC(0) Archive regions: 0->0
[2025-03-22T11:44:26.752+0530][6.602s] GC(0) Humongous regions: 4->4
[2025-03-22T11:44:26.752+0530][6.602s] GC(0) Metaspace: 9877K(10112K)->9877K(10112K) NonClass: 8700K(8768K)->8700K(8768K) Class: 1177K(1344K)->1177K(1344K)
[2025-03-22T11:44:26.753+0530][6.603s] GC(0) Pause Young (Normal) (G1 Evacuation Pause) 33M->10M(512M) 8.307ms
[2025-03-22T11:44:26.753+0530][6.603s] GC(0) User=0.05s Sys=0.05s Real=0.01s
[2025-03-22T11:44:27.781+0530][7.630s] GC(1) Pause Young (Normal) (G1 Evacuation Pause)
[2025-03-22T11:44:27.781+0530][7.630s] GC(1) Using 10 workers of 10 for evacuation
[2025-03-22T11:44:27.788+0530][7.638s] GC(1)   Pre Evacuate Collection Set: 0.1ms
[2025-03-22T11:44:27.788+0530][7.638s] GC(1)   Merge Heap Roots: 0.1ms
[2025-03-22T11:44:27.788+0530][7.638s] GC(1)   Evacuate Collection Set: 6.1ms
[2025-03-22T11:44:27.788+0530][7.638s] GC(1)   Post Evacuate Collection Set: 0.8ms
[2025-03-22T11:44:27.788+0530][7.638s] GC(1)   Other: 0.1ms
[2025-03-22T11:44:27.788+0530][7.638s] GC(1) Eden regions: 31->0(46)
[2025-03-22T11:44:27.788+0530][7.638s] GC(1) Survivor regions: 4->5(5)
[2025-03-22T11:44:27.788+0530][7.638s] GC(1) Old regions: 3->11
[2025-03-22T11:44:27.788+0530][7.638s] GC(1) Archive regions: 0->0
[2025-03-22T11:44:27.788+0530][7.638s] GC(1) Humongous regions: 4->4
[2025-03-22T11:44:27.788+0530][7.638s] GC(1) Metaspace: 15546K(15744K)->15546K(15744K) NonClass: 13719K(13824K)->13719K(13824K) Class: 1826K(1920K)->1826K(1920K)
[2025-03-22T11:44:27.788+0530][7.638s] GC(1) Pause Young (Normal) (G1 Evacuation Pause) 41M->19M(512M) 7.466ms
[2025-03-22T11:44:27.788+0530][7.638s] GC(1) User=0.00s Sys=0.00s Real=0.01s
[2025-03-22T11:44:28.582+0530][8.431s] GC(2) Pause Young (Concurrent Start) (Metadata GC Threshold)
[2025-03-22T11:44:28.582+0530][8.431s] GC(2) Using 10 workers of 10 for evacuation
[2025-03-22T11:44:28.589+0530][8.439s] GC(2)   Pre Evacuate Collection Set: 0.3ms
[2025-03-22T11:44:28.589+0530][8.439s] GC(2)   Merge Heap Roots: 0.2ms
[2025-03-22T11:44:28.589+0530][8.439s] GC(2)   Evacuate Collection Set: 4.8ms
[2025-03-22T11:44:28.589+0530][8.439s] GC(2)   Post Evacuate Collection Set: 1.7ms
[2025-03-22T11:44:28.589+0530][8.439s] GC(2)   Other: 1.0ms
[2025-03-22T11:44:28.589+0530][8.439s] GC(2) Eden regions: 46->0(121)
[2025-03-22T11:44:28.590+0530][8.439s] GC(2) Survivor regions: 5->5(7)
[2025-03-22T11:44:28.590+0530][8.440s] GC(2) Old regions: 11->16
[2025-03-22T11:44:28.590+0530][8.440s] GC(2) Archive regions: 0->0
[2025-03-22T11:44:28.590+0530][8.440s] GC(2) Humongous regions: 4->4
[2025-03-22T11:44:28.590+0530][8.440s] GC(2) Metaspace: 21269K(21504K)->21269K(21504K) NonClass: 18859K(18944K)->18859K(18944K) Class: 2409K(2560K)->2409K(2560K)
[2025-03-22T11:44:28.590+0530][8.440s] GC(2) Pause Young (Concurrent Start) (Metadata GC Threshold) 65M->24M(512M) 8.421ms
[2025-03-22T11:44:28.590+0530][8.440s] GC(2) User=0.00s Sys=0.00s Real=0.01s
[2025-03-22T11:44:28.590+0530][8.440s] GC(3) Concurrent Mark Cycle
[2025-03-22T11:44:28.590+0530][8.440s] GC(3) Concurrent Clear Claimed Marks
[2025-03-22T11:44:28.590+0530][8.440s] GC(3) Concurrent Clear Claimed Marks 0.096ms
[2025-03-22T11:44:28.590+0530][8.440s] GC(3) Concurrent Scan Root Regions
[2025-03-22T11:44:28.594+0530][8.444s] GC(3) Concurrent Scan Root Regions 3.414ms
[2025-03-22T11:44:28.594+0530][8.444s] GC(3) Concurrent Mark
[2025-03-22T11:44:28.594+0530][8.444s] GC(3) Concurrent Mark From Roots
[2025-03-22T11:44:28.594+0530][8.444s] GC(3) Using 3 workers of 3 for marking
[2025-03-22T11:44:28.611+0530][8.460s] GC(3) Concurrent Mark From Roots 16.389ms
[2025-03-22T11:44:28.611+0530][8.460s] GC(3) Concurrent Preclean
[2025-03-22T11:44:28.611+0530][8.460s] GC(3) Concurrent Preclean 0.216ms
[2025-03-22T11:44:28.611+0530][8.461s] GC(3) Pause Remark
[2025-03-22T11:44:28.616+0530][8.465s] GC(3) Pause Remark 25M->25M(512M) 4.296ms
[2025-03-22T11:44:28.616+0530][8.465s] GC(3) User=0.00s Sys=0.00s Real=0.00s
[2025-03-22T11:44:28.616+0530][8.465s] GC(3) Concurrent Mark 21.619ms
[2025-03-22T11:44:28.616+0530][8.465s] GC(3) Concurrent Rebuild Remembered Sets
[2025-03-22T11:44:28.626+0530][8.475s] GC(3) Concurrent Rebuild Remembered Sets 9.613ms
[2025-03-22T11:44:28.626+0530][8.475s] GC(3) Pause Cleanup
[2025-03-22T11:44:28.627+0530][8.476s] GC(3) Pause Cleanup 25M->25M(512M) 0.388ms
[2025-03-22T11:44:28.627+0530][8.476s] GC(3) User=0.00s Sys=0.00s Real=0.00s
[2025-03-22T11:44:28.627+0530][8.476s] GC(3) Concurrent Cleanup for Next Mark
[2025-03-22T11:44:28.627+0530][8.477s] GC(3) Concurrent Cleanup for Next Mark 0.639ms
[2025-03-22T11:44:28.627+0530][8.477s] GC(3) Concurrent Mark Cycle 36.961ms
[2025-03-22T11:44:32.640+0530][12.489s] GC(4) Pause Young (Concurrent Start) (Metadata GC Threshold)
[2025-03-22T11:44:32.640+0530][12.489s] GC(4) Using 10 workers of 10 for evacuation
[2025-03-22T11:44:32.651+0530][12.500s] GC(4)   Pre Evacuate Collection Set: 0.4ms
[2025-03-22T11:44:32.651+0530][12.500s] GC(4)   Merge Heap Roots: 0.2ms
[2025-03-22T11:44:32.651+0530][12.500s] GC(4)   Evacuate Collection Set: 8.0ms
[2025-03-22T11:44:32.651+0530][12.500s] GC(4)   Post Evacuate Collection Set: 2.2ms
[2025-03-22T11:44:32.651+0530][12.500s] GC(4)   Other: 0.4ms
[2025-03-22T11:44:32.651+0530][12.500s] GC(4) Eden regions: 87->0(295)
[2025-03-22T11:44:32.651+0530][12.500s] GC(4) Survivor regions: 5->12(16)
[2025-03-22T11:44:32.651+0530][12.500s] GC(4) Old regions: 16->16
[2025-03-22T11:44:32.651+0530][12.500s] GC(4) Archive regions: 0->0
[2025-03-22T11:44:32.651+0530][12.500s] GC(4) Humongous regions: 5->4
[2025-03-22T11:44:32.651+0530][12.500s] GC(4) Metaspace: 35797K(36096K)->35797K(36096K) NonClass: 31591K(31744K)->31591K(31744K) Class: 4205K(4352K)->4205K(4352K)
[2025-03-22T11:44:32.651+0530][12.501s] GC(4) Pause Young (Concurrent Start) (Metadata GC Threshold) 112M->30M(512M) 11.610ms
[2025-03-22T11:44:32.651+0530][12.501s] GC(4) User=0.00s Sys=0.00s Real=0.01s
[2025-03-22T11:44:32.651+0530][12.501s] GC(5) Concurrent Mark Cycle
[2025-03-22T11:44:32.651+0530][12.501s] GC(5) Concurrent Clear Claimed Marks
[2025-03-22T11:44:32.651+0530][12.501s] GC(5) Concurrent Clear Claimed Marks 0.056ms
[2025-03-22T11:44:32.651+0530][12.501s] GC(5) Concurrent Scan Root Regions
[2025-03-22T11:44:32.656+0530][12.505s] GC(5) Concurrent Scan Root Regions 4.487ms
[2025-03-22T11:44:32.656+0530][12.506s] GC(5) Concurrent Mark
[2025-03-22T11:44:32.656+0530][12.506s] GC(5) Concurrent Mark From Roots
[2025-03-22T11:44:32.656+0530][12.506s] GC(5) Using 3 workers of 3 for marking
[2025-03-22T11:44:32.681+0530][12.531s] GC(5) Concurrent Mark From Roots 25.187ms
[2025-03-22T11:44:32.681+0530][12.531s] GC(5) Concurrent Preclean
[2025-03-22T11:44:32.682+0530][12.531s] GC(5) Concurrent Preclean 0.259ms
[2025-03-22T11:44:32.682+0530][12.532s] GC(5) Pause Remark
[2025-03-22T11:44:32.689+0530][12.538s] GC(5) Pause Remark 32M->32M(512M) 6.692ms
[2025-03-22T11:44:32.689+0530][12.539s] GC(5) User=0.05s Sys=0.02s Real=0.01s
[2025-03-22T11:44:32.690+0530][12.539s] GC(5) Concurrent Mark 33.319ms
[2025-03-22T11:44:32.690+0530][12.539s] GC(5) Concurrent Rebuild Remembered Sets
[2025-03-22T11:44:32.702+0530][12.552s] GC(5) Concurrent Rebuild Remembered Sets 12.859ms
[2025-03-22T11:44:32.702+0530][12.552s] GC(5) Pause Cleanup
[2025-03-22T11:44:32.703+0530][12.553s] GC(5) Pause Cleanup 32M->32M(512M) 0.436ms
[2025-03-22T11:44:32.703+0530][12.553s] GC(5) User=0.00s Sys=0.00s Real=0.00s
[2025-03-22T11:44:32.703+0530][12.553s] GC(5) Concurrent Cleanup for Next Mark
[2025-03-22T11:44:32.704+0530][12.554s] GC(5) Concurrent Cleanup for Next Mark 0.775ms
[2025-03-22T11:44:32.704+0530][12.554s] GC(5) Concurrent Mark Cycle 53.302ms
[2025-03-22T12:56:29.406+0530][4329.256s] GC(6) Pause Young (Normal) (G1 Evacuation Pause)
[2025-03-22T12:56:29.407+0530][4329.257s] GC(6) Using 10 workers of 10 for evacuation
[2025-03-22T12:56:29.719+0530][4329.569s] GC(6) MMU target violated: 251.0ms (250.0ms/251.0ms)
[2025-03-22T12:56:29.720+0530][4329.570s] GC(6)   Pre Evacuate Collection Set: 1.8ms
[2025-03-22T12:56:29.720+0530][4329.570s] GC(6)   Merge Heap Roots: 0.5ms
[2025-03-22T12:56:29.720+0530][4329.570s] GC(6)   Evacuate Collection Set: 305.9ms
[2025-03-22T12:56:29.720+0530][4329.570s] GC(6)   Post Evacuate Collection Set: 4.0ms
[2025-03-22T12:56:29.720+0530][4329.570s] GC(6)   Other: 1.7ms
[2025-03-22T12:56:29.720+0530][4329.570s] GC(6) Eden regions: 295->0(182)
[2025-03-22T12:56:29.720+0530][4329.570s] GC(6) Survivor regions: 12->25(39)
[2025-03-22T12:56:29.720+0530][4329.570s] GC(6) Old regions: 16->16
[2025-03-22T12:56:29.720+0530][4329.570s] GC(6) Archive regions: 0->0
[2025-03-22T12:56:29.720+0530][4329.570s] GC(6) Humongous regions: 4->4
[2025-03-22T12:56:29.720+0530][4329.570s] GC(6) Metaspace: 49769K(50240K)->49769K(50240K) NonClass: 43760K(43968K)->43760K(43968K) Class: 6008K(6272K)->6008K(6272K)
[2025-03-22T12:56:29.720+0530][4329.570s] GC(6) Pause Young (Normal) (G1 Evacuation Pause) 325M->43M(512M) 313.877ms
[2025-03-22T12:56:29.720+0530][4329.570s] GC(6) User=0.20s Sys=0.14s Real=0.31s
