[2025-06-08T23:37:36.478+0530][0.013s] Using G1
[2025-06-08T23:37:36.557+0530][0.092s] Version: 17.0.12+8-LTS-286 (release)
[2025-06-08T23:37:36.557+0530][0.092s] CPUs: 12 total, 12 available
[2025-06-08T23:37:36.557+0530][0.092s] Memory: 16107M
[2025-06-08T23:37:36.557+0530][0.092s] Large Page Support: Disabled
[2025-06-08T23:37:36.557+0530][0.092s] NUMA Support: Disabled
[2025-06-08T23:37:36.557+0530][0.092s] Compressed Oops: Enabled (32-bit)
[2025-06-08T23:37:36.557+0530][0.092s] Heap Region Size: 1M
[2025-06-08T23:37:36.557+0530][0.092s] Heap Min Capacity: 512M
[2025-06-08T23:37:36.557+0530][0.092s] Heap Initial Capacity: 512M
[2025-06-08T23:37:36.557+0530][0.092s] Heap Max Capacity: 512M
[2025-06-08T23:37:36.557+0530][0.092s] Pre-touch: Enabled
[2025-06-08T23:37:36.557+0530][0.093s] Parallel Workers: 10
[2025-06-08T23:37:36.557+0530][0.093s] Concurrent Workers: 3
[2025-06-08T23:37:36.557+0530][0.093s] Concurrent Refinement Workers: 10
[2025-06-08T23:37:36.557+0530][0.093s] Periodic GC: Disabled
[2025-06-08T23:37:36.565+0530][0.100s] CDS archive(s) mapped at: [0x0000018e53000000-0x0000018e53bd0000-0x0000018e53bd0000), size 12386304, SharedBaseAddress: 0x0000018e53000000, ArchiveRelocationMode: 1.
[2025-06-08T23:37:36.565+0530][0.100s] Compressed class space mapped at: 0x0000018e54000000-0x0000018e94000000, reserved size: 1073741824
[2025-06-08T23:37:36.565+0530][0.100s] Narrow klass base: 0x0000018e53000000, Narrow klass shift: 0, Narrow klass range: 0x100000000
[2025-06-08T23:37:44.512+0530][8.048s] GC(0) Pause Young (Normal) (G1 Evacuation Pause)
[2025-06-08T23:37:44.513+0530][8.049s] GC(0) Using 10 workers of 10 for evacuation
[2025-06-08T23:37:44.523+0530][8.058s] GC(0)   Pre Evacuate Collection Set: 0.3ms
[2025-06-08T23:37:44.523+0530][8.058s] GC(0)   Merge Heap Roots: 0.2ms
[2025-06-08T23:37:44.523+0530][8.058s] GC(0)   Evacuate Collection Set: 7.7ms
[2025-06-08T23:37:44.523+0530][8.058s] GC(0)   Post Evacuate Collection Set: 0.8ms
[2025-06-08T23:37:44.523+0530][8.058s] GC(0)   Other: 1.2ms
[2025-06-08T23:37:44.523+0530][8.058s] GC(0) Eden regions: 29->0(36)
[2025-06-08T23:37:44.523+0530][8.058s] GC(0) Survivor regions: 0->4(4)
[2025-06-08T23:37:44.523+0530][8.058s] GC(0) Old regions: 0->3
[2025-06-08T23:37:44.523+0530][8.058s] GC(0) Archive regions: 0->0
[2025-06-08T23:37:44.523+0530][8.058s] GC(0) Humongous regions: 4->4
[2025-06-08T23:37:44.523+0530][8.058s] GC(0) Metaspace: 9940K(10176K)->9940K(10176K) NonClass: 8762K(8832K)->8762K(8832K) Class: 1178K(1344K)->1178K(1344K)
[2025-06-08T23:37:44.523+0530][8.058s] GC(0) Pause Young (Normal) (G1 Evacuation Pause) 33M->10M(512M) 10.334ms
[2025-06-08T23:37:44.523+0530][8.058s] GC(0) User=0.09s Sys=0.03s Real=0.01s
[2025-06-08T23:37:46.428+0530][9.964s] GC(1) Pause Young (Normal) (G1 Evacuation Pause)
[2025-06-08T23:37:46.428+0530][9.964s] GC(1) Using 10 workers of 10 for evacuation
[2025-06-08T23:37:46.436+0530][9.971s] GC(1)   Pre Evacuate Collection Set: 0.1ms
[2025-06-08T23:37:46.436+0530][9.971s] GC(1)   Merge Heap Roots: 0.2ms
[2025-06-08T23:37:46.436+0530][9.971s] GC(1)   Evacuate Collection Set: 6.4ms
[2025-06-08T23:37:46.436+0530][9.971s] GC(1)   Post Evacuate Collection Set: 0.9ms
[2025-06-08T23:37:46.436+0530][9.971s] GC(1)   Other: 0.1ms
[2025-06-08T23:37:46.436+0530][9.971s] GC(1) Eden regions: 32->0(46)
[2025-06-08T23:37:46.436+0530][9.971s] GC(1) Survivor regions: 4->5(5)
[2025-06-08T23:37:46.436+0530][9.971s] GC(1) Old regions: 3->11
[2025-06-08T23:37:46.436+0530][9.971s] GC(1) Archive regions: 0->0
[2025-06-08T23:37:46.436+0530][9.971s] GC(1) Humongous regions: 4->4
[2025-06-08T23:37:46.436+0530][9.971s] GC(1) Metaspace: 15616K(15872K)->15616K(15872K) NonClass: 13789K(13952K)->13789K(13952K) Class: 1827K(1920K)->1827K(1920K)
[2025-06-08T23:37:46.436+0530][9.971s] GC(1) Pause Young (Normal) (G1 Evacuation Pause) 42M->19M(512M) 7.735ms
[2025-06-08T23:37:46.436+0530][9.971s] GC(1) User=0.00s Sys=0.00s Real=0.01s
[2025-06-08T23:37:48.212+0530][11.747s] GC(2) Pause Young (Concurrent Start) (Metadata GC Threshold)
[2025-06-08T23:37:48.212+0530][11.747s] GC(2) Using 10 workers of 10 for evacuation
[2025-06-08T23:37:48.220+0530][11.755s] GC(2)   Pre Evacuate Collection Set: 0.2ms
[2025-06-08T23:37:48.220+0530][11.755s] GC(2)   Merge Heap Roots: 0.1ms
[2025-06-08T23:37:48.220+0530][11.755s] GC(2)   Evacuate Collection Set: 6.3ms
[2025-06-08T23:37:48.220+0530][11.755s] GC(2)   Post Evacuate Collection Set: 0.8ms
[2025-06-08T23:37:48.220+0530][11.755s] GC(2)   Other: 0.4ms
[2025-06-08T23:37:48.220+0530][11.755s] GC(2) Eden regions: 44->0(201)
[2025-06-08T23:37:48.220+0530][11.755s] GC(2) Survivor regions: 5->5(7)
[2025-06-08T23:37:48.220+0530][11.755s] GC(2) Old regions: 11->16
[2025-06-08T23:37:48.220+0530][11.755s] GC(2) Archive regions: 0->0
[2025-06-08T23:37:48.220+0530][11.755s] GC(2) Humongous regions: 4->4
[2025-06-08T23:37:48.220+0530][11.755s] GC(2) Metaspace: 21249K(21504K)->21249K(21504K) NonClass: 18851K(18944K)->18851K(18944K) Class: 2398K(2560K)->2398K(2560K)
[2025-06-08T23:37:48.220+0530][11.755s] GC(2) Pause Young (Concurrent Start) (Metadata GC Threshold) 63M->24M(512M) 8.034ms
[2025-06-08T23:37:48.220+0530][11.755s] GC(2) User=0.00s Sys=0.00s Real=0.01s
[2025-06-08T23:37:48.220+0530][11.755s] GC(3) Concurrent Mark Cycle
[2025-06-08T23:37:48.220+0530][11.755s] GC(3) Concurrent Clear Claimed Marks
[2025-06-08T23:37:48.220+0530][11.755s] GC(3) Concurrent Clear Claimed Marks 0.017ms
[2025-06-08T23:37:48.220+0530][11.755s] GC(3) Concurrent Scan Root Regions
[2025-06-08T23:37:48.222+0530][11.757s] GC(3) Concurrent Scan Root Regions 1.815ms
[2025-06-08T23:37:48.222+0530][11.757s] GC(3) Concurrent Mark
[2025-06-08T23:37:48.222+0530][11.757s] GC(3) Concurrent Mark From Roots
[2025-06-08T23:37:48.222+0530][11.757s] GC(3) Using 3 workers of 3 for marking
[2025-06-08T23:37:48.226+0530][11.761s] GC(3) Concurrent Mark From Roots 4.053ms
[2025-06-08T23:37:48.226+0530][11.761s] GC(3) Concurrent Preclean
[2025-06-08T23:37:48.226+0530][11.761s] GC(3) Concurrent Preclean 0.038ms
[2025-06-08T23:37:48.227+0530][11.762s] GC(3) Pause Remark
[2025-06-08T23:37:48.229+0530][11.764s] GC(3) Pause Remark 25M->25M(512M) 2.192ms
[2025-06-08T23:37:48.229+0530][11.764s] GC(3) User=0.00s Sys=0.00s Real=0.00s
[2025-06-08T23:37:48.229+0530][11.764s] GC(3) Concurrent Mark 6.760ms
[2025-06-08T23:37:48.229+0530][11.764s] GC(3) Concurrent Rebuild Remembered Sets
[2025-06-08T23:37:48.231+0530][11.767s] GC(3) Concurrent Rebuild Remembered Sets 2.621ms
[2025-06-08T23:37:48.232+0530][11.767s] GC(3) Pause Cleanup
[2025-06-08T23:37:48.232+0530][11.767s] GC(3) Pause Cleanup 25M->25M(512M) 0.214ms
[2025-06-08T23:37:48.232+0530][11.767s] GC(3) User=0.00s Sys=0.00s Real=0.00s
[2025-06-08T23:37:48.232+0530][11.767s] GC(3) Concurrent Cleanup for Next Mark
[2025-06-08T23:37:48.232+0530][11.768s] GC(3) Concurrent Cleanup for Next Mark 0.302ms
[2025-06-08T23:37:48.232+0530][11.768s] GC(3) Concurrent Mark Cycle 12.373ms
[2025-06-08T23:37:50.968+0530][14.502s] GC(4) Pause Young (Prepare Mixed) (Metadata GC Threshold)
[2025-06-08T23:37:50.968+0530][14.503s] GC(4) Using 10 workers of 10 for evacuation
[2025-06-08T23:37:50.971+0530][14.506s] GC(4)   Pre Evacuate Collection Set: 0.1ms
[2025-06-08T23:37:50.971+0530][14.506s] GC(4)   Merge Heap Roots: 0.1ms
[2025-06-08T23:37:50.971+0530][14.506s] GC(4)   Evacuate Collection Set: 2.7ms
[2025-06-08T23:37:50.971+0530][14.506s] GC(4)   Post Evacuate Collection Set: 0.5ms
[2025-06-08T23:37:50.971+0530][14.506s] GC(4)   Other: 0.2ms
[2025-06-08T23:37:50.971+0530][14.506s] GC(4) Eden regions: 75->0(13)
[2025-06-08T23:37:50.971+0530][14.506s] GC(4) Survivor regions: 5->12(26)
[2025-06-08T23:37:50.971+0530][14.506s] GC(4) Old regions: 16->16
[2025-06-08T23:37:50.971+0530][14.506s] GC(4) Archive regions: 0->0
[2025-06-08T23:37:50.971+0530][14.506s] GC(4) Humongous regions: 5->4
[2025-06-08T23:37:50.971+0530][14.506s] GC(4) Metaspace: 35648K(35968K)->35648K(35968K) NonClass: 31474K(31616K)->31474K(31616K) Class: 4174K(4352K)->4174K(4352K)
[2025-06-08T23:37:50.971+0530][14.506s] GC(4) Pause Young (Prepare Mixed) (Metadata GC Threshold) 99M->30M(512M) 3.789ms
[2025-06-08T23:37:50.971+0530][14.506s] GC(4) User=0.00s Sys=0.00s Real=0.00s
[2025-06-08T23:37:51.042+0530][14.578s] GC(5) Pause Young (Mixed) (Metadata GC Threshold)
[2025-06-08T23:37:51.042+0530][14.578s] GC(5) Using 10 workers of 10 for evacuation
[2025-06-08T23:37:51.047+0530][14.582s] GC(5)   Pre Evacuate Collection Set: 0.2ms
[2025-06-08T23:37:51.047+0530][14.582s] GC(5)   Merge Heap Roots: 0.1ms
[2025-06-08T23:37:51.047+0530][14.582s] GC(5)   Evacuate Collection Set: 3.4ms
[2025-06-08T23:37:51.047+0530][14.582s] GC(5)   Post Evacuate Collection Set: 0.8ms
[2025-06-08T23:37:51.047+0530][14.582s] GC(5)   Other: 0.2ms
[2025-06-08T23:37:51.047+0530][14.582s] GC(5) Eden regions: 2->0(306)
[2025-06-08T23:37:51.047+0530][14.582s] GC(5) Survivor regions: 12->1(4)
[2025-06-08T23:37:51.047+0530][14.582s] GC(5) Old regions: 16->27
[2025-06-08T23:37:51.047+0530][14.582s] GC(5) Archive regions: 0->0
[2025-06-08T23:37:51.047+0530][14.582s] GC(5) Humongous regions: 4->4
[2025-06-08T23:37:51.047+0530][14.582s] GC(5) Metaspace: 35994K(36288K)->35994K(36288K) NonClass: 31781K(31936K)->31781K(31936K) Class: 4213K(4352K)->4213K(4352K)
[2025-06-08T23:37:51.047+0530][14.582s] GC(5) Pause Young (Mixed) (Metadata GC Threshold) 32M->30M(512M) 4.757ms
[2025-06-08T23:37:51.047+0530][14.582s] GC(5) User=0.00s Sys=0.00s Real=0.00s
[2025-06-08T23:37:51.104+0530][14.640s] GC(6) Pause Young (Concurrent Start) (Metadata GC Threshold)
[2025-06-08T23:37:51.104+0530][14.640s] GC(6) Using 10 workers of 10 for evacuation
[2025-06-08T23:37:51.106+0530][14.642s] GC(6)   Pre Evacuate Collection Set: 0.1ms
[2025-06-08T23:37:51.106+0530][14.642s] GC(6)   Merge Heap Roots: 0.1ms
[2025-06-08T23:37:51.106+0530][14.642s] GC(6)   Evacuate Collection Set: 1.0ms
[2025-06-08T23:37:51.106+0530][14.642s] GC(6)   Post Evacuate Collection Set: 0.5ms
[2025-06-08T23:37:51.106+0530][14.642s] GC(6)   Other: 0.2ms
[2025-06-08T23:37:51.106+0530][14.642s] GC(6) Eden regions: 4->0(306)
[2025-06-08T23:37:51.106+0530][14.642s] GC(6) Survivor regions: 1->1(39)
[2025-06-08T23:37:51.106+0530][14.642s] GC(6) Old regions: 27->27
[2025-06-08T23:37:51.106+0530][14.642s] GC(6) Archive regions: 0->0
[2025-06-08T23:37:51.106+0530][14.642s] GC(6) Humongous regions: 4->4
[2025-06-08T23:37:51.106+0530][14.642s] GC(6) Metaspace: 36337K(36608K)->36337K(36608K) NonClass: 32072K(32192K)->32072K(32192K) Class: 4265K(4416K)->4265K(4416K)
[2025-06-08T23:37:51.106+0530][14.642s] GC(6) Pause Young (Concurrent Start) (Metadata GC Threshold) 34M->30M(512M) 1.969ms
[2025-06-08T23:37:51.106+0530][14.642s] GC(6) User=0.00s Sys=0.00s Real=0.00s
[2025-06-08T23:37:51.106+0530][14.642s] GC(7) Concurrent Mark Cycle
[2025-06-08T23:37:51.106+0530][14.642s] GC(7) Concurrent Clear Claimed Marks
[2025-06-08T23:37:51.106+0530][14.642s] GC(7) Concurrent Clear Claimed Marks 0.019ms
[2025-06-08T23:37:51.106+0530][14.642s] GC(7) Concurrent Scan Root Regions
[2025-06-08T23:37:51.107+0530][14.642s] GC(7) Concurrent Scan Root Regions 0.503ms
[2025-06-08T23:37:51.107+0530][14.643s] GC(7) Concurrent Mark
[2025-06-08T23:37:51.107+0530][14.643s] GC(7) Concurrent Mark From Roots
[2025-06-08T23:37:51.107+0530][14.643s] GC(7) Using 3 workers of 3 for marking
[2025-06-08T23:37:51.115+0530][14.651s] GC(7) Concurrent Mark From Roots 8.415ms
[2025-06-08T23:37:51.115+0530][14.651s] GC(7) Concurrent Preclean
[2025-06-08T23:37:51.115+0530][14.651s] GC(7) Concurrent Preclean 0.088ms
[2025-06-08T23:37:51.116+0530][14.652s] GC(7) Pause Remark
[2025-06-08T23:37:51.122+0530][14.658s] GC(7) Pause Remark 31M->31M(512M) 6.345ms
[2025-06-08T23:37:51.122+0530][14.658s] GC(7) User=0.00s Sys=0.00s Real=0.01s
[2025-06-08T23:37:51.122+0530][14.658s] GC(7) Concurrent Mark 15.555ms
[2025-06-08T23:37:51.123+0530][14.658s] GC(7) Concurrent Rebuild Remembered Sets
[2025-06-08T23:37:51.127+0530][14.662s] GC(7) Concurrent Rebuild Remembered Sets 4.039ms
[2025-06-08T23:37:51.127+0530][14.662s] GC(7) Pause Cleanup
[2025-06-08T23:37:51.127+0530][14.663s] GC(7) Pause Cleanup 31M->31M(512M) 0.142ms
[2025-06-08T23:37:51.127+0530][14.663s] GC(7) User=0.00s Sys=0.00s Real=0.00s
[2025-06-08T23:37:51.127+0530][14.663s] GC(7) Concurrent Cleanup for Next Mark
[2025-06-08T23:37:51.127+0530][14.663s] GC(7) Concurrent Cleanup for Next Mark 0.287ms
[2025-06-08T23:37:51.127+0530][14.663s] GC(7) Concurrent Mark Cycle 21.162ms
[2025-06-09T01:02:32.550+0530][5096.085s] GC(8) Pause Young (Normal) (G1 Evacuation Pause)
[2025-06-09T01:02:32.550+0530][5096.085s] GC(8) Using 10 workers of 10 for evacuation
[2025-06-09T01:02:32.577+0530][5096.113s] GC(8)   Pre Evacuate Collection Set: 1.2ms
[2025-06-09T01:02:32.577+0530][5096.113s] GC(8)   Merge Heap Roots: 0.1ms
[2025-06-09T01:02:32.577+0530][5096.113s] GC(8)   Evacuate Collection Set: 24.5ms
[2025-06-09T01:02:32.577+0530][5096.113s] GC(8)   Post Evacuate Collection Set: 1.3ms
[2025-06-09T01:02:32.577+0530][5096.113s] GC(8)   Other: 1.3ms
[2025-06-09T01:02:32.577+0530][5096.113s] GC(8) Eden regions: 306->0(293)
[2025-06-09T01:02:32.577+0530][5096.113s] GC(8) Survivor regions: 1->14(39)
[2025-06-09T01:02:32.577+0530][5096.113s] GC(8) Old regions: 27->27
[2025-06-09T01:02:32.577+0530][5096.113s] GC(8) Archive regions: 0->0
[2025-06-09T01:02:32.577+0530][5096.113s] GC(8) Humongous regions: 4->4
[2025-06-09T01:02:32.578+0530][5096.113s] GC(8) Metaspace: 49942K(50432K)->49942K(50432K) NonClass: 43921K(44160K)->43921K(44160K) Class: 6021K(6272K)->6021K(6272K)
[2025-06-09T01:02:32.578+0530][5096.113s] GC(8) Pause Young (Normal) (G1 Evacuation Pause) 336M->43M(512M) 28.529ms
[2025-06-09T01:02:32.578+0530][5096.114s] GC(8) User=0.05s Sys=0.08s Real=0.03s
[2025-06-09T02:18:12.153+0530][9635.688s] GC(9) Pause Young (Normal) (G1 Evacuation Pause)
[2025-06-09T02:18:12.153+0530][9635.688s] GC(9) Using 10 workers of 10 for evacuation
[2025-06-09T02:18:12.173+0530][9635.708s] GC(9)   Pre Evacuate Collection Set: 0.6ms
[2025-06-09T02:18:12.173+0530][9635.708s] GC(9)   Merge Heap Roots: 0.3ms
[2025-06-09T02:18:12.173+0530][9635.708s] GC(9)   Evacuate Collection Set: 17.3ms
[2025-06-09T02:18:12.173+0530][9635.708s] GC(9)   Post Evacuate Collection Set: 1.7ms
[2025-06-09T02:18:12.173+0530][9635.708s] GC(9)   Other: 0.6ms
[2025-06-09T02:18:12.173+0530][9635.708s] GC(9) Eden regions: 293->0(292)
[2025-06-09T02:18:12.173+0530][9635.708s] GC(9) Survivor regions: 14->15(39)
[2025-06-09T02:18:12.173+0530][9635.708s] GC(9) Old regions: 27->27
[2025-06-09T02:18:12.173+0530][9635.708s] GC(9) Archive regions: 0->0
[2025-06-09T02:18:12.173+0530][9635.708s] GC(9) Humongous regions: 4->4
[2025-06-09T02:18:12.180+0530][9635.715s] GC(9) Metaspace: 52472K(52928K)->52472K(52928K) NonClass: 46239K(46464K)->46239K(46464K) Class: 6233K(6464K)->6233K(6464K)
[2025-06-09T02:18:12.180+0530][9635.715s] GC(9) Pause Young (Normal) (G1 Evacuation Pause) 336M->44M(512M) 27.425ms
[2025-06-09T02:18:12.180+0530][9635.715s] GC(9) User=0.03s Sys=0.02s Real=0.03s
[2025-06-09T02:21:27.955+0530][9831.490s] GC(10) Pause Young (Normal) (G1 Evacuation Pause)
[2025-06-09T02:21:27.955+0530][9831.490s] GC(10) Using 10 workers of 10 for evacuation
[2025-06-09T02:21:27.961+0530][9831.496s] GC(10)   Pre Evacuate Collection Set: 0.1ms
[2025-06-09T02:21:27.961+0530][9831.496s] GC(10)   Merge Heap Roots: 0.1ms
[2025-06-09T02:21:27.961+0530][9831.497s] GC(10)   Evacuate Collection Set: 5.2ms
[2025-06-09T02:21:27.961+0530][9831.497s] GC(10)   Post Evacuate Collection Set: 0.8ms
[2025-06-09T02:21:27.961+0530][9831.497s] GC(10)   Other: 0.3ms
[2025-06-09T02:21:27.961+0530][9831.497s] GC(10) Eden regions: 292->0(291)
[2025-06-09T02:21:27.961+0530][9831.497s] GC(10) Survivor regions: 15->16(39)
[2025-06-09T02:21:27.961+0530][9831.497s] GC(10) Old regions: 27->27
[2025-06-09T02:21:27.961+0530][9831.497s] GC(10) Archive regions: 0->0
[2025-06-09T02:21:27.962+0530][9831.497s] GC(10) Humongous regions: 7->7
[2025-06-09T02:21:27.962+0530][9831.497s] GC(10) Metaspace: 53286K(53760K)->53286K(53760K) NonClass: 47050K(47296K)->47050K(47296K) Class: 6236K(6464K)->6236K(6464K)
[2025-06-09T02:21:27.962+0530][9831.497s] GC(10) Pause Young (Normal) (G1 Evacuation Pause) 339M->48M(512M) 6.799ms
[2025-06-09T02:21:27.962+0530][9831.497s] GC(10) User=0.05s Sys=0.08s Real=0.01s
[2025-06-09T02:24:24.802+0530][10008.337s] GC(11) Pause Young (Normal) (G1 Evacuation Pause)
[2025-06-09T02:24:24.802+0530][10008.337s] GC(11) Using 10 workers of 10 for evacuation
[2025-06-09T02:24:24.807+0530][10008.343s] GC(11)   Pre Evacuate Collection Set: 0.1ms
[2025-06-09T02:24:24.808+0530][10008.343s] GC(11)   Merge Heap Roots: 0.1ms
[2025-06-09T02:24:24.808+0530][10008.343s] GC(11)   Evacuate Collection Set: 3.9ms
[2025-06-09T02:24:24.808+0530][10008.343s] GC(11)   Post Evacuate Collection Set: 1.5ms
[2025-06-09T02:24:24.808+0530][10008.343s] GC(11)   Other: 0.2ms
[2025-06-09T02:24:24.808+0530][10008.343s] GC(11) Eden regions: 291->0(291)
[2025-06-09T02:24:24.808+0530][10008.343s] GC(11) Survivor regions: 16->16(39)
[2025-06-09T02:24:24.808+0530][10008.343s] GC(11) Old regions: 27->27
[2025-06-09T02:24:24.808+0530][10008.343s] GC(11) Archive regions: 0->0
[2025-06-09T02:24:24.808+0530][10008.343s] GC(11) Humongous regions: 7->7
[2025-06-09T02:24:24.808+0530][10008.343s] GC(11) Metaspace: 53778K(54208K)->53778K(54208K) NonClass: 47538K(47744K)->47538K(47744K) Class: 6239K(6464K)->6239K(6464K)
[2025-06-09T02:24:24.808+0530][10008.343s] GC(11) Pause Young (Normal) (G1 Evacuation Pause) 339M->48M(512M) 5.958ms
[2025-06-09T02:24:24.808+0530][10008.343s] GC(11) User=0.00s Sys=0.00s Real=0.01s
[2025-06-09T02:27:23.621+0530][10187.157s] GC(12) Pause Young (Normal) (G1 Evacuation Pause)
[2025-06-09T02:27:23.621+0530][10187.157s] GC(12) Using 10 workers of 10 for evacuation
[2025-06-09T02:27:23.626+0530][10187.162s] GC(12)   Pre Evacuate Collection Set: 0.1ms
[2025-06-09T02:27:23.627+0530][10187.162s] GC(12)   Merge Heap Roots: 0.1ms
[2025-06-09T02:27:23.627+0530][10187.162s] GC(12)   Evacuate Collection Set: 4.0ms
[2025-06-09T02:27:23.627+0530][10187.162s] GC(12)   Post Evacuate Collection Set: 0.8ms
[2025-06-09T02:27:23.627+0530][10187.162s] GC(12)   Other: 0.2ms
[2025-06-09T02:27:23.627+0530][10187.162s] GC(12) Eden regions: 291->0(291)
[2025-06-09T02:27:23.627+0530][10187.162s] GC(12) Survivor regions: 16->16(39)
[2025-06-09T02:27:23.627+0530][10187.162s] GC(12) Old regions: 27->27
[2025-06-09T02:27:23.627+0530][10187.162s] GC(12) Archive regions: 0->0
[2025-06-09T02:27:23.627+0530][10187.162s] GC(12) Humongous regions: 7->7
[2025-06-09T02:27:23.627+0530][10187.163s] GC(12) Metaspace: 54554K(55040K)->54554K(55040K) NonClass: 48260K(48512K)->48260K(48512K) Class: 6294K(6528K)->6294K(6528K)
[2025-06-09T02:27:23.627+0530][10187.163s] GC(12) Pause Young (Normal) (G1 Evacuation Pause) 339M->49M(512M) 5.426ms
[2025-06-09T02:27:23.627+0530][10187.163s] GC(12) User=0.00s Sys=0.00s Real=0.01s
[2025-06-09T02:31:42.184+0530][10445.719s] GC(13) Pause Young (Normal) (G1 Evacuation Pause)
[2025-06-09T02:31:42.184+0530][10445.719s] GC(13) Using 10 workers of 10 for evacuation
[2025-06-09T02:31:42.192+0530][10445.728s] GC(13)   Pre Evacuate Collection Set: 0.2ms
[2025-06-09T02:31:42.192+0530][10445.728s] GC(13)   Merge Heap Roots: 0.2ms
[2025-06-09T02:31:42.192+0530][10445.728s] GC(13)   Evacuate Collection Set: 7.0ms
[2025-06-09T02:31:42.192+0530][10445.728s] GC(13)   Post Evacuate Collection Set: 1.0ms
[2025-06-09T02:31:42.192+0530][10445.728s] GC(13)   Other: 0.2ms
[2025-06-09T02:31:42.193+0530][10445.728s] GC(13) Eden regions: 291->0(290)
[2025-06-09T02:31:42.193+0530][10445.728s] GC(13) Survivor regions: 16->17(39)
[2025-06-09T02:31:42.193+0530][10445.728s] GC(13) Old regions: 27->27
[2025-06-09T02:31:42.193+0530][10445.728s] GC(13) Archive regions: 0->0
[2025-06-09T02:31:42.193+0530][10445.728s] GC(13) Humongous regions: 7->7
[2025-06-09T02:31:42.193+0530][10445.728s] GC(13) Metaspace: 54833K(55360K)->54833K(55360K) NonClass: 48536K(48832K)->48536K(48832K) Class: 6297K(6528K)->6297K(6528K)
[2025-06-09T02:31:42.193+0530][10445.728s] GC(13) Pause Young (Normal) (G1 Evacuation Pause) 339M->49M(512M) 8.828ms
[2025-06-09T02:31:42.193+0530][10445.728s] GC(13) User=0.02s Sys=0.00s Real=0.01s
[2025-06-09T02:37:14.507+0530][10778.043s] GC(14) Pause Young (Normal) (G1 Evacuation Pause)
[2025-06-09T02:37:14.507+0530][10778.043s] GC(14) Using 10 workers of 10 for evacuation
[2025-06-09T02:37:14.512+0530][10778.048s] GC(14)   Pre Evacuate Collection Set: 0.1ms
[2025-06-09T02:37:14.512+0530][10778.048s] GC(14)   Merge Heap Roots: 0.1ms
[2025-06-09T02:37:14.512+0530][10778.048s] GC(14)   Evacuate Collection Set: 3.9ms
[2025-06-09T02:37:14.513+0530][10778.048s] GC(14)   Post Evacuate Collection Set: 1.1ms
[2025-06-09T02:37:14.513+0530][10778.048s] GC(14)   Other: 0.2ms
[2025-06-09T02:37:14.513+0530][10778.048s] GC(14) Eden regions: 290->0(290)
[2025-06-09T02:37:14.513+0530][10778.048s] GC(14) Survivor regions: 17->17(39)
[2025-06-09T02:37:14.513+0530][10778.048s] GC(14) Old regions: 27->27
[2025-06-09T02:37:14.513+0530][10778.048s] GC(14) Archive regions: 0->0
[2025-06-09T02:37:14.513+0530][10778.048s] GC(14) Humongous regions: 7->7
[2025-06-09T02:37:14.513+0530][10778.048s] GC(14) Metaspace: 55007K(55552K)->55007K(55552K) NonClass: 48709K(49024K)->48709K(49024K) Class: 6297K(6528K)->6297K(6528K)
[2025-06-09T02:37:14.513+0530][10778.048s] GC(14) Pause Young (Normal) (G1 Evacuation Pause) 339M->49M(512M) 5.654ms
[2025-06-09T02:37:14.513+0530][10778.048s] GC(14) User=0.00s Sys=0.00s Real=0.01s
[2025-06-09T10:38:58.731+0530][39682.267s] GC(15) Pause Young (Normal) (G1 Evacuation Pause)
[2025-06-09T10:38:58.732+0530][39682.269s] GC(15) Using 10 workers of 10 for evacuation
[2025-06-09T10:38:58.758+0530][39682.294s] GC(15)   Pre Evacuate Collection Set: 0.5ms
[2025-06-09T10:38:58.758+0530][39682.294s] GC(15)   Merge Heap Roots: 0.5ms
[2025-06-09T10:38:58.758+0530][39682.294s] GC(15)   Evacuate Collection Set: 22.1ms
[2025-06-09T10:38:58.758+0530][39682.294s] GC(15)   Post Evacuate Collection Set: 1.9ms
[2025-06-09T10:38:58.758+0530][39682.294s] GC(15)   Other: 3.2ms
[2025-06-09T10:38:58.758+0530][39682.294s] GC(15) Eden regions: 290->0(290)
[2025-06-09T10:38:58.758+0530][39682.294s] GC(15) Survivor regions: 17->17(39)
[2025-06-09T10:38:58.758+0530][39682.294s] GC(15) Old regions: 27->27
[2025-06-09T10:38:58.758+0530][39682.294s] GC(15) Archive regions: 0->0
[2025-06-09T10:38:58.758+0530][39682.294s] GC(15) Humongous regions: 7->7
[2025-06-09T10:38:58.759+0530][39682.295s] GC(15) Metaspace: 55066K(55552K)->55066K(55552K) NonClass: 48768K(49024K)->48768K(49024K) Class: 6297K(6528K)->6297K(6528K)
[2025-06-09T10:38:58.759+0530][39682.295s] GC(15) Pause Young (Normal) (G1 Evacuation Pause) 339M->49M(512M) 28.756ms
[2025-06-09T10:38:58.759+0530][39682.295s] GC(15) User=0.20s Sys=0.11s Real=0.03s
[2025-06-09T16:46:44.557+0530][61748.092s] GC(16) Pause Young (Normal) (G1 Evacuation Pause)
[2025-06-09T16:46:44.557+0530][61748.093s] GC(16) Using 10 workers of 10 for evacuation
[2025-06-09T16:46:44.577+0530][61748.113s] GC(16)   Pre Evacuate Collection Set: 0.3ms
[2025-06-09T16:46:44.577+0530][61748.113s] GC(16)   Merge Heap Roots: 0.3ms
[2025-06-09T16:46:44.577+0530][61748.113s] GC(16)   Evacuate Collection Set: 17.6ms
[2025-06-09T16:46:44.577+0530][61748.113s] GC(16)   Post Evacuate Collection Set: 1.7ms
[2025-06-09T16:46:44.577+0530][61748.113s] GC(16)   Other: 1.2ms
[2025-06-09T16:46:44.577+0530][61748.113s] GC(16) Eden regions: 290->0(291)
[2025-06-09T16:46:44.577+0530][61748.113s] GC(16) Survivor regions: 17->16(39)
[2025-06-09T16:46:44.577+0530][61748.113s] GC(16) Old regions: 27->27
[2025-06-09T16:46:44.577+0530][61748.113s] GC(16) Archive regions: 0->0
[2025-06-09T16:46:44.577+0530][61748.113s] GC(16) Humongous regions: 7->7
[2025-06-09T16:46:44.577+0530][61748.113s] GC(16) Metaspace: 55161K(55616K)->55161K(55616K) NonClass: 48863K(49088K)->48863K(49088K) Class: 6297K(6528K)->6297K(6528K)
[2025-06-09T16:46:44.577+0530][61748.113s] GC(16) Pause Young (Normal) (G1 Evacuation Pause) 339M->48M(512M) 20.773ms
[2025-06-09T16:46:44.577+0530][61748.113s] GC(16) User=0.05s Sys=0.08s Real=0.02s
[2025-06-09T17:09:30.580+0530][63114.116s] GC(17) Pause Young (Normal) (G1 Evacuation Pause)
[2025-06-09T17:09:30.581+0530][63114.117s] GC(17) Using 10 workers of 10 for evacuation
[2025-06-09T17:09:30.598+0530][63114.134s] GC(17)   Pre Evacuate Collection Set: 0.4ms
[2025-06-09T17:09:30.598+0530][63114.134s] GC(17)   Merge Heap Roots: 0.3ms
[2025-06-09T17:09:30.598+0530][63114.134s] GC(17)   Evacuate Collection Set: 14.7ms
[2025-06-09T17:09:30.598+0530][63114.134s] GC(17)   Post Evacuate Collection Set: 1.8ms
[2025-06-09T17:09:30.598+0530][63114.134s] GC(17)   Other: 0.9ms
[2025-06-09T17:09:30.598+0530][63114.134s] GC(17) Eden regions: 291->0(290)
[2025-06-09T17:09:30.598+0530][63114.134s] GC(17) Survivor regions: 16->17(39)
[2025-06-09T17:09:30.598+0530][63114.134s] GC(17) Old regions: 27->27
[2025-06-09T17:09:30.598+0530][63114.134s] GC(17) Archive regions: 0->0
[2025-06-09T17:09:30.598+0530][63114.134s] GC(17) Humongous regions: 7->7
[2025-06-09T17:09:30.598+0530][63114.134s] GC(17) Metaspace: 55239K(55680K)->55239K(55680K) NonClass: 48942K(49152K)->48942K(49152K) Class: 6297K(6528K)->6297K(6528K)
[2025-06-09T17:09:30.598+0530][63114.134s] GC(17) Pause Young (Normal) (G1 Evacuation Pause) 339M->49M(512M) 18.068ms
[2025-06-09T17:09:30.599+0530][63114.134s] GC(17) User=0.06s Sys=0.03s Real=0.02s
[2025-06-09T17:24:07.228+0530][63990.764s] GC(18) Pause Young (Normal) (G1 Evacuation Pause)
[2025-06-09T17:24:07.228+0530][63990.764s] GC(18) Using 10 workers of 10 for evacuation
[2025-06-09T17:24:07.245+0530][63990.781s] GC(18)   Pre Evacuate Collection Set: 0.3ms
[2025-06-09T17:24:07.245+0530][63990.781s] GC(18)   Merge Heap Roots: 0.3ms
[2025-06-09T17:24:07.245+0530][63990.781s] GC(18)   Evacuate Collection Set: 14.3ms
[2025-06-09T17:24:07.245+0530][63990.781s] GC(18)   Post Evacuate Collection Set: 2.3ms
[2025-06-09T17:24:07.245+0530][63990.781s] GC(18)   Other: 0.5ms
[2025-06-09T17:24:07.245+0530][63990.781s] GC(18) Eden regions: 290->0(290)
[2025-06-09T17:24:07.245+0530][63990.781s] GC(18) Survivor regions: 17->17(39)
[2025-06-09T17:24:07.245+0530][63990.781s] GC(18) Old regions: 27->27
[2025-06-09T17:24:07.245+0530][63990.781s] GC(18) Archive regions: 0->0
[2025-06-09T17:24:07.245+0530][63990.781s] GC(18) Humongous regions: 7->7
[2025-06-09T17:24:07.245+0530][63990.781s] GC(18) Metaspace: 55364K(55872K)->55364K(55872K) NonClass: 49065K(49344K)->49065K(49344K) Class: 6298K(6528K)->6298K(6528K)
[2025-06-09T17:24:07.245+0530][63990.781s] GC(18) Pause Young (Normal) (G1 Evacuation Pause) 339M->50M(512M) 17.581ms
[2025-06-09T17:24:07.245+0530][63990.781s] GC(18) User=0.05s Sys=0.08s Real=0.02s
[2025-06-09T17:36:40.874+0530][64744.410s] GC(19) Pause Young (Normal) (G1 Evacuation Pause)
[2025-06-09T17:36:40.874+0530][64744.410s] GC(19) Using 10 workers of 10 for evacuation
[2025-06-09T17:36:40.881+0530][64744.417s] GC(19)   Pre Evacuate Collection Set: 0.1ms
[2025-06-09T17:36:40.881+0530][64744.417s] GC(19)   Merge Heap Roots: 0.1ms
[2025-06-09T17:36:40.881+0530][64744.417s] GC(19)   Evacuate Collection Set: 5.5ms
[2025-06-09T17:36:40.881+0530][64744.417s] GC(19)   Post Evacuate Collection Set: 0.9ms
[2025-06-09T17:36:40.881+0530][64744.417s] GC(19)   Other: 0.2ms
[2025-06-09T17:36:40.881+0530][64744.417s] GC(19) Eden regions: 290->0(290)
[2025-06-09T17:36:40.881+0530][64744.417s] GC(19) Survivor regions: 17->17(39)
[2025-06-09T17:36:40.881+0530][64744.417s] GC(19) Old regions: 27->27
[2025-06-09T17:36:40.881+0530][64744.417s] GC(19) Archive regions: 0->0
[2025-06-09T17:36:40.881+0530][64744.417s] GC(19) Humongous regions: 7->7
[2025-06-09T17:36:40.881+0530][64744.417s] GC(19) Metaspace: 55379K(55872K)->55379K(55872K) NonClass: 49081K(49344K)->49081K(49344K) Class: 6298K(6528K)->6298K(6528K)
[2025-06-09T17:36:40.881+0530][64744.417s] GC(19) Pause Young (Normal) (G1 Evacuation Pause) 340M->50M(512M) 6.913ms
[2025-06-09T17:36:40.881+0530][64744.417s] GC(19) User=0.05s Sys=0.09s Real=0.01s
[2025-06-09T17:37:29.195+0530][64792.730s] GC(20) Pause Young (Normal) (G1 Evacuation Pause)
[2025-06-09T17:37:29.195+0530][64792.730s] GC(20) Using 10 workers of 10 for evacuation
[2025-06-09T17:37:29.203+0530][64792.738s] GC(20)   Pre Evacuate Collection Set: 0.1ms
[2025-06-09T17:37:29.203+0530][64792.739s] GC(20)   Merge Heap Roots: 0.1ms
[2025-06-09T17:37:29.203+0530][64792.739s] GC(20)   Evacuate Collection Set: 6.9ms
[2025-06-09T17:37:29.203+0530][64792.739s] GC(20)   Post Evacuate Collection Set: 1.2ms
[2025-06-09T17:37:29.203+0530][64792.739s] GC(20)   Other: 0.2ms
[2025-06-09T17:37:29.203+0530][64792.739s] GC(20) Eden regions: 290->0(290)
[2025-06-09T17:37:29.203+0530][64792.739s] GC(20) Survivor regions: 17->17(39)
[2025-06-09T17:37:29.203+0530][64792.739s] GC(20) Old regions: 27->27
[2025-06-09T17:37:29.203+0530][64792.739s] GC(20) Archive regions: 0->0
[2025-06-09T17:37:29.203+0530][64792.739s] GC(20) Humongous regions: 7->7
[2025-06-09T17:37:29.203+0530][64792.739s] GC(20) Metaspace: 55382K(55872K)->55382K(55872K) NonClass: 49084K(49344K)->49084K(49344K) Class: 6298K(6528K)->6298K(6528K)
[2025-06-09T17:37:29.203+0530][64792.739s] GC(20) Pause Young (Normal) (G1 Evacuation Pause) 340M->49M(512M) 8.648ms
[2025-06-09T17:37:29.203+0530][64792.739s] GC(20) User=0.00s Sys=0.00s Real=0.01s
[2025-06-10T23:54:41.198+0530][173828.532s] GC(21) Pause Young (Normal) (G1 Evacuation Pause)
[2025-06-10T23:54:41.199+0530][173828.533s] GC(21) Using 10 workers of 10 for evacuation
[2025-06-10T23:54:41.219+0530][173828.552s] GC(21)   Pre Evacuate Collection Set: 0.9ms
[2025-06-10T23:54:41.219+0530][173828.552s] GC(21)   Merge Heap Roots: 0.3ms
[2025-06-10T23:54:41.219+0530][173828.552s] GC(21)   Evacuate Collection Set: 12.3ms
[2025-06-10T23:54:41.219+0530][173828.552s] GC(21)   Post Evacuate Collection Set: 4.3ms
[2025-06-10T23:54:41.219+0530][173828.553s] GC(21)   Other: 3.2ms
[2025-06-10T23:54:41.219+0530][173828.553s] GC(21) Eden regions: 290->0(290)
[2025-06-10T23:54:41.219+0530][173828.553s] GC(21) Survivor regions: 17->17(39)
[2025-06-10T23:54:41.219+0530][173828.553s] GC(21) Old regions: 27->27
[2025-06-10T23:54:41.219+0530][173828.553s] GC(21) Archive regions: 0->0
[2025-06-10T23:54:41.219+0530][173828.553s] GC(21) Humongous regions: 7->7
[2025-06-10T23:54:41.220+0530][173828.553s] GC(21) Metaspace: 55410K(55872K)->55410K(55872K) NonClass: 49110K(49344K)->49110K(49344K) Class: 6300K(6528K)->6300K(6528K)
[2025-06-10T23:54:41.220+0530][173828.554s] GC(21) Pause Young (Normal) (G1 Evacuation Pause) 339M->50M(512M) 21.820ms
[2025-06-10T23:54:41.220+0530][173828.554s] GC(21) User=0.06s Sys=0.09s Real=0.02s
[2025-06-11T00:02:20.191+0530][174287.526s] GC(22) Pause Young (Normal) (G1 Evacuation Pause)
[2025-06-11T00:02:20.191+0530][174287.527s] GC(22) Using 10 workers of 10 for evacuation
[2025-06-11T00:02:20.207+0530][174287.543s] GC(22)   Pre Evacuate Collection Set: 0.2ms
[2025-06-11T00:02:20.207+0530][174287.543s] GC(22)   Merge Heap Roots: 0.3ms
[2025-06-11T00:02:20.207+0530][174287.543s] GC(22)   Evacuate Collection Set: 13.9ms
[2025-06-11T00:02:20.207+0530][174287.543s] GC(22)   Post Evacuate Collection Set: 1.6ms
[2025-06-11T00:02:20.207+0530][174287.543s] GC(22)   Other: 1.4ms
[2025-06-11T00:02:20.207+0530][174287.543s] GC(22) Eden regions: 290->0(291)
[2025-06-11T00:02:20.207+0530][174287.543s] GC(22) Survivor regions: 17->16(39)
[2025-06-11T00:02:20.207+0530][174287.543s] GC(22) Old regions: 27->27
[2025-06-11T00:02:20.207+0530][174287.543s] GC(22) Archive regions: 0->0
[2025-06-11T00:02:20.207+0530][174287.543s] GC(22) Humongous regions: 7->7
[2025-06-11T00:02:20.207+0530][174287.544s] GC(22) Metaspace: 55423K(55872K)->55423K(55872K) NonClass: 49122K(49344K)->49122K(49344K) Class: 6300K(6528K)->6300K(6528K)
[2025-06-11T00:02:20.207+0530][174287.544s] GC(22) Pause Young (Normal) (G1 Evacuation Pause) 340M->49M(512M) 17.910ms
[2025-06-11T00:02:20.207+0530][174287.544s] GC(22) User=0.12s Sys=0.03s Real=0.02s
[2025-06-11T10:50:24.696+0530][213172.030s] GC(23) Pause Young (Normal) (G1 Evacuation Pause)
[2025-06-11T10:50:24.699+0530][213172.032s] GC(23) Using 10 workers of 10 for evacuation
[2025-06-11T10:50:24.755+0530][213172.089s] GC(23)   Pre Evacuate Collection Set: 0.6ms
[2025-06-11T10:50:24.755+0530][213172.089s] GC(23)   Merge Heap Roots: 0.6ms
[2025-06-11T10:50:24.755+0530][213172.089s] GC(23)   Evacuate Collection Set: 50.8ms
[2025-06-11T10:50:24.755+0530][213172.089s] GC(23)   Post Evacuate Collection Set: 3.7ms
[2025-06-11T10:50:24.755+0530][213172.089s] GC(23)   Other: 6.1ms
[2025-06-11T10:50:24.755+0530][213172.089s] GC(23) Eden regions: 291->0(302)
[2025-06-11T10:50:24.755+0530][213172.089s] GC(23) Survivor regions: 16->5(39)
[2025-06-11T10:50:24.755+0530][213172.089s] GC(23) Old regions: 27->39
[2025-06-11T10:50:24.755+0530][213172.089s] GC(23) Archive regions: 0->0
[2025-06-11T10:50:24.755+0530][213172.089s] GC(23) Humongous regions: 7->7
[2025-06-11T10:50:24.755+0530][213172.089s] GC(23) Metaspace: 55454K(55936K)->55454K(55936K) NonClass: 49153K(49408K)->49153K(49408K) Class: 6300K(6528K)->6300K(6528K)
[2025-06-11T10:50:24.756+0530][213172.090s] GC(23) Pause Young (Normal) (G1 Evacuation Pause) 340M->50M(512M) 60.298ms
[2025-06-11T10:50:24.756+0530][213172.090s] GC(23) User=0.16s Sys=0.20s Real=0.06s
[2025-06-11T23:51:18.114+0530][260031.938s] GC(24) Pause Young (Normal) (G1 Evacuation Pause)
[2025-06-11T23:51:18.114+0530][260031.939s] GC(24) Using 10 workers of 10 for evacuation
[2025-06-11T23:51:18.127+0530][260031.952s] GC(24)   Pre Evacuate Collection Set: 0.4ms
[2025-06-11T23:51:18.127+0530][260031.952s] GC(24)   Merge Heap Roots: 0.5ms
[2025-06-11T23:51:18.127+0530][260031.952s] GC(24)   Evacuate Collection Set: 10.5ms
[2025-06-11T23:51:18.127+0530][260031.952s] GC(24)   Post Evacuate Collection Set: 1.4ms
[2025-06-11T23:51:18.127+0530][260031.952s] GC(24)   Other: 1.2ms
[2025-06-11T23:51:18.127+0530][260031.952s] GC(24) Eden regions: 302->0(303)
[2025-06-11T23:51:18.127+0530][260031.952s] GC(24) Survivor regions: 5->4(39)
[2025-06-11T23:51:18.127+0530][260031.952s] GC(24) Old regions: 39->40
[2025-06-11T23:51:18.127+0530][260031.952s] GC(24) Archive regions: 0->0
[2025-06-11T23:51:18.127+0530][260031.952s] GC(24) Humongous regions: 7->7
[2025-06-11T23:51:18.128+0530][260031.952s] GC(24) Metaspace: 55476K(55936K)->55476K(55936K) NonClass: 49176K(49408K)->49176K(49408K) Class: 6300K(6528K)->6300K(6528K)
[2025-06-11T23:51:18.128+0530][260031.952s] GC(24) Pause Young (Normal) (G1 Evacuation Pause) 352M->50M(512M) 14.000ms
[2025-06-11T23:51:18.128+0530][260031.952s] GC(24) User=0.02s Sys=0.02s Real=0.01s
[2025-06-11T23:58:38.018+0530][260471.843s] GC(25) Pause Young (Normal) (G1 Evacuation Pause)
[2025-06-11T23:58:38.018+0530][260471.843s] GC(25) Using 10 workers of 10 for evacuation
[2025-06-11T23:58:38.025+0530][260471.851s] GC(25)   Pre Evacuate Collection Set: 0.2ms
[2025-06-11T23:58:38.025+0530][260471.851s] GC(25)   Merge Heap Roots: 0.2ms
[2025-06-11T23:58:38.025+0530][260471.851s] GC(25)   Evacuate Collection Set: 5.4ms
[2025-06-11T23:58:38.025+0530][260471.851s] GC(25)   Post Evacuate Collection Set: 1.3ms
[2025-06-11T23:58:38.025+0530][260471.851s] GC(25)   Other: 0.3ms
[2025-06-11T23:58:38.025+0530][260471.851s] GC(25) Eden regions: 303->0(303)
[2025-06-11T23:58:38.025+0530][260471.851s] GC(25) Survivor regions: 4->4(39)
[2025-06-11T23:58:38.025+0530][260471.851s] GC(25) Old regions: 40->41
[2025-06-11T23:58:38.025+0530][260471.851s] GC(25) Archive regions: 0->0
[2025-06-11T23:58:38.025+0530][260471.851s] GC(25) Humongous regions: 7->7
[2025-06-11T23:58:38.025+0530][260471.851s] GC(25) Metaspace: 55483K(55936K)->55483K(55936K) NonClass: 49182K(49408K)->49182K(49408K) Class: 6301K(6528K)->6301K(6528K)
[2025-06-11T23:58:38.025+0530][260471.851s] GC(25) Pause Young (Normal) (G1 Evacuation Pause) 353M->50M(512M) 7.417ms
[2025-06-11T23:58:38.025+0530][260471.851s] GC(25) User=0.00s Sys=0.00s Real=0.01s
[2025-06-12T00:22:40.980+0530][261914.805s] GC(26) Pause Young (Normal) (G1 Evacuation Pause)
[2025-06-12T00:22:40.982+0530][261914.806s] GC(26) Using 10 workers of 10 for evacuation
[2025-06-12T00:22:40.989+0530][261914.814s] GC(26)   Pre Evacuate Collection Set: 0.5ms
[2025-06-12T00:22:40.989+0530][261914.814s] GC(26)   Merge Heap Roots: 0.2ms
[2025-06-12T00:22:40.989+0530][261914.814s] GC(26)   Evacuate Collection Set: 5.2ms
[2025-06-12T00:22:40.989+0530][261914.814s] GC(26)   Post Evacuate Collection Set: 1.4ms
[2025-06-12T00:22:40.989+0530][261914.814s] GC(26)   Other: 2.4ms
[2025-06-12T00:22:40.989+0530][261914.814s] GC(26) Eden regions: 303->0(303)
[2025-06-12T00:22:40.989+0530][261914.814s] GC(26) Survivor regions: 4->4(39)
[2025-06-12T00:22:40.989+0530][261914.814s] GC(26) Old regions: 41->41
[2025-06-12T00:22:40.990+0530][261914.814s] GC(26) Archive regions: 0->0
[2025-06-12T00:22:40.990+0530][261914.814s] GC(26) Humongous regions: 7->7
[2025-06-12T00:22:40.990+0530][261914.815s] GC(26) Metaspace: 55583K(56064K)->55583K(56064K) NonClass: 49280K(49536K)->49280K(49536K) Class: 6303K(6528K)->6303K(6528K)
[2025-06-12T00:22:40.990+0530][261914.815s] GC(26) Pause Young (Normal) (G1 Evacuation Pause) 353M->51M(512M) 10.698ms
[2025-06-12T00:22:40.990+0530][261914.815s] GC(26) User=0.02s Sys=0.00s Real=0.01s
[2025-06-12T00:55:34.520+0530][263888.344s] GC(27) Pause Young (Normal) (G1 Evacuation Pause)
[2025-06-12T00:55:34.520+0530][263888.345s] GC(27) Using 10 workers of 10 for evacuation
[2025-06-12T00:55:34.525+0530][263888.350s] GC(27)   Pre Evacuate Collection Set: 0.1ms
[2025-06-12T00:55:34.525+0530][263888.350s] GC(27)   Merge Heap Roots: 0.2ms
[2025-06-12T00:55:34.525+0530][263888.350s] GC(27)   Evacuate Collection Set: 3.6ms
[2025-06-12T00:55:34.525+0530][263888.350s] GC(27)   Post Evacuate Collection Set: 0.8ms
[2025-06-12T00:55:34.525+0530][263888.350s] GC(27)   Other: 2.0ms
[2025-06-12T00:55:34.525+0530][263888.350s] GC(27) Eden regions: 303->0(303)
[2025-06-12T00:55:34.525+0530][263888.350s] GC(27) Survivor regions: 4->4(39)
[2025-06-12T00:55:34.525+0530][263888.350s] GC(27) Old regions: 41->41
[2025-06-12T00:55:34.525+0530][263888.350s] GC(27) Archive regions: 0->0
[2025-06-12T00:55:34.525+0530][263888.350s] GC(27) Humongous regions: 7->7
[2025-06-12T00:55:34.525+0530][263888.350s] GC(27) Metaspace: 55605K(56128K)->55605K(56128K) NonClass: 49300K(49600K)->49300K(49600K) Class: 6305K(6528K)->6305K(6528K)
[2025-06-12T00:55:34.526+0530][263888.350s] GC(27) Pause Young (Normal) (G1 Evacuation Pause) 353M->51M(512M) 7.037ms
[2025-06-12T00:55:34.526+0530][263888.350s] GC(27) User=0.00s Sys=0.00s Real=0.01s
[2025-06-12T01:12:15.079+0530][264888.904s] GC(28) Pause Young (Normal) (G1 Evacuation Pause)
[2025-06-12T01:12:15.079+0530][264888.904s] GC(28) Using 10 workers of 10 for evacuation
[2025-06-12T01:12:15.085+0530][264888.910s] GC(28)   Pre Evacuate Collection Set: 0.3ms
[2025-06-12T01:12:15.085+0530][264888.910s] GC(28)   Merge Heap Roots: 0.3ms
[2025-06-12T01:12:15.085+0530][264888.910s] GC(28)   Evacuate Collection Set: 1.8ms
[2025-06-12T01:12:15.085+0530][264888.910s] GC(28)   Post Evacuate Collection Set: 2.8ms
[2025-06-12T01:12:15.085+0530][264888.910s] GC(28)   Other: 0.2ms
[2025-06-12T01:12:15.085+0530][264888.910s] GC(28) Eden regions: 303->0(303)
[2025-06-12T01:12:15.085+0530][264888.910s] GC(28) Survivor regions: 4->4(39)
[2025-06-12T01:12:15.085+0530][264888.910s] GC(28) Old regions: 41->41
[2025-06-12T01:12:15.085+0530][264888.910s] GC(28) Archive regions: 0->0
[2025-06-12T01:12:15.085+0530][264888.910s] GC(28) Humongous regions: 7->7
[2025-06-12T01:12:15.085+0530][264888.910s] GC(28) Metaspace: 55621K(56128K)->55621K(56128K) NonClass: 49316K(49600K)->49316K(49600K) Class: 6305K(6528K)->6305K(6528K)
[2025-06-12T01:12:15.085+0530][264888.910s] GC(28) Pause Young (Normal) (G1 Evacuation Pause) 354M->51M(512M) 5.543ms
[2025-06-12T01:12:15.085+0530][264888.910s] GC(28) User=0.00s Sys=0.00s Real=0.01s
[2025-06-12T23:53:05.643+0530][346539.468s] GC(29) Pause Young (Normal) (G1 Evacuation Pause)
[2025-06-12T23:53:05.644+0530][346539.469s] GC(29) Using 10 workers of 10 for evacuation
[2025-06-12T23:53:05.661+0530][346539.486s] GC(29)   Pre Evacuate Collection Set: 1.7ms
[2025-06-12T23:53:05.661+0530][346539.487s] GC(29)   Merge Heap Roots: 0.2ms
[2025-06-12T23:53:05.661+0530][346539.487s] GC(29)   Evacuate Collection Set: 12.3ms
[2025-06-12T23:53:05.661+0530][346539.487s] GC(29)   Post Evacuate Collection Set: 2.5ms
[2025-06-12T23:53:05.661+0530][346539.487s] GC(29)   Other: 10.1ms
[2025-06-12T23:53:05.661+0530][346539.487s] GC(29) Eden regions: 303->0(303)
[2025-06-12T23:53:05.661+0530][346539.487s] GC(29) Survivor regions: 4->4(39)
[2025-06-12T23:53:05.661+0530][346539.487s] GC(29) Old regions: 41->41
[2025-06-12T23:53:05.661+0530][346539.487s] GC(29) Archive regions: 0->0
[2025-06-12T23:53:05.662+0530][346539.487s] GC(29) Humongous regions: 7->7
[2025-06-12T23:53:05.662+0530][346539.487s] GC(29) Metaspace: 55645K(56128K)->55645K(56128K) NonClass: 49340K(49600K)->49340K(49600K) Class: 6305K(6528K)->6305K(6528K)
[2025-06-12T23:53:05.662+0530][346539.487s] GC(29) Pause Young (Normal) (G1 Evacuation Pause) 354M->51M(512M) 19.909ms
[2025-06-12T23:53:05.662+0530][346539.487s] GC(29) User=0.02s Sys=0.05s Real=0.02s
[2025-06-13T02:21:01.900+0530][355415.725s] GC(30) Pause Young (Normal) (G1 Evacuation Pause)
[2025-06-13T02:21:01.900+0530][355415.725s] GC(30) Using 10 workers of 10 for evacuation
[2025-06-13T02:21:01.905+0530][355415.730s] GC(30)   Pre Evacuate Collection Set: 0.2ms
[2025-06-13T02:21:01.905+0530][355415.730s] GC(30)   Merge Heap Roots: 0.1ms
[2025-06-13T02:21:01.905+0530][355415.730s] GC(30)   Evacuate Collection Set: 3.3ms
[2025-06-13T02:21:01.905+0530][355415.730s] GC(30)   Post Evacuate Collection Set: 0.9ms
[2025-06-13T02:21:01.905+0530][355415.730s] GC(30)   Other: 0.4ms
[2025-06-13T02:21:01.905+0530][355415.730s] GC(30) Eden regions: 303->0(304)
[2025-06-13T02:21:01.905+0530][355415.730s] GC(30) Survivor regions: 4->3(39)
[2025-06-13T02:21:01.905+0530][355415.730s] GC(30) Old regions: 41->42
[2025-06-13T02:21:01.905+0530][355415.730s] GC(30) Archive regions: 0->0
[2025-06-13T02:21:01.905+0530][355415.730s] GC(30) Humongous regions: 7->7
[2025-06-13T02:21:01.905+0530][355415.730s] GC(30) Metaspace: 55653K(56128K)->55653K(56128K) NonClass: 49348K(49600K)->49348K(49600K) Class: 6305K(6528K)->6305K(6528K)
[2025-06-13T02:21:01.905+0530][355415.730s] GC(30) Pause Young (Normal) (G1 Evacuation Pause) 354M->50M(512M) 5.093ms
[2025-06-13T02:21:01.905+0530][355415.730s] GC(30) User=0.02s Sys=0.08s Real=0.00s
[2025-06-13T02:25:01.369+0530][355655.194s] GC(31) Pause Young (Normal) (G1 Evacuation Pause)
[2025-06-13T02:25:01.369+0530][355655.194s] GC(31) Using 10 workers of 10 for evacuation
[2025-06-13T02:25:01.372+0530][355655.198s] GC(31)   Pre Evacuate Collection Set: 0.1ms
[2025-06-13T02:25:01.372+0530][355655.198s] GC(31)   Merge Heap Roots: 0.1ms
[2025-06-13T02:25:01.372+0530][355655.198s] GC(31)   Evacuate Collection Set: 2.3ms
[2025-06-13T02:25:01.372+0530][355655.198s] GC(31)   Post Evacuate Collection Set: 0.5ms
[2025-06-13T02:25:01.372+0530][355655.198s] GC(31)   Other: 0.2ms
[2025-06-13T02:25:01.372+0530][355655.198s] GC(31) Eden regions: 304->0(304)
[2025-06-13T02:25:01.372+0530][355655.198s] GC(31) Survivor regions: 3->3(39)
[2025-06-13T02:25:01.372+0530][355655.198s] GC(31) Old regions: 42->42
[2025-06-13T02:25:01.372+0530][355655.198s] GC(31) Archive regions: 0->0
[2025-06-13T02:25:01.372+0530][355655.198s] GC(31) Humongous regions: 7->7
[2025-06-13T02:25:01.372+0530][355655.198s] GC(31) Metaspace: 55670K(56128K)->55670K(56128K) NonClass: 49364K(49600K)->49364K(49600K) Class: 6306K(6528K)->6306K(6528K)
[2025-06-13T02:25:01.372+0530][355655.198s] GC(31) Pause Young (Normal) (G1 Evacuation Pause) 354M->51M(512M) 3.474ms
[2025-06-13T02:25:01.372+0530][355655.198s] GC(31) User=0.05s Sys=0.06s Real=0.00s
[2025-06-13T02:31:11.858+0530][356025.683s] GC(32) Pause Young (Normal) (G1 Evacuation Pause)
[2025-06-13T02:31:11.858+0530][356025.683s] GC(32) Using 10 workers of 10 for evacuation
[2025-06-13T02:31:11.868+0530][356025.693s] GC(32)   Pre Evacuate Collection Set: 0.1ms
[2025-06-13T02:31:11.868+0530][356025.693s] GC(32)   Merge Heap Roots: 0.1ms
[2025-06-13T02:31:11.868+0530][356025.693s] GC(32)   Evacuate Collection Set: 8.5ms
[2025-06-13T02:31:11.868+0530][356025.693s] GC(32)   Post Evacuate Collection Set: 0.6ms
[2025-06-13T02:31:11.868+0530][356025.693s] GC(32)   Other: 0.2ms
[2025-06-13T02:31:11.868+0530][356025.693s] GC(32) Eden regions: 304->0(304)
[2025-06-13T02:31:11.868+0530][356025.693s] GC(32) Survivor regions: 3->3(39)
[2025-06-13T02:31:11.868+0530][356025.693s] GC(32) Old regions: 42->42
[2025-06-13T02:31:11.868+0530][356025.693s] GC(32) Archive regions: 0->0
[2025-06-13T02:31:11.868+0530][356025.693s] GC(32) Humongous regions: 7->7
[2025-06-13T02:31:11.868+0530][356025.693s] GC(32) Metaspace: 56016K(56512K)->56016K(56512K) NonClass: 49700K(49984K)->49700K(49984K) Class: 6316K(6528K)->6316K(6528K)
[2025-06-13T02:31:11.868+0530][356025.693s] GC(32) Pause Young (Normal) (G1 Evacuation Pause) 355M->50M(512M) 9.639ms
[2025-06-13T02:31:11.868+0530][356025.693s] GC(32) User=0.00s Sys=0.00s Real=0.01s
[2025-06-13T02:34:07.602+0530][356201.427s] GC(33) Pause Young (Normal) (G1 Evacuation Pause)
[2025-06-13T02:34:07.603+0530][356201.427s] GC(33) Using 10 workers of 10 for evacuation
[2025-06-13T02:34:07.605+0530][356201.430s] GC(33)   Pre Evacuate Collection Set: 0.1ms
[2025-06-13T02:34:07.605+0530][356201.430s] GC(33)   Merge Heap Roots: 0.1ms
[2025-06-13T02:34:07.605+0530][356201.430s] GC(33)   Evacuate Collection Set: 1.7ms
[2025-06-13T02:34:07.605+0530][356201.430s] GC(33)   Post Evacuate Collection Set: 0.4ms
[2025-06-13T02:34:07.605+0530][356201.430s] GC(33)   Other: 0.2ms
[2025-06-13T02:34:07.605+0530][356201.430s] GC(33) Eden regions: 304->0(304)
[2025-06-13T02:34:07.605+0530][356201.430s] GC(33) Survivor regions: 3->3(39)
[2025-06-13T02:34:07.605+0530][356201.430s] GC(33) Old regions: 42->42
[2025-06-13T02:34:07.605+0530][356201.430s] GC(33) Archive regions: 0->0
[2025-06-13T02:34:07.605+0530][356201.430s] GC(33) Humongous regions: 7->7
[2025-06-13T02:34:07.605+0530][356201.430s] GC(33) Metaspace: 56032K(56512K)->56032K(56512K) NonClass: 49715K(49984K)->49715K(49984K) Class: 6317K(6528K)->6317K(6528K)
[2025-06-13T02:34:07.606+0530][356201.430s] GC(33) Pause Young (Normal) (G1 Evacuation Pause) 354M->50M(512M) 3.055ms
[2025-06-13T02:34:07.606+0530][356201.430s] GC(33) User=0.02s Sys=0.00s Real=0.00s
[2025-06-13T02:35:15.120+0530][356268.945s] GC(34) Pause Young (Normal) (G1 Evacuation Pause)
[2025-06-13T02:35:15.120+0530][356268.945s] GC(34) Using 10 workers of 10 for evacuation
[2025-06-13T02:35:15.128+0530][356268.953s] GC(34)   Pre Evacuate Collection Set: 0.1ms
[2025-06-13T02:35:15.128+0530][356268.953s] GC(34)   Merge Heap Roots: 0.1ms
[2025-06-13T02:35:15.128+0530][356268.953s] GC(34)   Evacuate Collection Set: 7.2ms
[2025-06-13T02:35:15.128+0530][356268.953s] GC(34)   Post Evacuate Collection Set: 0.7ms
[2025-06-13T02:35:15.128+0530][356268.954s] GC(34)   Other: 0.2ms
[2025-06-13T02:35:15.128+0530][356268.954s] GC(34) Eden regions: 304->0(303)
[2025-06-13T02:35:15.128+0530][356268.954s] GC(34) Survivor regions: 3->4(39)
[2025-06-13T02:35:15.128+0530][356268.954s] GC(34) Old regions: 42->42
[2025-06-13T02:35:15.128+0530][356268.954s] GC(34) Archive regions: 0->0
[2025-06-13T02:35:15.128+0530][356268.954s] GC(34) Humongous regions: 7->7
[2025-06-13T02:35:15.128+0530][356268.954s] GC(34) Metaspace: 56064K(56512K)->56064K(56512K) NonClass: 49746K(49984K)->49746K(49984K) Class: 6317K(6528K)->6317K(6528K)
[2025-06-13T02:35:15.128+0530][356268.954s] GC(34) Pause Young (Normal) (G1 Evacuation Pause) 354M->51M(512M) 8.654ms
[2025-06-13T02:35:15.128+0530][356268.954s] GC(34) User=0.00s Sys=0.12s Real=0.01s
[2025-06-13T02:35:42.341+0530][356296.166s] GC(35) Pause Young (Normal) (G1 Evacuation Pause)
[2025-06-13T02:35:42.341+0530][356296.166s] GC(35) Using 10 workers of 10 for evacuation
[2025-06-13T02:35:42.344+0530][356296.170s] GC(35)   Pre Evacuate Collection Set: 0.2ms
[2025-06-13T02:35:42.344+0530][356296.170s] GC(35)   Merge Heap Roots: 0.2ms
[2025-06-13T02:35:42.344+0530][356296.170s] GC(35)   Evacuate Collection Set: 2.0ms
[2025-06-13T02:35:42.345+0530][356296.170s] GC(35)   Post Evacuate Collection Set: 0.7ms
[2025-06-13T02:35:42.345+0530][356296.170s] GC(35)   Other: 0.3ms
[2025-06-13T02:35:42.345+0530][356296.170s] GC(35) Eden regions: 303->0(303)
[2025-06-13T02:35:42.345+0530][356296.170s] GC(35) Survivor regions: 4->4(39)
[2025-06-13T02:35:42.345+0530][356296.170s] GC(35) Old regions: 42->42
[2025-06-13T02:35:42.345+0530][356296.170s] GC(35) Archive regions: 0->0
[2025-06-13T02:35:42.345+0530][356296.170s] GC(35) Humongous regions: 7->7
[2025-06-13T02:35:42.345+0530][356296.170s] GC(35) Metaspace: 56064K(56512K)->56064K(56512K) NonClass: 49747K(49984K)->49747K(49984K) Class: 6317K(6528K)->6317K(6528K)
[2025-06-13T02:35:42.345+0530][356296.170s] GC(35) Pause Young (Normal) (G1 Evacuation Pause) 354M->51M(512M) 3.665ms
[2025-06-13T02:35:42.345+0530][356296.170s] GC(35) User=0.00s Sys=0.00s Real=0.00s
[2025-06-13T02:37:37.042+0530][356410.867s] GC(36) Pause Young (Normal) (G1 Evacuation Pause)
[2025-06-13T02:37:37.042+0530][356410.867s] GC(36) Using 10 workers of 10 for evacuation
[2025-06-13T02:37:37.045+0530][356410.870s] GC(36)   Pre Evacuate Collection Set: 0.1ms
[2025-06-13T02:37:37.045+0530][356410.870s] GC(36)   Merge Heap Roots: 0.2ms
[2025-06-13T02:37:37.045+0530][356410.870s] GC(36)   Evacuate Collection Set: 1.9ms
[2025-06-13T02:37:37.045+0530][356410.870s] GC(36)   Post Evacuate Collection Set: 0.7ms
[2025-06-13T02:37:37.045+0530][356410.870s] GC(36)   Other: 0.2ms
[2025-06-13T02:37:37.045+0530][356410.870s] GC(36) Eden regions: 303->0(303)
[2025-06-13T02:37:37.045+0530][356410.870s] GC(36) Survivor regions: 4->4(39)
[2025-06-13T02:37:37.045+0530][356410.870s] GC(36) Old regions: 42->42
[2025-06-13T02:37:37.045+0530][356410.870s] GC(36) Archive regions: 0->0
[2025-06-13T02:37:37.045+0530][356410.870s] GC(36) Humongous regions: 7->7
[2025-06-13T02:37:37.045+0530][356410.870s] GC(36) Metaspace: 56095K(56512K)->56095K(56512K) NonClass: 49778K(49984K)->49778K(49984K) Class: 6317K(6528K)->6317K(6528K)
[2025-06-13T02:37:37.045+0530][356410.870s] GC(36) Pause Young (Normal) (G1 Evacuation Pause) 354M->51M(512M) 3.345ms
[2025-06-13T02:37:37.045+0530][356410.870s] GC(36) User=0.05s Sys=0.08s Real=0.00s
[2025-06-13T02:40:22.730+0530][356576.555s] GC(37) Pause Young (Normal) (G1 Evacuation Pause)
[2025-06-13T02:40:22.730+0530][356576.555s] GC(37) Using 10 workers of 10 for evacuation
[2025-06-13T02:40:22.732+0530][356576.558s] GC(37)   Pre Evacuate Collection Set: 0.1ms
[2025-06-13T02:40:22.733+0530][356576.558s] GC(37)   Merge Heap Roots: 0.1ms
[2025-06-13T02:40:22.733+0530][356576.558s] GC(37)   Evacuate Collection Set: 1.6ms
[2025-06-13T02:40:22.733+0530][356576.558s] GC(37)   Post Evacuate Collection Set: 0.7ms
[2025-06-13T02:40:22.733+0530][356576.558s] GC(37)   Other: 0.4ms
[2025-06-13T02:40:22.733+0530][356576.558s] GC(37) Eden regions: 303->0(303)
[2025-06-13T02:40:22.733+0530][356576.558s] GC(37) Survivor regions: 4->4(39)
[2025-06-13T02:40:22.733+0530][356576.558s] GC(37) Old regions: 42->42
[2025-06-13T02:40:22.733+0530][356576.558s] GC(37) Archive regions: 0->0
[2025-06-13T02:40:22.733+0530][356576.558s] GC(37) Humongous regions: 7->7
[2025-06-13T02:40:22.733+0530][356576.558s] GC(37) Metaspace: 56099K(56512K)->56099K(56512K) NonClass: 49782K(49984K)->49782K(49984K) Class: 6317K(6528K)->6317K(6528K)
[2025-06-13T02:40:22.733+0530][356576.558s] GC(37) Pause Young (Normal) (G1 Evacuation Pause) 354M->52M(512M) 3.515ms
[2025-06-13T02:40:22.733+0530][356576.558s] GC(37) User=0.02s Sys=0.00s Real=0.00s
[2025-06-13T02:46:01.191+0530][356915.015s] GC(38) Pause Young (Normal) (G1 Evacuation Pause)
[2025-06-13T02:46:01.191+0530][356915.015s] GC(38) Using 10 workers of 10 for evacuation
[2025-06-13T02:46:01.194+0530][356915.018s] GC(38)   Pre Evacuate Collection Set: 0.1ms
[2025-06-13T02:46:01.194+0530][356915.018s] GC(38)   Merge Heap Roots: 0.2ms
[2025-06-13T02:46:01.194+0530][356915.018s] GC(38)   Evacuate Collection Set: 1.7ms
[2025-06-13T02:46:01.194+0530][356915.019s] GC(38)   Post Evacuate Collection Set: 0.9ms
[2025-06-13T02:46:01.194+0530][356915.019s] GC(38)   Other: 0.3ms
[2025-06-13T02:46:01.194+0530][356915.019s] GC(38) Eden regions: 303->0(303)
[2025-06-13T02:46:01.194+0530][356915.019s] GC(38) Survivor regions: 4->4(39)
[2025-06-13T02:46:01.194+0530][356915.019s] GC(38) Old regions: 42->42
[2025-06-13T02:46:01.194+0530][356915.019s] GC(38) Archive regions: 0->0
[2025-06-13T02:46:01.194+0530][356915.019s] GC(38) Humongous regions: 7->7
[2025-06-13T02:46:01.194+0530][356915.019s] GC(38) Metaspace: 56183K(56704K)->56183K(56704K) NonClass: 49864K(50176K)->49864K(50176K) Class: 6318K(6528K)->6318K(6528K)
[2025-06-13T02:46:01.194+0530][356915.019s] GC(38) Pause Young (Normal) (G1 Evacuation Pause) 355M->52M(512M) 3.383ms
[2025-06-13T02:46:01.194+0530][356915.019s] GC(38) User=0.00s Sys=0.00s Real=0.00s
[2025-06-13T02:48:44.777+0530][357078.602s] GC(39) Pause Young (Normal) (G1 Evacuation Pause)
[2025-06-13T02:48:44.778+0530][357078.602s] GC(39) Using 10 workers of 10 for evacuation
[2025-06-13T02:48:44.781+0530][357078.606s] GC(39)   Pre Evacuate Collection Set: 0.2ms
[2025-06-13T02:48:44.781+0530][357078.606s] GC(39)   Merge Heap Roots: 0.1ms
[2025-06-13T02:48:44.781+0530][357078.606s] GC(39)   Evacuate Collection Set: 1.7ms
[2025-06-13T02:48:44.781+0530][357078.606s] GC(39)   Post Evacuate Collection Set: 1.2ms
[2025-06-13T02:48:44.781+0530][357078.606s] GC(39)   Other: 0.5ms
[2025-06-13T02:48:44.781+0530][357078.606s] GC(39) Eden regions: 303->0(304)
[2025-06-13T02:48:44.781+0530][357078.606s] GC(39) Survivor regions: 4->3(39)
[2025-06-13T02:48:44.781+0530][357078.606s] GC(39) Old regions: 42->42
[2025-06-13T02:48:44.781+0530][357078.606s] GC(39) Archive regions: 0->0
[2025-06-13T02:48:44.781+0530][357078.606s] GC(39) Humongous regions: 7->7
[2025-06-13T02:48:44.781+0530][357078.606s] GC(39) Metaspace: 56208K(56704K)->56208K(56704K) NonClass: 49889K(50176K)->49889K(50176K) Class: 6318K(6528K)->6318K(6528K)
[2025-06-13T02:48:44.781+0530][357078.606s] GC(39) Pause Young (Normal) (G1 Evacuation Pause) 355M->51M(512M) 3.820ms
[2025-06-13T02:48:44.781+0530][357078.606s] GC(39) User=0.00s Sys=0.00s Real=0.00s
[2025-06-13T02:50:58.318+0530][357212.143s] GC(40) Pause Young (Normal) (G1 Evacuation Pause)
[2025-06-13T02:50:58.318+0530][357212.143s] GC(40) Using 10 workers of 10 for evacuation
[2025-06-13T02:50:58.321+0530][357212.146s] GC(40)   Pre Evacuate Collection Set: 0.1ms
[2025-06-13T02:50:58.321+0530][357212.146s] GC(40)   Merge Heap Roots: 0.1ms
[2025-06-13T02:50:58.321+0530][357212.146s] GC(40)   Evacuate Collection Set: 1.2ms
[2025-06-13T02:50:58.321+0530][357212.146s] GC(40)   Post Evacuate Collection Set: 1.7ms
[2025-06-13T02:50:58.321+0530][357212.146s] GC(40)   Other: 0.2ms
[2025-06-13T02:50:58.321+0530][357212.146s] GC(40) Eden regions: 304->0(303)
[2025-06-13T02:50:58.321+0530][357212.146s] GC(40) Survivor regions: 3->4(39)
[2025-06-13T02:50:58.321+0530][357212.146s] GC(40) Old regions: 42->42
[2025-06-13T02:50:58.321+0530][357212.146s] GC(40) Archive regions: 0->0
[2025-06-13T02:50:58.321+0530][357212.146s] GC(40) Humongous regions: 7->7
[2025-06-13T02:50:58.321+0530][357212.146s] GC(40) Metaspace: 56220K(56704K)->56220K(56704K) NonClass: 49901K(50176K)->49901K(50176K) Class: 6319K(6528K)->6319K(6528K)
[2025-06-13T02:50:58.321+0530][357212.146s] GC(40) Pause Young (Normal) (G1 Evacuation Pause) 355M->52M(512M) 3.391ms
[2025-06-13T02:50:58.321+0530][357212.146s] GC(40) User=0.00s Sys=0.00s Real=0.00s
