[2024-01-13T14:00:01.488+0530][0.010s] Heap region size: 1M
[2024-01-13T14:00:01.610+0530][0.134s] Using G1
[2024-01-13T14:00:01.610+0530][0.135s] Heap address: 0x00000000e0000000, size: 512 MB, Compressed Oops mode: 32-bit
[2024-01-13T14:00:02.280+0530][0.803s] GC(0) Pause Young (Normal) (G1 Evacuation Pause)
[2024-01-13T14:00:02.280+0530][0.803s] GC(0) Using 10 workers of 10 for evacuation
[2024-01-13T14:00:02.297+0530][0.819s] GC(0)   Pre Evacuate Collection Set: 0.0ms
[2024-01-13T14:00:02.297+0530][0.819s] GC(0)   Evacuate Collection Set: 14.8ms
[2024-01-13T14:00:02.297+0530][0.819s] GC(0)   Post Evacuate Collection Set: 1.0ms
[2024-01-13T14:00:02.297+0530][0.819s] GC(0)   Other: 0.4ms
[2024-01-13T14:00:02.297+0530][0.819s] GC(0) Eden regions: 30->0(303)
[2024-01-13T14:00:02.305+0530][0.827s] GC(0) Survivor regions: 0->4(4)
[2024-01-13T14:00:02.305+0530][0.827s] GC(0) Old regions: 0->1
[2024-01-13T14:00:02.305+0530][0.827s] GC(0) Humongous regions: 0->0
[2024-01-13T14:00:02.305+0530][0.827s] GC(0) Metaspace: 16402K(17152K)->16402K(17152K) NonClass: 14633K(15104K)->14633K(15104K) Class: 1768K(2048K)->1768K(2048K)
[2024-01-13T14:00:02.305+0530][0.827s] GC(0) Pause Young (Normal) (G1 Evacuation Pause) 30M->4M(512M) 23.657ms
[2024-01-13T14:00:02.305+0530][0.827s] GC(0) User=0.02s Sys=0.00s Real=0.03s
[2024-01-13T14:00:02.485+0530][1.007s] GC(1) Pause Young (Concurrent Start) (Metadata GC Threshold)
[2024-01-13T14:00:02.485+0530][1.007s] GC(1) Using 10 workers of 10 for evacuation
[2024-01-13T14:00:02.488+0530][1.014s] GC(1)   Pre Evacuate Collection Set: 0.0ms
[2024-01-13T14:00:02.488+0530][1.014s] GC(1)   Evacuate Collection Set: 6.6ms
[2024-01-13T14:00:02.488+0530][1.014s] GC(1)   Post Evacuate Collection Set: 0.4ms
[2024-01-13T14:00:02.488+0530][1.014s] GC(1)   Other: 0.1ms
[2024-01-13T14:00:02.488+0530][1.014s] GC(1) Eden regions: 18->0(52)
[2024-01-13T14:00:02.488+0530][1.014s] GC(1) Survivor regions: 4->12(39)
[2024-01-13T14:00:02.488+0530][1.014s] GC(1) Old regions: 1->1
[2024-01-13T14:00:02.488+0530][1.014s] GC(1) Humongous regions: 4->4
[2024-01-13T14:00:02.488+0530][1.014s] GC(1) Metaspace: 20646K(21248K)->20646K(21248K) NonClass: 18391K(18688K)->18391K(18688K) Class: 2254K(2560K)->2254K(2560K)
[2024-01-13T14:00:02.488+0530][1.014s] GC(1) Pause Young (Concurrent Start) (Metadata GC Threshold) 25M->16M(512M) 7.220ms
[2024-01-13T14:00:02.488+0530][1.014s] GC(1) User=0.00s Sys=0.00s Real=0.00s
[2024-01-13T14:00:02.488+0530][1.014s] GC(2) Concurrent Cycle
[2024-01-13T14:00:02.488+0530][1.014s] GC(2) Concurrent Clear Claimed Marks
[2024-01-13T14:00:02.488+0530][1.015s] GC(2) Concurrent Clear Claimed Marks 0.027ms
[2024-01-13T14:00:02.488+0530][1.015s] GC(2) Concurrent Scan Root Regions
[2024-01-13T14:00:02.493+0530][1.018s] GC(2) Concurrent Scan Root Regions 3.133ms
[2024-01-13T14:00:02.493+0530][1.018s] GC(2) Concurrent Mark (1.018s)
[2024-01-13T14:00:02.493+0530][1.018s] GC(2) Concurrent Mark From Roots
[2024-01-13T14:00:02.493+0530][1.018s] GC(2) Using 3 workers of 3 for marking
[2024-01-13T14:00:02.493+0530][1.019s] GC(2) Concurrent Mark From Roots 0.710ms
[2024-01-13T14:00:02.493+0530][1.019s] GC(2) Concurrent Preclean
[2024-01-13T14:00:02.493+0530][1.019s] GC(2) Concurrent Preclean 0.049ms
[2024-01-13T14:00:02.493+0530][1.019s] GC(2) Concurrent Mark (1.018s, 1.019s) 0.874ms
[2024-01-13T14:00:02.493+0530][1.019s] GC(2) Pause Remark
[2024-01-13T14:00:02.498+0530][1.020s] GC(2) Cleaned string and symbol table, strings: 9709 processed, 0 removed, symbols: 68460 processed, 19 removed
[2024-01-13T14:00:02.498+0530][1.020s] GC(2) Pause Remark 16M->16M(512M) 1.462ms
[2024-01-13T14:00:02.498+0530][1.021s] GC(2) User=0.00s Sys=0.00s Real=0.00s
[2024-01-13T14:00:02.505+0530][1.027s] GC(2) Concurrent Rebuild Remembered Sets
[2024-01-13T14:00:02.505+0530][1.027s] GC(2) Concurrent Rebuild Remembered Sets 0.706ms
[2024-01-13T14:00:02.505+0530][1.028s] GC(2) Pause Cleanup
[2024-01-13T14:00:02.505+0530][1.028s] GC(2) Pause Cleanup 16M->16M(512M) 0.158ms
[2024-01-13T14:00:02.505+0530][1.028s] GC(2) User=0.00s Sys=0.00s Real=0.00s
[2024-01-13T14:00:02.505+0530][1.028s] GC(2) Concurrent Cleanup for Next Mark
[2024-01-13T14:00:02.505+0530][1.028s] GC(2) Concurrent Cleanup for Next Mark 0.342ms
[2024-01-13T14:00:02.505+0530][1.028s] GC(2) Concurrent Cycle 13.776ms
[2024-01-13T14:00:02.848+0530][1.370s] GC(3) Pause Young (Normal) (G1 Evacuation Pause)
[2024-01-13T14:00:02.848+0530][1.370s] GC(3) Using 10 workers of 10 for evacuation
[2024-01-13T14:00:02.853+0530][1.376s] GC(3)   Pre Evacuate Collection Set: 0.0ms
[2024-01-13T14:00:02.853+0530][1.376s] GC(3)   Evacuate Collection Set: 5.6ms
[2024-01-13T14:00:02.853+0530][1.376s] GC(3)   Post Evacuate Collection Set: 0.5ms
[2024-01-13T14:00:02.853+0530][1.376s] GC(3)   Other: 0.2ms
[2024-01-13T14:00:02.853+0530][1.376s] GC(3) Eden regions: 40->0(62)
[2024-01-13T14:00:02.853+0530][1.376s] GC(3) Survivor regions: 12->7(7)
[2024-01-13T14:00:02.853+0530][1.376s] GC(3) Old regions: 1->13
[2024-01-13T14:00:02.853+0530][1.376s] GC(3) Humongous regions: 4->4
[2024-01-13T14:00:02.853+0530][1.376s] GC(3) Metaspace: 24434K(25216K)->24434K(25216K) NonClass: 21773K(22272K)->21773K(22272K) Class: 2661K(2944K)->2661K(2944K)
[2024-01-13T14:00:02.853+0530][1.376s] GC(3) Pause Young (Normal) (G1 Evacuation Pause) 56M->23M(512M) 6.344ms
[2024-01-13T14:00:02.853+0530][1.376s] GC(3) User=0.02s Sys=0.00s Real=0.00s
[2024-01-13T14:00:03.270+0530][1.794s] GC(4) Pause Young (Normal) (G1 Evacuation Pause)
[2024-01-13T14:00:03.270+0530][1.794s] GC(4) Using 10 workers of 10 for evacuation
[2024-01-13T14:00:03.270+0530][1.796s] GC(4)   Pre Evacuate Collection Set: 0.0ms
[2024-01-13T14:00:03.270+0530][1.796s] GC(4)   Evacuate Collection Set: 1.9ms
[2024-01-13T14:00:03.270+0530][1.796s] GC(4)   Post Evacuate Collection Set: 0.5ms
[2024-01-13T14:00:03.270+0530][1.796s] GC(4)   Other: 0.1ms
[2024-01-13T14:00:03.270+0530][1.796s] GC(4) Eden regions: 62->0(104)
[2024-01-13T14:00:03.270+0530][1.796s] GC(4) Survivor regions: 7->2(9)
[2024-01-13T14:00:03.270+0530][1.796s] GC(4) Old regions: 13->19
[2024-01-13T14:00:03.270+0530][1.796s] GC(4) Humongous regions: 4->4
[2024-01-13T14:00:03.270+0530][1.796s] GC(4) Metaspace: 31539K(32512K)->31539K(32512K) NonClass: 28096K(28672K)->28096K(28672K) Class: 3442K(3840K)->3442K(3840K)
[2024-01-13T14:00:03.270+0530][1.796s] GC(4) Pause Young (Normal) (G1 Evacuation Pause) 85M->24M(512M) 2.558ms
[2024-01-13T14:00:03.270+0530][1.796s] GC(4) User=0.00s Sys=0.00s Real=0.00s
[2024-01-13T14:00:03.468+0530][1.994s] GC(5) Pause Young (Concurrent Start) (Metadata GC Threshold)
[2024-01-13T14:00:03.468+0530][1.994s] GC(5) Using 10 workers of 10 for evacuation
[2024-01-13T14:00:03.468+0530][1.996s] GC(5)   Pre Evacuate Collection Set: 0.0ms
[2024-01-13T14:00:03.468+0530][1.996s] GC(5)   Evacuate Collection Set: 1.3ms
[2024-01-13T14:00:03.468+0530][1.996s] GC(5)   Post Evacuate Collection Set: 0.2ms
[2024-01-13T14:00:03.468+0530][1.996s] GC(5)   Other: 0.2ms
[2024-01-13T14:00:03.468+0530][1.996s] GC(5) Eden regions: 30->0(116)
[2024-01-13T14:00:03.468+0530][1.996s] GC(5) Survivor regions: 2->3(14)
[2024-01-13T14:00:03.468+0530][1.996s] GC(5) Old regions: 19->19
[2024-01-13T14:00:03.468+0530][1.996s] GC(5) Humongous regions: 4->4
[2024-01-13T14:00:03.468+0530][1.996s] GC(5) Metaspace: 34972K(35840K)->34972K(35840K) NonClass: 31119K(31616K)->31119K(31616K) Class: 3852K(4224K)->3852K(4224K)
[2024-01-13T14:00:03.468+0530][1.996s] GC(5) Pause Young (Concurrent Start) (Metadata GC Threshold) 54M->25M(512M) 1.972ms
[2024-01-13T14:00:03.468+0530][1.996s] GC(5) User=0.00s Sys=0.00s Real=0.00s
[2024-01-13T14:00:03.468+0530][1.996s] GC(6) Concurrent Cycle
[2024-01-13T14:00:03.468+0530][1.996s] GC(6) Concurrent Clear Claimed Marks
[2024-01-13T14:00:03.468+0530][1.996s] GC(6) Concurrent Clear Claimed Marks 0.033ms
[2024-01-13T14:00:03.468+0530][1.996s] GC(6) Concurrent Scan Root Regions
[2024-01-13T14:00:03.475+0530][1.997s] GC(6) Concurrent Scan Root Regions 0.803ms
[2024-01-13T14:00:03.475+0530][1.997s] GC(6) Concurrent Mark (1.997s)
[2024-01-13T14:00:03.475+0530][1.997s] GC(6) Concurrent Mark From Roots
[2024-01-13T14:00:03.475+0530][1.997s] GC(6) Using 3 workers of 3 for marking
[2024-01-13T14:00:03.483+0530][2.005s] GC(6) Concurrent Mark From Roots 7.377ms
[2024-01-13T14:00:03.483+0530][2.005s] GC(6) Concurrent Preclean
[2024-01-13T14:00:03.483+0530][2.005s] GC(6) Concurrent Preclean 0.146ms
[2024-01-13T14:00:03.483+0530][2.005s] GC(6) Concurrent Mark (1.997s, 2.005s) 7.735ms
[2024-01-13T14:00:03.483+0530][2.005s] GC(6) Pause Remark
[2024-01-13T14:00:03.483+0530][2.007s] GC(6) Cleaned string and symbol table, strings: 15647 processed, 26 removed, symbols: 115193 processed, 42 removed
[2024-01-13T14:00:03.483+0530][2.007s] GC(6) Pause Remark 26M->26M(512M) 1.810ms
[2024-01-13T14:00:03.483+0530][2.007s] GC(6) User=0.00s Sys=0.00s Real=0.00s
[2024-01-13T14:00:03.483+0530][2.007s] GC(6) Concurrent Rebuild Remembered Sets
[2024-01-13T14:00:03.488+0530][2.010s] GC(6) Concurrent Rebuild Remembered Sets 3.554ms
[2024-01-13T14:00:03.488+0530][2.011s] GC(6) Pause Cleanup
[2024-01-13T14:00:03.488+0530][2.011s] GC(6) Pause Cleanup 26M->26M(512M) 0.107ms
[2024-01-13T14:00:03.488+0530][2.011s] GC(6) User=0.00s Sys=0.00s Real=0.00s
[2024-01-13T14:00:03.488+0530][2.011s] GC(6) Concurrent Cleanup for Next Mark
[2024-01-13T14:00:03.488+0530][2.011s] GC(6) Concurrent Cleanup for Next Mark 0.317ms
[2024-01-13T14:00:03.488+0530][2.011s] GC(6) Concurrent Cycle 14.930ms
[2024-01-13T14:01:43.890+0530][102.414s] Heap
[2024-01-13T14:01:43.890+0530][102.414s]  garbage-first heap   total 524288K, used 104489K [0x00000000e0000000, 0x0000000100000000)
[2024-01-13T14:01:43.890+0530][102.414s]   region size 1024K, 81 young (82944K), 3 survivors (3072K)
[2024-01-13T14:01:43.890+0530][102.414s]  Metaspace       used 43414K, capacity 44370K, committed 44544K, reserved 1089536K
[2024-01-13T14:01:43.890+0530][102.414s]   class space    used 4905K, capacity 5300K, committed 5376K, reserved 1048576K
