[2025-07-08T02:04:24.202+0530][0.028s] Using G1
[2025-07-08T02:04:24.313+0530][0.140s] Version: 17.0.12+8-LTS-286 (release)
[2025-07-08T02:04:24.314+0530][0.140s] CPUs: 12 total, 12 available
[2025-07-08T02:04:24.314+0530][0.140s] Memory: 16107M
[2025-07-08T02:04:24.314+0530][0.140s] Large Page Support: Disabled
[2025-07-08T02:04:24.314+0530][0.140s] NUMA Support: Disabled
[2025-07-08T02:04:24.314+0530][0.140s] Compressed Oops: Enabled (32-bit)
[2025-07-08T02:04:24.314+0530][0.140s] Heap Region Size: 1M
[2025-07-08T02:04:24.314+0530][0.140s] Heap Min Capacity: 512M
[2025-07-08T02:04:24.314+0530][0.140s] Heap Initial Capacity: 512M
[2025-07-08T02:04:24.314+0530][0.140s] Heap Max Capacity: 512M
[2025-07-08T02:04:24.314+0530][0.140s] Pre-touch: Enabled
[2025-07-08T02:04:24.314+0530][0.140s] Parallel Workers: 10
[2025-07-08T02:04:24.314+0530][0.140s] Concurrent Workers: 3
[2025-07-08T02:04:24.314+0530][0.140s] Concurrent Refinement Workers: 10
[2025-07-08T02:04:24.314+0530][0.140s] Periodic GC: Disabled
[2025-07-08T02:04:24.323+0530][0.149s] CDS archive(s) mapped at: [0x000002b100000000-0x000002b100bd0000-0x000002b100bd0000), size 12386304, SharedBaseAddress: 0x000002b100000000, ArchiveRelocationMode: 1.
[2025-07-08T02:04:24.323+0530][0.149s] Compressed class space mapped at: 0x000002b101000000-0x000002b141000000, reserved size: 1073741824
[2025-07-08T02:04:24.323+0530][0.149s] Narrow klass base: 0x000002b100000000, Narrow klass shift: 0, Narrow klass range: 0x100000000
[2025-07-08T02:04:33.721+0530][9.547s] GC(0) Pause Young (Normal) (G1 Evacuation Pause)
[2025-07-08T02:04:33.722+0530][9.547s] GC(0) Using 10 workers of 10 for evacuation
[2025-07-08T02:04:33.728+0530][9.554s] GC(0)   Pre Evacuate Collection Set: 0.2ms
[2025-07-08T02:04:33.728+0530][9.554s] GC(0)   Merge Heap Roots: 1.0ms
[2025-07-08T02:04:33.728+0530][9.554s] GC(0)   Evacuate Collection Set: 4.2ms
[2025-07-08T02:04:33.728+0530][9.554s] GC(0)   Post Evacuate Collection Set: 0.9ms
[2025-07-08T02:04:33.729+0530][9.554s] GC(0)   Other: 1.0ms
[2025-07-08T02:04:33.729+0530][9.554s] GC(0) Eden regions: 29->0(37)
[2025-07-08T02:04:33.729+0530][9.554s] GC(0) Survivor regions: 0->4(4)
[2025-07-08T02:04:33.729+0530][9.554s] GC(0) Old regions: 0->3
[2025-07-08T02:04:33.729+0530][9.554s] GC(0) Archive regions: 0->0
[2025-07-08T02:04:33.729+0530][9.554s] GC(0) Humongous regions: 4->4
[2025-07-08T02:04:33.729+0530][9.554s] GC(0) Metaspace: 9942K(10176K)->9942K(10176K) NonClass: 8764K(8832K)->8764K(8832K) Class: 1178K(1344K)->1178K(1344K)
[2025-07-08T02:04:33.729+0530][9.554s] GC(0) Pause Young (Normal) (G1 Evacuation Pause) 33M->10M(512M) 7.807ms
[2025-07-08T02:04:33.729+0530][9.554s] GC(0) User=0.00s Sys=0.00s Real=0.01s
[2025-07-08T02:04:35.798+0530][11.623s] GC(1) Pause Young (Normal) (G1 Evacuation Pause)
[2025-07-08T02:04:35.798+0530][11.623s] GC(1) Using 10 workers of 10 for evacuation
[2025-07-08T02:04:35.804+0530][11.630s] GC(1)   Pre Evacuate Collection Set: 0.2ms
[2025-07-08T02:04:35.804+0530][11.630s] GC(1)   Merge Heap Roots: 0.2ms
[2025-07-08T02:04:35.804+0530][11.630s] GC(1)   Evacuate Collection Set: 5.6ms
[2025-07-08T02:04:35.804+0530][11.630s] GC(1)   Post Evacuate Collection Set: 0.9ms
[2025-07-08T02:04:35.804+0530][11.630s] GC(1)   Other: 0.2ms
[2025-07-08T02:04:35.804+0530][11.630s] GC(1) Eden regions: 30->0(45)
[2025-07-08T02:04:35.804+0530][11.630s] GC(1) Survivor regions: 4->5(5)
[2025-07-08T02:04:35.804+0530][11.630s] GC(1) Old regions: 3->10
[2025-07-08T02:04:35.804+0530][11.630s] GC(1) Archive regions: 0->0
[2025-07-08T02:04:35.804+0530][11.630s] GC(1) Humongous regions: 4->4
[2025-07-08T02:04:35.804+0530][11.630s] GC(1) Metaspace: 15635K(15872K)->15635K(15872K) NonClass: 13808K(13952K)->13808K(13952K) Class: 1827K(1920K)->1827K(1920K)
[2025-07-08T02:04:35.804+0530][11.630s] GC(1) Pause Young (Normal) (G1 Evacuation Pause) 40M->19M(512M) 7.208ms
[2025-07-08T02:04:35.804+0530][11.630s] GC(1) User=0.00s Sys=0.00s Real=0.01s
[2025-07-08T02:04:37.717+0530][13.543s] GC(2) Pause Young (Normal) (G1 Evacuation Pause)
[2025-07-08T02:04:37.717+0530][13.543s] GC(2) Using 10 workers of 10 for evacuation
[2025-07-08T02:04:37.720+0530][13.546s] GC(2)   Pre Evacuate Collection Set: 0.2ms
[2025-07-08T02:04:37.720+0530][13.546s] GC(2)   Merge Heap Roots: 0.1ms
[2025-07-08T02:04:37.720+0530][13.546s] GC(2)   Evacuate Collection Set: 1.8ms
[2025-07-08T02:04:37.720+0530][13.546s] GC(2)   Post Evacuate Collection Set: 0.7ms
[2025-07-08T02:04:37.720+0530][13.546s] GC(2)   Other: 0.3ms
[2025-07-08T02:04:37.720+0530][13.546s] GC(2) Eden regions: 45->0(91)
[2025-07-08T02:04:37.720+0530][13.546s] GC(2) Survivor regions: 5->6(7)
[2025-07-08T02:04:37.720+0530][13.546s] GC(2) Old regions: 10->16
[2025-07-08T02:04:37.720+0530][13.546s] GC(2) Archive regions: 0->0
[2025-07-08T02:04:37.720+0530][13.546s] GC(2) Humongous regions: 4->4
[2025-07-08T02:04:37.720+0530][13.546s] GC(2) Metaspace: 21047K(21312K)->21047K(21312K) NonClass: 18686K(18816K)->18686K(18816K) Class: 2361K(2496K)->2361K(2496K)
[2025-07-08T02:04:37.720+0530][13.546s] GC(2) Pause Young (Normal) (G1 Evacuation Pause) 64M->24M(512M) 3.308ms
[2025-07-08T02:04:37.720+0530][13.546s] GC(2) User=0.08s Sys=0.05s Real=0.00s
[2025-07-08T02:04:37.757+0530][13.583s] GC(3) Pause Young (Concurrent Start) (Metadata GC Threshold)
[2025-07-08T02:04:37.757+0530][13.583s] GC(3) Using 10 workers of 10 for evacuation
[2025-07-08T02:04:37.759+0530][13.585s] GC(3)   Pre Evacuate Collection Set: 0.1ms
[2025-07-08T02:04:37.759+0530][13.585s] GC(3)   Merge Heap Roots: 0.0ms
[2025-07-08T02:04:37.759+0530][13.585s] GC(3)   Evacuate Collection Set: 0.9ms
[2025-07-08T02:04:37.759+0530][13.585s] GC(3)   Post Evacuate Collection Set: 0.3ms
[2025-07-08T02:04:37.759+0530][13.585s] GC(3)   Other: 0.3ms
[2025-07-08T02:04:37.759+0530][13.585s] GC(3) Eden regions: 1->0(152)
[2025-07-08T02:04:37.759+0530][13.585s] GC(3) Survivor regions: 6->5(13)
[2025-07-08T02:04:37.759+0530][13.585s] GC(3) Old regions: 16->16
[2025-07-08T02:04:37.759+0530][13.585s] GC(3) Archive regions: 0->0
[2025-07-08T02:04:37.759+0530][13.585s] GC(3) Humongous regions: 4->4
[2025-07-08T02:04:37.759+0530][13.585s] GC(3) Metaspace: 21252K(21504K)->21252K(21504K) NonClass: 18857K(19008K)->18857K(19008K) Class: 2395K(2496K)->2395K(2496K)
[2025-07-08T02:04:37.759+0530][13.585s] GC(3) Pause Young (Concurrent Start) (Metadata GC Threshold) 25M->24M(512M) 1.862ms
[2025-07-08T02:04:37.759+0530][13.585s] GC(3) User=0.00s Sys=0.00s Real=0.00s
[2025-07-08T02:04:37.759+0530][13.585s] GC(4) Concurrent Mark Cycle
[2025-07-08T02:04:37.759+0530][13.585s] GC(4) Concurrent Clear Claimed Marks
[2025-07-08T02:04:37.759+0530][13.585s] GC(4) Concurrent Clear Claimed Marks 0.018ms
[2025-07-08T02:04:37.759+0530][13.585s] GC(4) Concurrent Scan Root Regions
[2025-07-08T02:04:37.760+0530][13.586s] GC(4) Concurrent Scan Root Regions 1.196ms
[2025-07-08T02:04:37.760+0530][13.586s] GC(4) Concurrent Mark
[2025-07-08T02:04:37.760+0530][13.586s] GC(4) Concurrent Mark From Roots
[2025-07-08T02:04:37.760+0530][13.586s] GC(4) Using 3 workers of 3 for marking
[2025-07-08T02:04:37.768+0530][13.594s] GC(4) Concurrent Mark From Roots 7.983ms
[2025-07-08T02:04:37.768+0530][13.594s] GC(4) Concurrent Preclean
[2025-07-08T02:04:37.768+0530][13.595s] GC(4) Concurrent Preclean 0.078ms
[2025-07-08T02:04:37.769+0530][13.595s] GC(4) Pause Remark
[2025-07-08T02:04:37.771+0530][13.597s] GC(4) Pause Remark 25M->25M(512M) 2.569ms
[2025-07-08T02:04:37.771+0530][13.597s] GC(4) User=0.00s Sys=0.00s Real=0.00s
[2025-07-08T02:04:37.771+0530][13.598s] GC(4) Concurrent Mark 11.151ms
[2025-07-08T02:04:37.771+0530][13.598s] GC(4) Concurrent Rebuild Remembered Sets
[2025-07-08T02:04:37.775+0530][13.601s] GC(4) Concurrent Rebuild Remembered Sets 3.697ms
[2025-07-08T02:04:37.776+0530][13.602s] GC(4) Pause Cleanup
[2025-07-08T02:04:37.776+0530][13.602s] GC(4) Pause Cleanup 25M->25M(512M) 0.133ms
[2025-07-08T02:04:37.776+0530][13.603s] GC(4) User=0.00s Sys=0.00s Real=0.00s
[2025-07-08T02:04:37.776+0530][13.603s] GC(4) Concurrent Cleanup for Next Mark
[2025-07-08T02:04:37.777+0530][13.603s] GC(4) Concurrent Cleanup for Next Mark 0.426ms
[2025-07-08T02:04:37.777+0530][13.603s] GC(4) Concurrent Mark Cycle 18.152ms
[2025-07-08T02:04:41.935+0530][17.761s] GC(5) Pause Young (Concurrent Start) (Metadata GC Threshold)
[2025-07-08T02:04:41.935+0530][17.761s] GC(5) Using 10 workers of 10 for evacuation
[2025-07-08T02:04:41.939+0530][17.765s] GC(5)   Pre Evacuate Collection Set: 0.1ms
[2025-07-08T02:04:41.939+0530][17.765s] GC(5)   Merge Heap Roots: 0.1ms
[2025-07-08T02:04:41.939+0530][17.765s] GC(5)   Evacuate Collection Set: 3.2ms
[2025-07-08T02:04:41.939+0530][17.765s] GC(5)   Post Evacuate Collection Set: 0.7ms
[2025-07-08T02:04:41.939+0530][17.765s] GC(5)   Other: 0.2ms
[2025-07-08T02:04:41.939+0530][17.765s] GC(5) Eden regions: 98->0(295)
[2025-07-08T02:04:41.939+0530][17.765s] GC(5) Survivor regions: 5->12(20)
[2025-07-08T02:04:41.939+0530][17.765s] GC(5) Old regions: 16->16
[2025-07-08T02:04:41.939+0530][17.765s] GC(5) Archive regions: 0->0
[2025-07-08T02:04:41.939+0530][17.765s] GC(5) Humongous regions: 5->4
[2025-07-08T02:04:41.939+0530][17.765s] GC(5) Metaspace: 35702K(35968K)->35702K(35968K) NonClass: 31515K(31616K)->31515K(31616K) Class: 4187K(4352K)->4187K(4352K)
[2025-07-08T02:04:41.939+0530][17.765s] GC(5) Pause Young (Concurrent Start) (Metadata GC Threshold) 123M->31M(512M) 4.425ms
[2025-07-08T02:04:41.939+0530][17.765s] GC(5) User=0.06s Sys=0.03s Real=0.00s
[2025-07-08T02:04:41.939+0530][17.765s] GC(6) Concurrent Mark Cycle
[2025-07-08T02:04:41.939+0530][17.765s] GC(6) Concurrent Clear Claimed Marks
[2025-07-08T02:04:41.939+0530][17.765s] GC(6) Concurrent Clear Claimed Marks 0.020ms
[2025-07-08T02:04:41.939+0530][17.765s] GC(6) Concurrent Scan Root Regions
[2025-07-08T02:04:41.941+0530][17.766s] GC(6) Concurrent Scan Root Regions 1.210ms
[2025-07-08T02:04:41.941+0530][17.766s] GC(6) Concurrent Mark
[2025-07-08T02:04:41.941+0530][17.766s] GC(6) Concurrent Mark From Roots
[2025-07-08T02:04:41.941+0530][17.766s] GC(6) Using 3 workers of 3 for marking
[2025-07-08T02:04:41.948+0530][17.774s] GC(6) Concurrent Mark From Roots 7.179ms
[2025-07-08T02:04:41.948+0530][17.774s] GC(6) Concurrent Preclean
[2025-07-08T02:04:41.948+0530][17.774s] GC(6) Concurrent Preclean 0.065ms
[2025-07-08T02:04:41.948+0530][17.774s] GC(6) Pause Remark
[2025-07-08T02:04:41.951+0530][17.777s] GC(6) Pause Remark 33M->33M(512M) 3.190ms
[2025-07-08T02:04:41.951+0530][17.777s] GC(6) User=0.00s Sys=0.00s Real=0.00s
[2025-07-08T02:04:41.952+0530][17.777s] GC(6) Concurrent Mark 10.949ms
[2025-07-08T02:04:41.952+0530][17.777s] GC(6) Concurrent Rebuild Remembered Sets
[2025-07-08T02:04:41.954+0530][17.780s] GC(6) Concurrent Rebuild Remembered Sets 2.836ms
[2025-07-08T02:04:41.955+0530][17.781s] GC(6) Pause Cleanup
[2025-07-08T02:04:41.955+0530][17.781s] GC(6) Pause Cleanup 33M->33M(512M) 0.139ms
[2025-07-08T02:04:41.955+0530][17.781s] GC(6) User=0.00s Sys=0.00s Real=0.00s
[2025-07-08T02:04:41.955+0530][17.781s] GC(6) Concurrent Cleanup for Next Mark
[2025-07-08T02:04:41.955+0530][17.781s] GC(6) Concurrent Cleanup for Next Mark 0.401ms
[2025-07-08T02:04:41.955+0530][17.781s] GC(6) Concurrent Mark Cycle 16.208ms
[2025-07-08T02:12:41.550+0530][497.376s] GC(7) Pause Young (Normal) (G1 Evacuation Pause)
[2025-07-08T02:12:41.550+0530][497.376s] GC(7) Using 10 workers of 10 for evacuation
[2025-07-08T02:12:41.565+0530][497.390s] GC(7)   Pre Evacuate Collection Set: 0.1ms
[2025-07-08T02:12:41.565+0530][497.390s] GC(7)   Merge Heap Roots: 0.2ms
[2025-07-08T02:12:41.565+0530][497.390s] GC(7)   Evacuate Collection Set: 12.6ms
[2025-07-08T02:12:41.565+0530][497.390s] GC(7)   Post Evacuate Collection Set: 1.2ms
[2025-07-08T02:12:41.565+0530][497.390s] GC(7)   Other: 0.2ms
[2025-07-08T02:12:41.565+0530][497.390s] GC(7) Eden regions: 295->0(281)
[2025-07-08T02:12:41.565+0530][497.390s] GC(7) Survivor regions: 12->26(39)
[2025-07-08T02:12:41.565+0530][497.390s] GC(7) Old regions: 16->16
[2025-07-08T02:12:41.565+0530][497.390s] GC(7) Archive regions: 0->0
[2025-07-08T02:12:41.565+0530][497.390s] GC(7) Humongous regions: 4->4
[2025-07-08T02:12:41.565+0530][497.390s] GC(7) Metaspace: 50161K(50688K)->50161K(50688K) NonClass: 44135K(44416K)->44135K(44416K) Class: 6025K(6272K)->6025K(6272K)
[2025-07-08T02:12:41.565+0530][497.390s] GC(7) Pause Young (Normal) (G1 Evacuation Pause) 326M->44M(512M) 14.468ms
[2025-07-08T02:12:41.565+0530][497.390s] GC(7) User=0.02s Sys=0.00s Real=0.02s
[2025-07-08T02:13:35.356+0530][551.182s] GC(8) Pause Young (Normal) (G1 Evacuation Pause)
[2025-07-08T02:13:35.356+0530][551.182s] GC(8) Using 10 workers of 10 for evacuation
[2025-07-08T02:13:35.363+0530][551.189s] GC(8)   Pre Evacuate Collection Set: 0.1ms
[2025-07-08T02:13:35.363+0530][551.189s] GC(8)   Merge Heap Roots: 0.1ms
[2025-07-08T02:13:35.363+0530][551.189s] GC(8)   Evacuate Collection Set: 5.7ms
[2025-07-08T02:13:35.363+0530][551.189s] GC(8)   Post Evacuate Collection Set: 0.8ms
[2025-07-08T02:13:35.363+0530][551.189s] GC(8)   Other: 0.2ms
[2025-07-08T02:13:35.363+0530][551.189s] GC(8) Eden regions: 281->0(292)
[2025-07-08T02:13:35.363+0530][551.189s] GC(8) Survivor regions: 26->15(39)
[2025-07-08T02:13:35.363+0530][551.189s] GC(8) Old regions: 16->28
[2025-07-08T02:13:35.363+0530][551.189s] GC(8) Archive regions: 0->0
[2025-07-08T02:13:35.363+0530][551.189s] GC(8) Humongous regions: 4->4
[2025-07-08T02:13:35.363+0530][551.189s] GC(8) Metaspace: 50820K(51328K)->50820K(51328K) NonClass: 44794K(45056K)->44794K(45056K) Class: 6025K(6272K)->6025K(6272K)
[2025-07-08T02:13:35.363+0530][551.189s] GC(8) Pause Young (Normal) (G1 Evacuation Pause) 325M->45M(512M) 6.897ms
[2025-07-08T02:13:35.363+0530][551.189s] GC(8) User=0.06s Sys=0.09s Real=0.01s
[2025-07-08T02:14:01.347+0530][577.173s] GC(9) Pause Young (Normal) (G1 Evacuation Pause)
[2025-07-08T02:14:01.347+0530][577.173s] GC(9) Using 10 workers of 10 for evacuation
[2025-07-08T02:14:01.354+0530][577.180s] GC(9)   Pre Evacuate Collection Set: 0.2ms
[2025-07-08T02:14:01.354+0530][577.181s] GC(9)   Merge Heap Roots: 0.2ms
[2025-07-08T02:14:01.354+0530][577.181s] GC(9)   Evacuate Collection Set: 5.4ms
[2025-07-08T02:14:01.354+0530][577.181s] GC(9)   Post Evacuate Collection Set: 1.3ms
[2025-07-08T02:14:01.354+0530][577.181s] GC(9)   Other: 0.2ms
[2025-07-08T02:14:01.354+0530][577.181s] GC(9) Eden regions: 292->0(291)
[2025-07-08T02:14:01.354+0530][577.181s] GC(9) Survivor regions: 15->16(39)
[2025-07-08T02:14:01.354+0530][577.181s] GC(9) Old regions: 28->28
[2025-07-08T02:14:01.354+0530][577.181s] GC(9) Archive regions: 0->0
[2025-07-08T02:14:01.354+0530][577.181s] GC(9) Humongous regions: 4->4
[2025-07-08T02:14:01.354+0530][577.181s] GC(9) Metaspace: 51175K(51648K)->51175K(51648K) NonClass: 45146K(45376K)->45146K(45376K) Class: 6029K(6272K)->6029K(6272K)
[2025-07-08T02:14:01.354+0530][577.181s] GC(9) Pause Young (Normal) (G1 Evacuation Pause) 337M->46M(512M) 7.513ms
[2025-07-08T02:14:01.354+0530][577.181s] GC(9) User=0.00s Sys=0.00s Real=0.01s
[2025-07-08T02:17:04.792+0530][760.618s] GC(10) Pause Young (Normal) (G1 Evacuation Pause)
[2025-07-08T02:17:04.792+0530][760.618s] GC(10) Using 10 workers of 10 for evacuation
[2025-07-08T02:17:04.796+0530][760.623s] GC(10)   Pre Evacuate Collection Set: 0.1ms
[2025-07-08T02:17:04.797+0530][760.623s] GC(10)   Merge Heap Roots: 0.1ms
[2025-07-08T02:17:04.797+0530][760.623s] GC(10)   Evacuate Collection Set: 3.6ms
[2025-07-08T02:17:04.797+0530][760.623s] GC(10)   Post Evacuate Collection Set: 0.7ms
[2025-07-08T02:17:04.797+0530][760.623s] GC(10)   Other: 0.2ms
[2025-07-08T02:17:04.797+0530][760.623s] GC(10) Eden regions: 291->0(291)
[2025-07-08T02:17:04.797+0530][760.623s] GC(10) Survivor regions: 16->16(39)
[2025-07-08T02:17:04.797+0530][760.623s] GC(10) Old regions: 28->28
[2025-07-08T02:17:04.797+0530][760.623s] GC(10) Archive regions: 0->0
[2025-07-08T02:17:04.797+0530][760.623s] GC(10) Humongous regions: 4->4
[2025-07-08T02:17:04.797+0530][760.623s] GC(10) Metaspace: 51818K(52288K)->51818K(52288K) NonClass: 45776K(46016K)->45776K(46016K) Class: 6041K(6272K)->6041K(6272K)
[2025-07-08T02:17:04.797+0530][760.623s] GC(10) Pause Young (Normal) (G1 Evacuation Pause) 337M->46M(512M) 4.860ms
[2025-07-08T02:17:04.797+0530][760.623s] GC(10) User=0.02s Sys=0.00s Real=0.00s
[2025-07-08T02:17:53.829+0530][809.654s] GC(11) Pause Young (Normal) (G1 Evacuation Pause)
[2025-07-08T02:17:53.829+0530][809.654s] GC(11) Using 10 workers of 10 for evacuation
[2025-07-08T02:17:53.835+0530][809.661s] GC(11)   Pre Evacuate Collection Set: 0.1ms
[2025-07-08T02:17:53.835+0530][809.661s] GC(11)   Merge Heap Roots: 0.1ms
[2025-07-08T02:17:53.835+0530][809.661s] GC(11)   Evacuate Collection Set: 5.1ms
[2025-07-08T02:17:53.835+0530][809.661s] GC(11)   Post Evacuate Collection Set: 0.7ms
[2025-07-08T02:17:53.835+0530][809.661s] GC(11)   Other: 0.2ms
[2025-07-08T02:17:53.835+0530][809.661s] GC(11) Eden regions: 291->0(292)
[2025-07-08T02:17:53.835+0530][809.661s] GC(11) Survivor regions: 16->15(39)
[2025-07-08T02:17:53.835+0530][809.661s] GC(11) Old regions: 28->28
[2025-07-08T02:17:53.835+0530][809.661s] GC(11) Archive regions: 0->0
[2025-07-08T02:17:53.835+0530][809.661s] GC(11) Humongous regions: 4->4
[2025-07-08T02:17:53.835+0530][809.661s] GC(11) Metaspace: 51908K(52416K)->51908K(52416K) NonClass: 45863K(46144K)->45863K(46144K) Class: 6044K(6272K)->6044K(6272K)
[2025-07-08T02:17:53.835+0530][809.661s] GC(11) Pause Young (Normal) (G1 Evacuation Pause) 337M->46M(512M) 6.301ms
[2025-07-08T02:17:53.835+0530][809.661s] GC(11) User=0.00s Sys=0.00s Real=0.01s
[2025-07-08T02:18:28.887+0530][844.713s] GC(12) Pause Young (Normal) (G1 Evacuation Pause)
[2025-07-08T02:18:28.887+0530][844.713s] GC(12) Using 10 workers of 10 for evacuation
[2025-07-08T02:18:28.891+0530][844.717s] GC(12)   Pre Evacuate Collection Set: 0.1ms
[2025-07-08T02:18:28.891+0530][844.717s] GC(12)   Merge Heap Roots: 0.1ms
[2025-07-08T02:18:28.891+0530][844.717s] GC(12)   Evacuate Collection Set: 3.5ms
[2025-07-08T02:18:28.891+0530][844.717s] GC(12)   Post Evacuate Collection Set: 0.9ms
[2025-07-08T02:18:28.891+0530][844.717s] GC(12)   Other: 0.2ms
[2025-07-08T02:18:28.891+0530][844.717s] GC(12) Eden regions: 292->0(291)
[2025-07-08T02:18:28.891+0530][844.717s] GC(12) Survivor regions: 15->16(39)
[2025-07-08T02:18:28.891+0530][844.717s] GC(12) Old regions: 28->28
[2025-07-08T02:18:28.891+0530][844.717s] GC(12) Archive regions: 0->0
[2025-07-08T02:18:28.891+0530][844.717s] GC(12) Humongous regions: 4->4
[2025-07-08T02:18:28.891+0530][844.717s] GC(12) Metaspace: 51961K(52416K)->51961K(52416K) NonClass: 45917K(46144K)->45917K(46144K) Class: 6044K(6272K)->6044K(6272K)
[2025-07-08T02:18:28.891+0530][844.717s] GC(12) Pause Young (Normal) (G1 Evacuation Pause) 338M->46M(512M) 4.825ms
[2025-07-08T02:18:28.891+0530][844.717s] GC(12) User=0.11s Sys=0.03s Real=0.00s
[2025-07-08T02:36:33.064+0530][1928.890s] GC(13) Pause Young (Normal) (G1 Evacuation Pause)
[2025-07-08T02:36:33.064+0530][1928.890s] GC(13) Using 10 workers of 10 for evacuation
[2025-07-08T02:36:33.069+0530][1928.895s] GC(13)   Pre Evacuate Collection Set: 0.1ms
[2025-07-08T02:36:33.069+0530][1928.895s] GC(13)   Merge Heap Roots: 0.1ms
[2025-07-08T02:36:33.069+0530][1928.895s] GC(13)   Evacuate Collection Set: 4.6ms
[2025-07-08T02:36:33.069+0530][1928.895s] GC(13)   Post Evacuate Collection Set: 0.7ms
[2025-07-08T02:36:33.069+0530][1928.895s] GC(13)   Other: 0.3ms
[2025-07-08T02:36:33.069+0530][1928.895s] GC(13) Eden regions: 291->0(291)
[2025-07-08T02:36:33.069+0530][1928.895s] GC(13) Survivor regions: 16->16(39)
[2025-07-08T02:36:33.069+0530][1928.896s] GC(13) Old regions: 28->28
[2025-07-08T02:36:33.069+0530][1928.896s] GC(13) Archive regions: 0->0
[2025-07-08T02:36:33.069+0530][1928.896s] GC(13) Humongous regions: 4->4
[2025-07-08T02:36:33.069+0530][1928.896s] GC(13) Metaspace: 52041K(52480K)->52041K(52480K) NonClass: 45997K(46208K)->45997K(46208K) Class: 6044K(6272K)->6044K(6272K)
[2025-07-08T02:36:33.070+0530][1928.896s] GC(13) Pause Young (Normal) (G1 Evacuation Pause) 337M->46M(512M) 5.894ms
[2025-07-08T02:36:33.070+0530][1928.896s] GC(13) User=0.00s Sys=0.00s Real=0.01s
[2025-07-08T02:39:57.128+0530][2132.954s] GC(14) Pause Young (Normal) (G1 Evacuation Pause)
[2025-07-08T02:39:57.128+0530][2132.954s] GC(14) Using 10 workers of 10 for evacuation
[2025-07-08T02:39:57.135+0530][2132.960s] GC(14)   Pre Evacuate Collection Set: 0.1ms
[2025-07-08T02:39:57.135+0530][2132.961s] GC(14)   Merge Heap Roots: 0.1ms
[2025-07-08T02:39:57.135+0530][2132.961s] GC(14)   Evacuate Collection Set: 4.7ms
[2025-07-08T02:39:57.135+0530][2132.961s] GC(14)   Post Evacuate Collection Set: 1.3ms
[2025-07-08T02:39:57.135+0530][2132.961s] GC(14)   Other: 0.6ms
[2025-07-08T02:39:57.135+0530][2132.961s] GC(14) Eden regions: 291->0(291)
[2025-07-08T02:39:57.135+0530][2132.961s] GC(14) Survivor regions: 16->16(39)
[2025-07-08T02:39:57.135+0530][2132.961s] GC(14) Old regions: 28->28
[2025-07-08T02:39:57.135+0530][2132.961s] GC(14) Archive regions: 0->0
[2025-07-08T02:39:57.135+0530][2132.961s] GC(14) Humongous regions: 4->4
[2025-07-08T02:39:57.135+0530][2132.961s] GC(14) Metaspace: 52071K(52544K)->52071K(52544K) NonClass: 46027K(46272K)->46027K(46272K) Class: 6044K(6272K)->6044K(6272K)
[2025-07-08T02:39:57.136+0530][2132.961s] GC(14) Pause Young (Normal) (G1 Evacuation Pause) 337M->47M(512M) 6.939ms
[2025-07-08T02:39:57.136+0530][2132.961s] GC(14) User=0.00s Sys=0.00s Real=0.01s
[2025-07-08T02:43:20.761+0530][2336.587s] GC(15) Pause Young (Normal) (G1 Evacuation Pause)
[2025-07-08T02:43:20.761+0530][2336.587s] GC(15) Using 10 workers of 10 for evacuation
[2025-07-08T02:43:20.767+0530][2336.592s] GC(15)   Pre Evacuate Collection Set: 0.1ms
[2025-07-08T02:43:20.767+0530][2336.592s] GC(15)   Merge Heap Roots: 0.1ms
[2025-07-08T02:43:20.767+0530][2336.592s] GC(15)   Evacuate Collection Set: 3.7ms
[2025-07-08T02:43:20.767+0530][2336.592s] GC(15)   Post Evacuate Collection Set: 0.7ms
[2025-07-08T02:43:20.767+0530][2336.592s] GC(15)   Other: 0.2ms
[2025-07-08T02:43:20.767+0530][2336.592s] GC(15) Eden regions: 291->0(291)
[2025-07-08T02:43:20.767+0530][2336.592s] GC(15) Survivor regions: 16->16(39)
[2025-07-08T02:43:20.767+0530][2336.592s] GC(15) Old regions: 28->28
[2025-07-08T02:43:20.767+0530][2336.592s] GC(15) Archive regions: 0->0
[2025-07-08T02:43:20.767+0530][2336.592s] GC(15) Humongous regions: 4->4
[2025-07-08T02:43:20.767+0530][2336.592s] GC(15) Metaspace: 52082K(52544K)->52082K(52544K) NonClass: 46037K(46272K)->46037K(46272K) Class: 6044K(6272K)->6044K(6272K)
[2025-07-08T02:43:20.767+0530][2336.592s] GC(15) Pause Young (Normal) (G1 Evacuation Pause) 337M->46M(512M) 4.885ms
[2025-07-08T02:43:20.767+0530][2336.592s] GC(15) User=0.12s Sys=0.03s Real=0.01s
[2025-07-08T02:45:12.025+0530][2447.851s] GC(16) Pause Young (Normal) (G1 Evacuation Pause)
[2025-07-08T02:45:12.025+0530][2447.851s] GC(16) Using 10 workers of 10 for evacuation
[2025-07-08T02:45:12.030+0530][2447.856s] GC(16)   Pre Evacuate Collection Set: 0.1ms
[2025-07-08T02:45:12.030+0530][2447.856s] GC(16)   Merge Heap Roots: 0.1ms
[2025-07-08T02:45:12.030+0530][2447.856s] GC(16)   Evacuate Collection Set: 3.8ms
[2025-07-08T02:45:12.030+0530][2447.856s] GC(16)   Post Evacuate Collection Set: 0.8ms
[2025-07-08T02:45:12.030+0530][2447.856s] GC(16)   Other: 0.2ms
[2025-07-08T02:45:12.030+0530][2447.856s] GC(16) Eden regions: 291->0(291)
[2025-07-08T02:45:12.030+0530][2447.856s] GC(16) Survivor regions: 16->16(39)
[2025-07-08T02:45:12.030+0530][2447.856s] GC(16) Old regions: 28->28
[2025-07-08T02:45:12.030+0530][2447.856s] GC(16) Archive regions: 0->0
[2025-07-08T02:45:12.030+0530][2447.856s] GC(16) Humongous regions: 4->4
[2025-07-08T02:45:12.030+0530][2447.856s] GC(16) Metaspace: 52097K(52544K)->52097K(52544K) NonClass: 46053K(46272K)->46053K(46272K) Class: 6044K(6272K)->6044K(6272K)
[2025-07-08T02:45:12.030+0530][2447.856s] GC(16) Pause Young (Normal) (G1 Evacuation Pause) 337M->46M(512M) 5.120ms
[2025-07-08T02:45:12.030+0530][2447.856s] GC(16) User=0.00s Sys=0.00s Real=0.00s
[2025-07-08T02:47:11.626+0530][2567.452s] GC(17) Pause Young (Normal) (G1 Evacuation Pause)
[2025-07-08T02:47:11.626+0530][2567.452s] GC(17) Using 10 workers of 10 for evacuation
[2025-07-08T02:47:11.637+0530][2567.464s] GC(17)   Pre Evacuate Collection Set: 0.2ms
[2025-07-08T02:47:11.638+0530][2567.464s] GC(17)   Merge Heap Roots: 0.2ms
[2025-07-08T02:47:11.638+0530][2567.464s] GC(17)   Evacuate Collection Set: 9.1ms
[2025-07-08T02:47:11.638+0530][2567.464s] GC(17)   Post Evacuate Collection Set: 1.7ms
[2025-07-08T02:47:11.638+0530][2567.464s] GC(17)   Other: 0.5ms
[2025-07-08T02:47:11.638+0530][2567.464s] GC(17) Eden regions: 291->0(290)
[2025-07-08T02:47:11.638+0530][2567.464s] GC(17) Survivor regions: 16->17(39)
[2025-07-08T02:47:11.638+0530][2567.464s] GC(17) Old regions: 28->28
[2025-07-08T02:47:11.638+0530][2567.464s] GC(17) Archive regions: 0->0
[2025-07-08T02:47:11.638+0530][2567.464s] GC(17) Humongous regions: 4->4
[2025-07-08T02:47:11.638+0530][2567.464s] GC(17) Metaspace: 52110K(52544K)->52110K(52544K) NonClass: 46066K(46272K)->46066K(46272K) Class: 6044K(6272K)->6044K(6272K)
[2025-07-08T02:47:11.638+0530][2567.464s] GC(17) Pause Young (Normal) (G1 Evacuation Pause) 337M->47M(512M) 11.848ms
[2025-07-08T02:47:11.638+0530][2567.464s] GC(17) User=0.00s Sys=0.00s Real=0.01s
[2025-07-08T02:50:46.632+0530][2782.458s] GC(18) Pause Young (Normal) (G1 Evacuation Pause)
[2025-07-08T02:50:46.632+0530][2782.458s] GC(18) Using 10 workers of 10 for evacuation
[2025-07-08T02:50:46.638+0530][2782.464s] GC(18)   Pre Evacuate Collection Set: 0.3ms
[2025-07-08T02:50:46.638+0530][2782.464s] GC(18)   Merge Heap Roots: 0.1ms
[2025-07-08T02:50:46.638+0530][2782.464s] GC(18)   Evacuate Collection Set: 4.0ms
[2025-07-08T02:50:46.638+0530][2782.464s] GC(18)   Post Evacuate Collection Set: 1.5ms
[2025-07-08T02:50:46.638+0530][2782.464s] GC(18)   Other: 0.3ms
[2025-07-08T02:50:46.638+0530][2782.464s] GC(18) Eden regions: 290->0(291)
[2025-07-08T02:50:46.638+0530][2782.464s] GC(18) Survivor regions: 17->16(39)
[2025-07-08T02:50:46.638+0530][2782.464s] GC(18) Old regions: 28->28
[2025-07-08T02:50:46.638+0530][2782.464s] GC(18) Archive regions: 0->0
[2025-07-08T02:50:46.638+0530][2782.464s] GC(18) Humongous regions: 4->4
[2025-07-08T02:50:46.638+0530][2782.464s] GC(18) Metaspace: 53374K(53888K)->53374K(53888K) NonClass: 47161K(47424K)->47161K(47424K) Class: 6212K(6464K)->6212K(6464K)
[2025-07-08T02:50:46.638+0530][2782.464s] GC(18) Pause Young (Normal) (G1 Evacuation Pause) 337M->46M(512M) 6.383ms
[2025-07-08T02:50:46.638+0530][2782.464s] GC(18) User=0.00s Sys=0.00s Real=0.01s
[2025-07-08T02:57:09.406+0530][3165.232s] GC(19) Pause Young (Normal) (G1 Evacuation Pause)
[2025-07-08T02:57:09.406+0530][3165.232s] GC(19) Using 10 workers of 10 for evacuation
[2025-07-08T02:57:09.413+0530][3165.238s] GC(19)   Pre Evacuate Collection Set: 0.1ms
[2025-07-08T02:57:09.413+0530][3165.238s] GC(19)   Merge Heap Roots: 0.1ms
[2025-07-08T02:57:09.413+0530][3165.238s] GC(19)   Evacuate Collection Set: 5.3ms
[2025-07-08T02:57:09.413+0530][3165.238s] GC(19)   Post Evacuate Collection Set: 0.7ms
[2025-07-08T02:57:09.413+0530][3165.238s] GC(19)   Other: 0.2ms
[2025-07-08T02:57:09.413+0530][3165.238s] GC(19) Eden regions: 291->0(291)
[2025-07-08T02:57:09.413+0530][3165.238s] GC(19) Survivor regions: 16->16(39)
[2025-07-08T02:57:09.413+0530][3165.238s] GC(19) Old regions: 28->28
[2025-07-08T02:57:09.413+0530][3165.238s] GC(19) Archive regions: 0->0
[2025-07-08T02:57:09.413+0530][3165.238s] GC(19) Humongous regions: 4->4
[2025-07-08T02:57:09.413+0530][3165.238s] GC(19) Metaspace: 53433K(53952K)->53433K(53952K) NonClass: 47220K(47488K)->47220K(47488K) Class: 6212K(6464K)->6212K(6464K)
[2025-07-08T02:57:09.413+0530][3165.239s] GC(19) Pause Young (Normal) (G1 Evacuation Pause) 337M->46M(512M) 6.495ms
[2025-07-08T02:57:09.413+0530][3165.239s] GC(19) User=0.00s Sys=0.00s Real=0.01s
[2025-07-08T03:03:11.443+0530][3527.269s] GC(20) Pause Young (Normal) (G1 Evacuation Pause)
[2025-07-08T03:03:11.443+0530][3527.269s] GC(20) Using 10 workers of 10 for evacuation
[2025-07-08T03:03:11.449+0530][3527.274s] GC(20)   Pre Evacuate Collection Set: 0.1ms
[2025-07-08T03:03:11.449+0530][3527.274s] GC(20)   Merge Heap Roots: 0.1ms
[2025-07-08T03:03:11.449+0530][3527.274s] GC(20)   Evacuate Collection Set: 4.0ms
[2025-07-08T03:03:11.449+0530][3527.274s] GC(20)   Post Evacuate Collection Set: 0.7ms
[2025-07-08T03:03:11.449+0530][3527.274s] GC(20)   Other: 0.2ms
[2025-07-08T03:03:11.449+0530][3527.274s] GC(20) Eden regions: 291->0(290)
[2025-07-08T03:03:11.449+0530][3527.274s] GC(20) Survivor regions: 16->17(39)
[2025-07-08T03:03:11.449+0530][3527.274s] GC(20) Old regions: 28->28
[2025-07-08T03:03:11.449+0530][3527.274s] GC(20) Archive regions: 0->0
[2025-07-08T03:03:11.449+0530][3527.274s] GC(20) Humongous regions: 4->4
[2025-07-08T03:03:11.449+0530][3527.274s] GC(20) Metaspace: 53457K(53952K)->53457K(53952K) NonClass: 47244K(47488K)->47244K(47488K) Class: 6212K(6464K)->6212K(6464K)
[2025-07-08T03:03:11.449+0530][3527.274s] GC(20) Pause Young (Normal) (G1 Evacuation Pause) 337M->47M(512M) 5.225ms
[2025-07-08T03:03:11.449+0530][3527.274s] GC(20) User=0.00s Sys=0.00s Real=0.01s
[2025-07-08T03:06:35.541+0530][3731.367s] GC(21) Pause Young (Normal) (G1 Evacuation Pause)
[2025-07-08T03:06:35.541+0530][3731.367s] GC(21) Using 10 workers of 10 for evacuation
[2025-07-08T03:06:35.547+0530][3731.373s] GC(21)   Pre Evacuate Collection Set: 0.1ms
[2025-07-08T03:06:35.547+0530][3731.373s] GC(21)   Merge Heap Roots: 0.1ms
[2025-07-08T03:06:35.547+0530][3731.373s] GC(21)   Evacuate Collection Set: 4.2ms
[2025-07-08T03:06:35.547+0530][3731.373s] GC(21)   Post Evacuate Collection Set: 0.8ms
[2025-07-08T03:06:35.547+0530][3731.373s] GC(21)   Other: 0.7ms
[2025-07-08T03:06:35.547+0530][3731.373s] GC(21) Eden regions: 290->0(291)
[2025-07-08T03:06:35.547+0530][3731.373s] GC(21) Survivor regions: 17->16(39)
[2025-07-08T03:06:35.547+0530][3731.373s] GC(21) Old regions: 28->28
[2025-07-08T03:06:35.547+0530][3731.373s] GC(21) Archive regions: 0->0
[2025-07-08T03:06:35.547+0530][3731.373s] GC(21) Humongous regions: 4->4
[2025-07-08T03:06:35.547+0530][3731.373s] GC(21) Metaspace: 53461K(53952K)->53461K(53952K) NonClass: 47249K(47488K)->47249K(47488K) Class: 6212K(6464K)->6212K(6464K)
[2025-07-08T03:06:35.547+0530][3731.373s] GC(21) Pause Young (Normal) (G1 Evacuation Pause) 337M->46M(512M) 5.946ms
[2025-07-08T03:06:35.547+0530][3731.373s] GC(21) User=0.00s Sys=0.02s Real=0.01s
[2025-07-08T03:09:30.744+0530][3906.570s] GC(22) Pause Young (Normal) (G1 Evacuation Pause)
[2025-07-08T03:09:30.745+0530][3906.571s] GC(22) Using 10 workers of 10 for evacuation
[2025-07-08T03:09:30.760+0530][3906.586s] GC(22)   Pre Evacuate Collection Set: 0.3ms
[2025-07-08T03:09:30.760+0530][3906.586s] GC(22)   Merge Heap Roots: 0.2ms
[2025-07-08T03:09:30.760+0530][3906.586s] GC(22)   Evacuate Collection Set: 12.6ms
[2025-07-08T03:09:30.760+0530][3906.586s] GC(22)   Post Evacuate Collection Set: 1.5ms
[2025-07-08T03:09:30.761+0530][3906.586s] GC(22)   Other: 1.6ms
[2025-07-08T03:09:30.761+0530][3906.586s] GC(22) Eden regions: 291->0(303)
[2025-07-08T03:09:30.761+0530][3906.586s] GC(22) Survivor regions: 16->4(39)
[2025-07-08T03:09:30.761+0530][3906.586s] GC(22) Old regions: 28->41
[2025-07-08T03:09:30.761+0530][3906.586s] GC(22) Archive regions: 0->0
[2025-07-08T03:09:30.761+0530][3906.586s] GC(22) Humongous regions: 4->4
[2025-07-08T03:09:30.761+0530][3906.586s] GC(22) Metaspace: 53466K(53952K)->53466K(53952K) NonClass: 47253K(47488K)->47253K(47488K) Class: 6213K(6464K)->6213K(6464K)
[2025-07-08T03:09:30.761+0530][3906.587s] GC(22) Pause Young (Normal) (G1 Evacuation Pause) 337M->47M(512M) 16.957ms
[2025-07-08T03:09:30.761+0530][3906.587s] GC(22) User=0.11s Sys=0.02s Real=0.02s
[2025-07-08T03:10:17.199+0530][3953.025s] GC(23) Pause Young (Normal) (G1 Evacuation Pause)
[2025-07-08T03:10:17.199+0530][3953.025s] GC(23) Using 10 workers of 10 for evacuation
[2025-07-08T03:10:17.202+0530][3953.028s] GC(23)   Pre Evacuate Collection Set: 0.1ms
[2025-07-08T03:10:17.202+0530][3953.028s] GC(23)   Merge Heap Roots: 0.1ms
[2025-07-08T03:10:17.202+0530][3953.028s] GC(23)   Evacuate Collection Set: 1.7ms
[2025-07-08T03:10:17.202+0530][3953.028s] GC(23)   Post Evacuate Collection Set: 0.6ms
[2025-07-08T03:10:17.202+0530][3953.028s] GC(23)   Other: 0.6ms
[2025-07-08T03:10:17.202+0530][3953.028s] GC(23) Eden regions: 303->0(304)
[2025-07-08T03:10:17.202+0530][3953.028s] GC(23) Survivor regions: 4->3(39)
[2025-07-08T03:10:17.202+0530][3953.028s] GC(23) Old regions: 41->42
[2025-07-08T03:10:17.202+0530][3953.028s] GC(23) Archive regions: 0->0
[2025-07-08T03:10:17.202+0530][3953.028s] GC(23) Humongous regions: 4->4
[2025-07-08T03:10:17.202+0530][3953.028s] GC(23) Metaspace: 53468K(54016K)->53468K(54016K) NonClass: 47254K(47552K)->47254K(47552K) Class: 6213K(6464K)->6213K(6464K)
[2025-07-08T03:10:17.202+0530][3953.029s] GC(23) Pause Young (Normal) (G1 Evacuation Pause) 350M->47M(512M) 3.616ms
[2025-07-08T03:10:17.203+0530][3953.029s] GC(23) User=0.02s Sys=0.02s Real=0.00s
[2025-07-08T03:14:51.466+0530][4227.291s] GC(24) Pause Young (Normal) (G1 Evacuation Pause)
[2025-07-08T03:14:51.466+0530][4227.292s] GC(24) Using 10 workers of 10 for evacuation
[2025-07-08T03:14:51.468+0530][4227.294s] GC(24)   Pre Evacuate Collection Set: 0.1ms
[2025-07-08T03:14:51.468+0530][4227.294s] GC(24)   Merge Heap Roots: 0.1ms
[2025-07-08T03:14:51.468+0530][4227.294s] GC(24)   Evacuate Collection Set: 1.4ms
[2025-07-08T03:14:51.468+0530][4227.294s] GC(24)   Post Evacuate Collection Set: 0.5ms
[2025-07-08T03:14:51.468+0530][4227.294s] GC(24)   Other: 0.2ms
[2025-07-08T03:14:51.468+0530][4227.294s] GC(24) Eden regions: 304->0(305)
[2025-07-08T03:14:51.468+0530][4227.294s] GC(24) Survivor regions: 3->2(39)
[2025-07-08T03:14:51.468+0530][4227.294s] GC(24) Old regions: 42->42
[2025-07-08T03:14:51.468+0530][4227.294s] GC(24) Archive regions: 0->0
[2025-07-08T03:14:51.468+0530][4227.294s] GC(24) Humongous regions: 4->4
[2025-07-08T03:14:51.468+0530][4227.294s] GC(24) Metaspace: 53483K(54016K)->53483K(54016K) NonClass: 47269K(47552K)->47269K(47552K) Class: 6213K(6464K)->6213K(6464K)
[2025-07-08T03:14:51.469+0530][4227.294s] GC(24) Pause Young (Normal) (G1 Evacuation Pause) 351M->47M(512M) 2.508ms
[2025-07-08T03:14:51.469+0530][4227.294s] GC(24) User=0.00s Sys=0.02s Real=0.00s
[2025-07-08T03:20:16.187+0530][4552.013s] GC(25) Pause Young (Normal) (G1 Evacuation Pause)
[2025-07-08T03:20:16.187+0530][4552.013s] GC(25) Using 10 workers of 10 for evacuation
[2025-07-08T03:20:16.189+0530][4552.015s] GC(25)   Pre Evacuate Collection Set: 0.1ms
[2025-07-08T03:20:16.189+0530][4552.015s] GC(25)   Merge Heap Roots: 0.1ms
[2025-07-08T03:20:16.189+0530][4552.015s] GC(25)   Evacuate Collection Set: 1.4ms
[2025-07-08T03:20:16.190+0530][4552.015s] GC(25)   Post Evacuate Collection Set: 0.5ms
[2025-07-08T03:20:16.190+0530][4552.015s] GC(25)   Other: 0.3ms
[2025-07-08T03:20:16.190+0530][4552.015s] GC(25) Eden regions: 305->0(305)
[2025-07-08T03:20:16.190+0530][4552.015s] GC(25) Survivor regions: 2->2(39)
[2025-07-08T03:20:16.190+0530][4552.015s] GC(25) Old regions: 42->42
[2025-07-08T03:20:16.190+0530][4552.015s] GC(25) Archive regions: 0->0
[2025-07-08T03:20:16.190+0530][4552.015s] GC(25) Humongous regions: 4->4
[2025-07-08T03:20:16.190+0530][4552.015s] GC(25) Metaspace: 53503K(54016K)->53503K(54016K) NonClass: 47288K(47552K)->47288K(47552K) Class: 6215K(6464K)->6215K(6464K)
[2025-07-08T03:20:16.190+0530][4552.015s] GC(25) Pause Young (Normal) (G1 Evacuation Pause) 352M->47M(512M) 2.852ms
[2025-07-08T03:20:16.190+0530][4552.016s] GC(25) User=0.00s Sys=0.02s Real=0.00s
[2025-07-08T03:57:40.400+0530][6796.226s] GC(26) Pause Young (Normal) (G1 Evacuation Pause)
[2025-07-08T03:57:40.401+0530][6796.227s] GC(26) Using 10 workers of 10 for evacuation
[2025-07-08T03:57:40.409+0530][6796.234s] GC(26)   Pre Evacuate Collection Set: 0.8ms
[2025-07-08T03:57:40.409+0530][6796.234s] GC(26)   Merge Heap Roots: 0.3ms
[2025-07-08T03:57:40.409+0530][6796.234s] GC(26)   Evacuate Collection Set: 4.8ms
[2025-07-08T03:57:40.409+0530][6796.234s] GC(26)   Post Evacuate Collection Set: 1.3ms
[2025-07-08T03:57:40.409+0530][6796.234s] GC(26)   Other: 1.6ms
[2025-07-08T03:57:40.409+0530][6796.234s] GC(26) Eden regions: 305->0(305)
[2025-07-08T03:57:40.409+0530][6796.234s] GC(26) Survivor regions: 2->2(39)
[2025-07-08T03:57:40.409+0530][6796.234s] GC(26) Old regions: 42->42
[2025-07-08T03:57:40.409+0530][6796.234s] GC(26) Archive regions: 0->0
[2025-07-08T03:57:40.409+0530][6796.234s] GC(26) Humongous regions: 4->4
[2025-07-08T03:57:40.409+0530][6796.235s] GC(26) Metaspace: 53539K(54080K)->53539K(54080K) NonClass: 47323K(47616K)->47323K(47616K) Class: 6215K(6464K)->6215K(6464K)
[2025-07-08T03:57:40.409+0530][6796.235s] GC(26) Pause Young (Normal) (G1 Evacuation Pause) 352M->47M(512M) 9.248ms
[2025-07-08T03:57:40.409+0530][6796.235s] GC(26) User=0.03s Sys=0.00s Real=0.01s
[2025-07-08T03:58:01.046+0530][6816.872s] GC(27) Pause Young (Normal) (G1 Evacuation Pause)
[2025-07-08T03:58:01.046+0530][6816.872s] GC(27) Using 10 workers of 10 for evacuation
[2025-07-08T03:58:01.052+0530][6816.877s] GC(27)   Pre Evacuate Collection Set: 0.2ms
[2025-07-08T03:58:01.052+0530][6816.877s] GC(27)   Merge Heap Roots: 0.1ms
[2025-07-08T03:58:01.052+0530][6816.877s] GC(27)   Evacuate Collection Set: 2.4ms
[2025-07-08T03:58:01.052+0530][6816.877s] GC(27)   Post Evacuate Collection Set: 1.4ms
[2025-07-08T03:58:01.052+0530][6816.878s] GC(27)   Other: 1.2ms
[2025-07-08T03:58:01.052+0530][6816.878s] GC(27) Eden regions: 305->0(305)
[2025-07-08T03:58:01.052+0530][6816.878s] GC(27) Survivor regions: 2->2(39)
[2025-07-08T03:58:01.052+0530][6816.878s] GC(27) Old regions: 42->42
[2025-07-08T03:58:01.052+0530][6816.878s] GC(27) Archive regions: 0->0
[2025-07-08T03:58:01.052+0530][6816.878s] GC(27) Humongous regions: 4->4
[2025-07-08T03:58:01.052+0530][6816.878s] GC(27) Metaspace: 53541K(54080K)->53541K(54080K) NonClass: 47326K(47616K)->47326K(47616K) Class: 6215K(6464K)->6215K(6464K)
[2025-07-08T03:58:01.052+0530][6816.878s] GC(27) Pause Young (Normal) (G1 Evacuation Pause) 352M->47M(512M) 5.624ms
[2025-07-08T03:58:01.052+0530][6816.878s] GC(27) User=0.02s Sys=0.00s Real=0.01s
[2025-07-08T03:58:17.641+0530][6833.466s] GC(28) Pause Young (Normal) (G1 Evacuation Pause)
[2025-07-08T03:58:17.641+0530][6833.466s] GC(28) Using 10 workers of 10 for evacuation
[2025-07-08T03:58:17.643+0530][6833.469s] GC(28)   Pre Evacuate Collection Set: 0.1ms
[2025-07-08T03:58:17.643+0530][6833.469s] GC(28)   Merge Heap Roots: 0.1ms
[2025-07-08T03:58:17.643+0530][6833.469s] GC(28)   Evacuate Collection Set: 1.6ms
[2025-07-08T03:58:17.643+0530][6833.469s] GC(28)   Post Evacuate Collection Set: 0.7ms
[2025-07-08T03:58:17.643+0530][6833.469s] GC(28)   Other: 0.2ms
[2025-07-08T03:58:17.643+0530][6833.469s] GC(28) Eden regions: 305->0(305)
[2025-07-08T03:58:17.643+0530][6833.469s] GC(28) Survivor regions: 2->2(39)
[2025-07-08T03:58:17.643+0530][6833.469s] GC(28) Old regions: 42->42
[2025-07-08T03:58:17.643+0530][6833.469s] GC(28) Archive regions: 0->0
[2025-07-08T03:58:17.643+0530][6833.469s] GC(28) Humongous regions: 4->4
[2025-07-08T03:58:17.643+0530][6833.469s] GC(28) Metaspace: 53546K(54080K)->53546K(54080K) NonClass: 47330K(47616K)->47330K(47616K) Class: 6215K(6464K)->6215K(6464K)
[2025-07-08T03:58:17.643+0530][6833.469s] GC(28) Pause Young (Normal) (G1 Evacuation Pause) 352M->47M(512M) 2.711ms
[2025-07-08T03:58:17.643+0530][6833.469s] GC(28) User=0.00s Sys=0.00s Real=0.00s
[2025-07-08T03:58:45.570+0530][6861.396s] GC(29) Pause Young (Normal) (G1 Evacuation Pause)
[2025-07-08T03:58:45.570+0530][6861.396s] GC(29) Using 10 workers of 10 for evacuation
[2025-07-08T03:58:45.572+0530][6861.398s] GC(29)   Pre Evacuate Collection Set: 0.1ms
[2025-07-08T03:58:45.572+0530][6861.398s] GC(29)   Merge Heap Roots: 0.5ms
[2025-07-08T03:58:45.572+0530][6861.398s] GC(29)   Evacuate Collection Set: 0.9ms
[2025-07-08T03:58:45.572+0530][6861.398s] GC(29)   Post Evacuate Collection Set: 0.8ms
[2025-07-08T03:58:45.572+0530][6861.398s] GC(29)   Other: 0.2ms
[2025-07-08T03:58:45.572+0530][6861.398s] GC(29) Eden regions: 305->0(305)
[2025-07-08T03:58:45.572+0530][6861.398s] GC(29) Survivor regions: 2->2(39)
[2025-07-08T03:58:45.572+0530][6861.398s] GC(29) Old regions: 42->43
[2025-07-08T03:58:45.572+0530][6861.398s] GC(29) Archive regions: 0->0
[2025-07-08T03:58:45.572+0530][6861.398s] GC(29) Humongous regions: 4->4
[2025-07-08T03:58:45.572+0530][6861.398s] GC(29) Metaspace: 53555K(54080K)->53555K(54080K) NonClass: 47340K(47616K)->47340K(47616K) Class: 6215K(6464K)->6215K(6464K)
[2025-07-08T03:58:45.572+0530][6861.398s] GC(29) Pause Young (Normal) (G1 Evacuation Pause) 352M->47M(512M) 2.629ms
[2025-07-08T03:58:45.572+0530][6861.398s] GC(29) User=0.00s Sys=0.00s Real=0.00s
[2025-07-08T04:01:05.481+0530][7001.307s] GC(30) Pause Young (Normal) (G1 Evacuation Pause)
[2025-07-08T04:01:05.481+0530][7001.307s] GC(30) Using 10 workers of 10 for evacuation
[2025-07-08T04:01:05.483+0530][7001.309s] GC(30)   Pre Evacuate Collection Set: 0.1ms
[2025-07-08T04:01:05.483+0530][7001.309s] GC(30)   Merge Heap Roots: 0.1ms
[2025-07-08T04:01:05.483+0530][7001.309s] GC(30)   Evacuate Collection Set: 0.7ms
[2025-07-08T04:01:05.483+0530][7001.309s] GC(30)   Post Evacuate Collection Set: 0.6ms
[2025-07-08T04:01:05.483+0530][7001.309s] GC(30)   Other: 0.4ms
[2025-07-08T04:01:05.483+0530][7001.309s] GC(30) Eden regions: 305->0(305)
[2025-07-08T04:01:05.483+0530][7001.309s] GC(30) Survivor regions: 2->2(39)
[2025-07-08T04:01:05.483+0530][7001.309s] GC(30) Old regions: 43->43
[2025-07-08T04:01:05.483+0530][7001.309s] GC(30) Archive regions: 0->0
[2025-07-08T04:01:05.483+0530][7001.309s] GC(30) Humongous regions: 4->4
[2025-07-08T04:01:05.483+0530][7001.309s] GC(30) Metaspace: 53559K(54080K)->53559K(54080K) NonClass: 47344K(47616K)->47344K(47616K) Class: 6215K(6464K)->6215K(6464K)
[2025-07-08T04:01:05.483+0530][7001.309s] GC(30) Pause Young (Normal) (G1 Evacuation Pause) 352M->47M(512M) 2.007ms
[2025-07-08T04:01:05.483+0530][7001.309s] GC(30) User=0.00s Sys=0.00s Real=0.00s
[2025-07-08T04:02:58.179+0530][7114.005s] GC(31) Pause Young (Normal) (G1 Evacuation Pause)
[2025-07-08T04:02:58.179+0530][7114.005s] GC(31) Using 10 workers of 10 for evacuation
[2025-07-08T04:02:58.182+0530][7114.007s] GC(31)   Pre Evacuate Collection Set: 0.1ms
[2025-07-08T04:02:58.182+0530][7114.007s] GC(31)   Merge Heap Roots: 0.1ms
[2025-07-08T04:02:58.182+0530][7114.007s] GC(31)   Evacuate Collection Set: 1.3ms
[2025-07-08T04:02:58.182+0530][7114.007s] GC(31)   Post Evacuate Collection Set: 0.6ms
[2025-07-08T04:02:58.182+0530][7114.007s] GC(31)   Other: 0.2ms
[2025-07-08T04:02:58.182+0530][7114.007s] GC(31) Eden regions: 305->0(304)
[2025-07-08T04:02:58.182+0530][7114.007s] GC(31) Survivor regions: 2->3(39)
[2025-07-08T04:02:58.182+0530][7114.007s] GC(31) Old regions: 43->43
[2025-07-08T04:02:58.182+0530][7114.007s] GC(31) Archive regions: 0->0
[2025-07-08T04:02:58.182+0530][7114.007s] GC(31) Humongous regions: 4->4
[2025-07-08T04:02:58.182+0530][7114.007s] GC(31) Metaspace: 53560K(54080K)->53560K(54080K) NonClass: 47344K(47616K)->47344K(47616K) Class: 6215K(6464K)->6215K(6464K)
[2025-07-08T04:02:58.182+0530][7114.007s] GC(31) Pause Young (Normal) (G1 Evacuation Pause) 352M->48M(512M) 2.360ms
[2025-07-08T04:02:58.182+0530][7114.007s] GC(31) User=0.00s Sys=0.00s Real=0.00s
[2025-07-08T04:03:18.797+0530][7134.623s] GC(32) Pause Young (Normal) (G1 Evacuation Pause)
[2025-07-08T04:03:18.797+0530][7134.623s] GC(32) Using 10 workers of 10 for evacuation
[2025-07-08T04:03:18.799+0530][7134.625s] GC(32)   Pre Evacuate Collection Set: 0.2ms
[2025-07-08T04:03:18.799+0530][7134.625s] GC(32)   Merge Heap Roots: 0.2ms
[2025-07-08T04:03:18.799+0530][7134.625s] GC(32)   Evacuate Collection Set: 0.7ms
[2025-07-08T04:03:18.799+0530][7134.625s] GC(32)   Post Evacuate Collection Set: 0.8ms
[2025-07-08T04:03:18.799+0530][7134.625s] GC(32)   Other: 0.1ms
[2025-07-08T04:03:18.799+0530][7134.625s] GC(32) Eden regions: 304->0(305)
[2025-07-08T04:03:18.799+0530][7134.625s] GC(32) Survivor regions: 3->2(39)
[2025-07-08T04:03:18.799+0530][7134.625s] GC(32) Old regions: 43->43
[2025-07-08T04:03:18.799+0530][7134.625s] GC(32) Archive regions: 0->0
[2025-07-08T04:03:18.799+0530][7134.625s] GC(32) Humongous regions: 4->4
[2025-07-08T04:03:18.799+0530][7134.625s] GC(32) Metaspace: 53560K(54080K)->53560K(54080K) NonClass: 47344K(47616K)->47344K(47616K) Class: 6215K(6464K)->6215K(6464K)
[2025-07-08T04:03:18.799+0530][7134.625s] GC(32) Pause Young (Normal) (G1 Evacuation Pause) 352M->47M(512M) 2.164ms
[2025-07-08T04:03:18.799+0530][7134.625s] GC(32) User=0.00s Sys=0.00s Real=0.00s
[2025-07-08T04:03:50.731+0530][7166.557s] GC(33) Pause Young (Normal) (G1 Evacuation Pause)
[2025-07-08T04:03:50.731+0530][7166.557s] GC(33) Using 10 workers of 10 for evacuation
[2025-07-08T04:03:50.735+0530][7166.561s] GC(33)   Pre Evacuate Collection Set: 0.6ms
[2025-07-08T04:03:50.735+0530][7166.562s] GC(33)   Merge Heap Roots: 0.2ms
[2025-07-08T04:03:50.736+0530][7166.562s] GC(33)   Evacuate Collection Set: 2.2ms
[2025-07-08T04:03:50.736+0530][7166.562s] GC(33)   Post Evacuate Collection Set: 1.0ms
[2025-07-08T04:03:50.736+0530][7166.562s] GC(33)   Other: 0.9ms
[2025-07-08T04:03:50.736+0530][7166.562s] GC(33) Eden regions: 305->0(305)
[2025-07-08T04:03:50.736+0530][7166.562s] GC(33) Survivor regions: 2->2(39)
[2025-07-08T04:03:50.736+0530][7166.562s] GC(33) Old regions: 43->43
[2025-07-08T04:03:50.736+0530][7166.562s] GC(33) Archive regions: 0->0
[2025-07-08T04:03:50.736+0530][7166.562s] GC(33) Humongous regions: 4->4
[2025-07-08T04:03:50.736+0530][7166.562s] GC(33) Metaspace: 53599K(54080K)->53599K(54080K) NonClass: 47383K(47616K)->47383K(47616K) Class: 6215K(6464K)->6215K(6464K)
[2025-07-08T04:03:50.736+0530][7166.562s] GC(33) Pause Young (Normal) (G1 Evacuation Pause) 352M->48M(512M) 5.171ms
[2025-07-08T04:03:50.736+0530][7166.562s] GC(33) User=0.03s Sys=0.08s Real=0.01s
[2025-07-08T04:04:45.078+0530][7220.904s] GC(34) Pause Young (Normal) (G1 Evacuation Pause)
[2025-07-08T04:04:45.078+0530][7220.904s] GC(34) Using 10 workers of 10 for evacuation
[2025-07-08T04:04:45.080+0530][7220.906s] GC(34)   Pre Evacuate Collection Set: 0.2ms
[2025-07-08T04:04:45.080+0530][7220.906s] GC(34)   Merge Heap Roots: 0.1ms
[2025-07-08T04:04:45.080+0530][7220.906s] GC(34)   Evacuate Collection Set: 0.9ms
[2025-07-08T04:04:45.080+0530][7220.906s] GC(34)   Post Evacuate Collection Set: 0.4ms
[2025-07-08T04:04:45.080+0530][7220.906s] GC(34)   Other: 0.3ms
[2025-07-08T04:04:45.080+0530][7220.906s] GC(34) Eden regions: 305->0(305)
[2025-07-08T04:04:45.080+0530][7220.906s] GC(34) Survivor regions: 2->2(39)
[2025-07-08T04:04:45.080+0530][7220.906s] GC(34) Old regions: 43->43
[2025-07-08T04:04:45.080+0530][7220.906s] GC(34) Archive regions: 0->0
[2025-07-08T04:04:45.080+0530][7220.906s] GC(34) Humongous regions: 4->4
[2025-07-08T04:04:45.080+0530][7220.906s] GC(34) Metaspace: 53604K(54080K)->53604K(54080K) NonClass: 47388K(47616K)->47388K(47616K) Class: 6215K(6464K)->6215K(6464K)
[2025-07-08T04:04:45.080+0530][7220.906s] GC(34) Pause Young (Normal) (G1 Evacuation Pause) 353M->48M(512M) 1.956ms
[2025-07-08T04:04:45.080+0530][7220.906s] GC(34) User=0.00s Sys=0.00s Real=0.00s
[2025-07-08T19:38:25.740+0530][63240.528s] GC(35) Pause Young (Normal) (G1 Evacuation Pause)
[2025-07-08T19:38:25.741+0530][63240.529s] GC(35) Using 10 workers of 10 for evacuation
[2025-07-08T19:38:25.760+0530][63240.549s] GC(35)   Pre Evacuate Collection Set: 2.1ms
[2025-07-08T19:38:25.761+0530][63240.549s] GC(35)   Merge Heap Roots: 0.6ms
[2025-07-08T19:38:25.761+0530][63240.549s] GC(35)   Evacuate Collection Set: 11.9ms
[2025-07-08T19:38:25.761+0530][63240.549s] GC(35)   Post Evacuate Collection Set: 2.8ms
[2025-07-08T19:38:25.761+0530][63240.549s] GC(35)   Other: 4.2ms
[2025-07-08T19:38:25.761+0530][63240.549s] GC(35) Eden regions: 305->0(305)
[2025-07-08T19:38:25.761+0530][63240.549s] GC(35) Survivor regions: 2->2(39)
[2025-07-08T19:38:25.761+0530][63240.549s] GC(35) Old regions: 43->43
[2025-07-08T19:38:25.761+0530][63240.549s] GC(35) Archive regions: 0->0
[2025-07-08T19:38:25.761+0530][63240.549s] GC(35) Humongous regions: 4->4
[2025-07-08T19:38:25.761+0530][63240.549s] GC(35) Metaspace: 53763K(54272K)->53763K(54272K) NonClass: 47545K(47808K)->47545K(47808K) Class: 6218K(6464K)->6218K(6464K)
[2025-07-08T19:38:25.761+0530][63240.549s] GC(35) Pause Young (Normal) (G1 Evacuation Pause) 353M->47M(512M) 20.891ms
[2025-07-08T19:38:25.761+0530][63240.549s] GC(35) User=0.08s Sys=0.03s Real=0.02s
