[2024-01-13T14:01:48.498+0530][0.011s] Heap region size: 1M
[2024-01-13T14:01:48.618+0530][0.131s] Using G1
[2024-01-13T14:01:48.618+0530][0.132s] Heap address: 0x00000000e0000000, size: 512 MB, Compressed Oops mode: 32-bit
[2024-01-13T14:01:49.268+0530][0.785s] GC(0) Pause Young (Normal) (G1 Evacuation Pause)
[2024-01-13T14:01:49.268+0530][0.785s] GC(0) Using 10 workers of 10 for evacuation
[2024-01-13T14:01:49.288+0530][0.801s] GC(0)   Pre Evacuate Collection Set: 0.0ms
[2024-01-13T14:01:49.288+0530][0.801s] GC(0)   Evacuate Collection Set: 15.4ms
[2024-01-13T14:01:49.288+0530][0.801s] GC(0)   Post Evacuate Collection Set: 0.5ms
[2024-01-13T14:01:49.288+0530][0.801s] GC(0)   Other: 0.4ms
[2024-01-13T14:01:49.288+0530][0.801s] GC(0) Eden regions: 30->0(303)
[2024-01-13T14:01:49.296+0530][0.808s] GC(0) Survivor regions: 0->4(4)
[2024-01-13T14:01:49.296+0530][0.808s] GC(0) Old regions: 0->0
[2024-01-13T14:01:49.296+0530][0.808s] GC(0) Humongous regions: 0->0
[2024-01-13T14:01:49.296+0530][0.808s] GC(0) Metaspace: 16398K(17152K)->16398K(17152K) NonClass: 14629K(15104K)->14629K(15104K) Class: 1769K(2048K)->1769K(2048K)
[2024-01-13T14:01:49.296+0530][0.808s] GC(0) Pause Young (Normal) (G1 Evacuation Pause) 30M->4M(512M) 23.622ms
[2024-01-13T14:01:49.296+0530][0.808s] GC(0) User=0.00s Sys=0.00s Real=0.03s
[2024-01-13T14:01:49.484+0530][0.998s] GC(1) Pause Young (Concurrent Start) (Metadata GC Threshold)
[2024-01-13T14:01:49.484+0530][0.998s] GC(1) Using 10 workers of 10 for evacuation
[2024-01-13T14:01:49.496+0530][1.009s] GC(1)   Pre Evacuate Collection Set: 0.0ms
[2024-01-13T14:01:49.496+0530][1.009s] GC(1)   Evacuate Collection Set: 8.8ms
[2024-01-13T14:01:49.496+0530][1.009s] GC(1)   Post Evacuate Collection Set: 0.5ms
[2024-01-13T14:01:49.496+0530][1.009s] GC(1)   Other: 1.4ms
[2024-01-13T14:01:49.496+0530][1.009s] GC(1) Eden regions: 18->0(54)
[2024-01-13T14:01:49.496+0530][1.009s] GC(1) Survivor regions: 4->13(39)
[2024-01-13T14:01:49.496+0530][1.009s] GC(1) Old regions: 0->0
[2024-01-13T14:01:49.496+0530][1.009s] GC(1) Humongous regions: 4->4
[2024-01-13T14:01:49.496+0530][1.009s] GC(1) Metaspace: 20629K(21248K)->20629K(21248K) NonClass: 18374K(18688K)->18374K(18688K) Class: 2254K(2560K)->2254K(2560K)
[2024-01-13T14:01:49.496+0530][1.009s] GC(1) Pause Young (Concurrent Start) (Metadata GC Threshold) 25M->16M(512M) 10.950ms
[2024-01-13T14:01:49.496+0530][1.009s] GC(1) User=0.02s Sys=0.00s Real=0.01s
[2024-01-13T14:01:49.496+0530][1.009s] GC(2) Concurrent Cycle
[2024-01-13T14:01:49.497+0530][1.009s] GC(2) Concurrent Clear Claimed Marks
[2024-01-13T14:01:49.497+0530][1.009s] GC(2) Concurrent Clear Claimed Marks 0.022ms
[2024-01-13T14:01:49.497+0530][1.009s] GC(2) Concurrent Scan Root Regions
[2024-01-13T14:01:49.498+0530][1.012s] GC(2) Concurrent Scan Root Regions 2.504ms
[2024-01-13T14:01:49.498+0530][1.012s] GC(2) Concurrent Mark (1.012s)
[2024-01-13T14:01:49.498+0530][1.012s] GC(2) Concurrent Mark From Roots
[2024-01-13T14:01:49.498+0530][1.012s] GC(2) Using 3 workers of 3 for marking
[2024-01-13T14:01:49.498+0530][1.012s] GC(2) Concurrent Mark From Roots 0.737ms
[2024-01-13T14:01:49.498+0530][1.012s] GC(2) Concurrent Preclean
[2024-01-13T14:01:49.498+0530][1.013s] GC(2) Concurrent Preclean 0.349ms
[2024-01-13T14:01:49.498+0530][1.013s] GC(2) Concurrent Mark (1.012s, 1.013s) 1.208ms
[2024-01-13T14:01:49.498+0530][1.013s] GC(2) Pause Remark
[2024-01-13T14:01:49.502+0530][1.014s] GC(2) Cleaned string and symbol table, strings: 9698 processed, 0 removed, symbols: 68452 processed, 19 removed
[2024-01-13T14:01:49.502+0530][1.014s] GC(2) Pause Remark 16M->16M(512M) 1.271ms
[2024-01-13T14:01:49.502+0530][1.014s] GC(2) User=0.00s Sys=0.00s Real=0.00s
[2024-01-13T14:01:49.502+0530][1.014s] GC(2) Concurrent Rebuild Remembered Sets
[2024-01-13T14:01:49.502+0530][1.016s] GC(2) Concurrent Rebuild Remembered Sets 1.765ms
[2024-01-13T14:01:49.502+0530][1.016s] GC(2) Pause Cleanup
[2024-01-13T14:01:49.502+0530][1.016s] GC(2) Pause Cleanup 16M->16M(512M) 0.105ms
[2024-01-13T14:01:49.502+0530][1.016s] GC(2) User=0.00s Sys=0.00s Real=0.00s
[2024-01-13T14:01:49.502+0530][1.017s] GC(2) Concurrent Cleanup for Next Mark
[2024-01-13T14:01:49.502+0530][1.017s] GC(2) Concurrent Cleanup for Next Mark 0.312ms
[2024-01-13T14:01:49.502+0530][1.017s] GC(2) Concurrent Cycle 8.080ms
[2024-01-13T14:01:49.803+0530][1.317s] GC(3) Pause Young (Normal) (G1 Evacuation Pause)
[2024-01-13T14:01:49.803+0530][1.317s] GC(3) Using 10 workers of 10 for evacuation
[2024-01-13T14:01:49.812+0530][1.325s] GC(3)   Pre Evacuate Collection Set: 0.0ms
[2024-01-13T14:01:49.812+0530][1.325s] GC(3)   Evacuate Collection Set: 7.4ms
[2024-01-13T14:01:49.812+0530][1.325s] GC(3)   Post Evacuate Collection Set: 0.5ms
[2024-01-13T14:01:49.812+0530][1.325s] GC(3)   Other: 0.1ms
[2024-01-13T14:01:49.812+0530][1.325s] GC(3) Eden regions: 33->0(301)
[2024-01-13T14:01:49.812+0530][1.325s] GC(3) Survivor regions: 13->6(6)
[2024-01-13T14:01:49.812+0530][1.325s] GC(3) Old regions: 0->13
[2024-01-13T14:01:49.812+0530][1.325s] GC(3) Humongous regions: 4->4
[2024-01-13T14:01:49.812+0530][1.325s] GC(3) Metaspace: 24347K(25216K)->24347K(25216K) NonClass: 21686K(22272K)->21686K(22272K) Class: 2660K(2944K)->2660K(2944K)
[2024-01-13T14:01:49.812+0530][1.325s] GC(3) Pause Young (Normal) (G1 Evacuation Pause) 49M->22M(512M) 8.221ms
[2024-01-13T14:01:49.812+0530][1.325s] GC(3) User=0.00s Sys=0.00s Real=0.01s
[2024-01-13T14:01:50.491+0530][2.007s] GC(4) Pause Young (Concurrent Start) (Metadata GC Threshold)
[2024-01-13T14:01:50.491+0530][2.008s] GC(4) Using 10 workers of 10 for evacuation
[2024-01-13T14:01:50.491+0530][2.010s] GC(4)   Pre Evacuate Collection Set: 0.0ms
[2024-01-13T14:01:50.491+0530][2.010s] GC(4)   Evacuate Collection Set: 2.1ms
[2024-01-13T14:01:50.491+0530][2.010s] GC(4)   Post Evacuate Collection Set: 0.4ms
[2024-01-13T14:01:50.491+0530][2.010s] GC(4)   Other: 0.2ms
[2024-01-13T14:01:50.491+0530][2.010s] GC(4) Eden regions: 88->0(129)
[2024-01-13T14:01:50.491+0530][2.010s] GC(4) Survivor regions: 6->9(39)
[2024-01-13T14:01:50.491+0530][2.010s] GC(4) Old regions: 13->13
[2024-01-13T14:01:50.491+0530][2.010s] GC(4) Humongous regions: 4->4
[2024-01-13T14:01:50.491+0530][2.010s] GC(4) Metaspace: 35089K(35840K)->35089K(35840K) NonClass: 31215K(31616K)->31215K(31616K) Class: 3874K(4224K)->3874K(4224K)
[2024-01-13T14:01:50.491+0530][2.010s] GC(4) Pause Young (Concurrent Start) (Metadata GC Threshold) 110M->25M(512M) 2.959ms
[2024-01-13T14:01:50.491+0530][2.010s] GC(4) User=0.00s Sys=0.00s Real=0.00s
[2024-01-13T14:01:50.491+0530][2.011s] GC(5) Concurrent Cycle
[2024-01-13T14:01:50.498+0530][2.011s] GC(5) Concurrent Clear Claimed Marks
[2024-01-13T14:01:50.498+0530][2.011s] GC(5) Concurrent Clear Claimed Marks 0.027ms
[2024-01-13T14:01:50.498+0530][2.011s] GC(5) Concurrent Scan Root Regions
[2024-01-13T14:01:50.499+0530][2.012s] GC(5) Concurrent Scan Root Regions 0.904ms
[2024-01-13T14:01:50.499+0530][2.012s] GC(5) Concurrent Mark (2.012s)
[2024-01-13T14:01:50.499+0530][2.012s] GC(5) Concurrent Mark From Roots
[2024-01-13T14:01:50.499+0530][2.012s] GC(5) Using 3 workers of 3 for marking
[2024-01-13T14:01:50.518+0530][2.032s] GC(5) Concurrent Mark From Roots 20.190ms
[2024-01-13T14:01:50.518+0530][2.032s] GC(5) Concurrent Preclean
[2024-01-13T14:01:50.518+0530][2.032s] GC(5) Concurrent Preclean 0.083ms
[2024-01-13T14:01:50.518+0530][2.032s] GC(5) Concurrent Mark (2.012s, 2.032s) 20.366ms
[2024-01-13T14:01:50.518+0530][2.032s] GC(5) Pause Remark
[2024-01-13T14:01:50.520+0530][2.034s] GC(5) Cleaned string and symbol table, strings: 15787 processed, 22 removed, symbols: 115882 processed, 42 removed
[2024-01-13T14:01:50.520+0530][2.034s] GC(5) Pause Remark 26M->26M(512M) 2.059ms
[2024-01-13T14:01:50.520+0530][2.034s] GC(5) User=0.00s Sys=0.00s Real=0.00s
[2024-01-13T14:01:50.520+0530][2.034s] GC(5) Concurrent Rebuild Remembered Sets
[2024-01-13T14:01:50.523+0530][2.038s] GC(5) Concurrent Rebuild Remembered Sets 4.101ms
[2024-01-13T14:01:50.523+0530][2.039s] GC(5) Pause Cleanup
[2024-01-13T14:01:50.523+0530][2.039s] GC(5) Pause Cleanup 26M->26M(512M) 0.120ms
[2024-01-13T14:01:50.523+0530][2.039s] GC(5) User=0.00s Sys=0.00s Real=0.00s
[2024-01-13T14:01:50.523+0530][2.039s] GC(5) Concurrent Cleanup for Next Mark
[2024-01-13T14:01:50.523+0530][2.039s] GC(5) Concurrent Cleanup for Next Mark 0.502ms
[2024-01-13T14:01:50.523+0530][2.039s] GC(5) Concurrent Cycle 28.883ms
