[2025-07-13T17:57:33.482+0530][0.012s] Using G1
[2025-07-13T17:57:33.559+0530][0.088s] Version: 17.0.12+8-LTS-286 (release)
[2025-07-13T17:57:33.559+0530][0.088s] CPUs: 12 total, 12 available
[2025-07-13T17:57:33.559+0530][0.088s] Memory: 16107M
[2025-07-13T17:57:33.559+0530][0.088s] Large Page Support: Disabled
[2025-07-13T17:57:33.559+0530][0.088s] NUMA Support: Disabled
[2025-07-13T17:57:33.559+0530][0.088s] Compressed Oops: Enabled (32-bit)
[2025-07-13T17:57:33.559+0530][0.088s] Heap Region Size: 1M
[2025-07-13T17:57:33.559+0530][0.088s] Heap Min Capacity: 512M
[2025-07-13T17:57:33.559+0530][0.088s] Heap Initial Capacity: 512M
[2025-07-13T17:57:33.559+0530][0.088s] Heap Max Capacity: 512M
[2025-07-13T17:57:33.559+0530][0.088s] Pre-touch: Enabled
[2025-07-13T17:57:33.559+0530][0.088s] Parallel Workers: 10
[2025-07-13T17:57:33.559+0530][0.088s] Concurrent Workers: 3
[2025-07-13T17:57:33.559+0530][0.088s] Concurrent Refinement Workers: 10
[2025-07-13T17:57:33.559+0530][0.088s] Periodic GC: Disabled
[2025-07-13T17:57:33.566+0530][0.096s] CDS archive(s) mapped at: [0x000002114a000000-0x000002114abd0000-0x000002114abd0000), size 12386304, SharedBaseAddress: 0x000002114a000000, ArchiveRelocationMode: 1.
[2025-07-13T17:57:33.566+0530][0.096s] Compressed class space mapped at: 0x000002114b000000-0x000002118b000000, reserved size: 1073741824
[2025-07-13T17:57:33.566+0530][0.096s] Narrow klass base: 0x000002114a000000, Narrow klass shift: 0, Narrow klass range: 0x100000000
[2025-07-13T17:57:34.289+0530][0.819s] GC(0) Pause Young (Normal) (G1 Evacuation Pause)
[2025-07-13T17:57:34.289+0530][0.819s] GC(0) Using 10 workers of 10 for evacuation
[2025-07-13T17:57:34.292+0530][0.822s] GC(0)   Pre Evacuate Collection Set: 0.1ms
[2025-07-13T17:57:34.292+0530][0.822s] GC(0)   Merge Heap Roots: 0.1ms
[2025-07-13T17:57:34.292+0530][0.822s] GC(0)   Evacuate Collection Set: 2.7ms
[2025-07-13T17:57:34.292+0530][0.822s] GC(0)   Post Evacuate Collection Set: 0.3ms
[2025-07-13T17:57:34.292+0530][0.822s] GC(0)   Other: 0.4ms
[2025-07-13T17:57:34.292+0530][0.822s] GC(0) Eden regions: 29->0(37)
[2025-07-13T17:57:34.292+0530][0.822s] GC(0) Survivor regions: 0->4(4)
[2025-07-13T17:57:34.292+0530][0.822s] GC(0) Old regions: 0->3
[2025-07-13T17:57:34.292+0530][0.822s] GC(0) Archive regions: 0->0
[2025-07-13T17:57:34.292+0530][0.822s] GC(0) Humongous regions: 4->4
[2025-07-13T17:57:34.292+0530][0.822s] GC(0) Metaspace: 9891K(10112K)->9891K(10112K) NonClass: 8712K(8768K)->8712K(8768K) Class: 1178K(1344K)->1178K(1344K)
[2025-07-13T17:57:34.292+0530][0.822s] GC(0) Pause Young (Normal) (G1 Evacuation Pause) 33M->10M(512M) 3.704ms
[2025-07-13T17:57:34.292+0530][0.822s] GC(0) User=0.00s Sys=0.00s Real=0.00s
[2025-07-13T17:57:34.787+0530][1.317s] GC(1) Pause Young (Normal) (G1 Evacuation Pause)
[2025-07-13T17:57:34.787+0530][1.317s] GC(1) Using 10 workers of 10 for evacuation
[2025-07-13T17:57:34.792+0530][1.322s] GC(1)   Pre Evacuate Collection Set: 0.1ms
[2025-07-13T17:57:34.792+0530][1.322s] GC(1)   Merge Heap Roots: 0.1ms
[2025-07-13T17:57:34.792+0530][1.322s] GC(1)   Evacuate Collection Set: 3.8ms
[2025-07-13T17:57:34.792+0530][1.322s] GC(1)   Post Evacuate Collection Set: 0.6ms
[2025-07-13T17:57:34.792+0530][1.322s] GC(1)   Other: 0.1ms
[2025-07-13T17:57:34.792+0530][1.322s] GC(1) Eden regions: 31->0(46)
[2025-07-13T17:57:34.792+0530][1.322s] GC(1) Survivor regions: 4->5(5)
[2025-07-13T17:57:34.792+0530][1.322s] GC(1) Old regions: 3->11
[2025-07-13T17:57:34.792+0530][1.322s] GC(1) Archive regions: 0->0
[2025-07-13T17:57:34.792+0530][1.322s] GC(1) Humongous regions: 4->4
[2025-07-13T17:57:34.792+0530][1.322s] GC(1) Metaspace: 15521K(15680K)->15521K(15680K) NonClass: 13694K(13760K)->13694K(13760K) Class: 1827K(1920K)->1827K(1920K)
[2025-07-13T17:57:34.792+0530][1.322s] GC(1) Pause Young (Normal) (G1 Evacuation Pause) 41M->19M(512M) 4.825ms
[2025-07-13T17:57:34.792+0530][1.322s] GC(1) User=0.00s Sys=0.00s Real=0.01s
[2025-07-13T17:57:35.325+0530][1.855s] GC(2) Pause Young (Concurrent Start) (Metadata GC Threshold)
[2025-07-13T17:57:35.326+0530][1.855s] GC(2) Using 10 workers of 10 for evacuation
[2025-07-13T17:57:35.329+0530][1.859s] GC(2)   Pre Evacuate Collection Set: 0.2ms
[2025-07-13T17:57:35.329+0530][1.859s] GC(2)   Merge Heap Roots: 0.1ms
[2025-07-13T17:57:35.329+0530][1.859s] GC(2)   Evacuate Collection Set: 1.8ms
[2025-07-13T17:57:35.329+0530][1.859s] GC(2)   Post Evacuate Collection Set: 1.1ms
[2025-07-13T17:57:35.329+0530][1.859s] GC(2)   Other: 0.2ms
[2025-07-13T17:57:35.329+0530][1.859s] GC(2) Eden regions: 46->0(167)
[2025-07-13T17:57:35.329+0530][1.859s] GC(2) Survivor regions: 5->5(7)
[2025-07-13T17:57:35.329+0530][1.859s] GC(2) Old regions: 11->16
[2025-07-13T17:57:35.329+0530][1.859s] GC(2) Archive regions: 0->0
[2025-07-13T17:57:35.329+0530][1.859s] GC(2) Humongous regions: 4->4
[2025-07-13T17:57:35.329+0530][1.859s] GC(2) Metaspace: 21229K(21504K)->21229K(21504K) NonClass: 18819K(18944K)->18819K(18944K) Class: 2410K(2560K)->2410K(2560K)
[2025-07-13T17:57:35.329+0530][1.859s] GC(2) Pause Young (Concurrent Start) (Metadata GC Threshold) 64M->24M(512M) 3.521ms
[2025-07-13T17:57:35.329+0530][1.859s] GC(2) User=0.00s Sys=0.00s Real=0.00s
[2025-07-13T17:57:35.329+0530][1.859s] GC(3) Concurrent Mark Cycle
[2025-07-13T17:57:35.329+0530][1.859s] GC(3) Concurrent Clear Claimed Marks
[2025-07-13T17:57:35.329+0530][1.859s] GC(3) Concurrent Clear Claimed Marks 0.014ms
[2025-07-13T17:57:35.329+0530][1.859s] GC(3) Concurrent Scan Root Regions
[2025-07-13T17:57:35.330+0530][1.860s] GC(3) Concurrent Scan Root Regions 1.385ms
[2025-07-13T17:57:35.330+0530][1.860s] GC(3) Concurrent Mark
[2025-07-13T17:57:35.330+0530][1.860s] GC(3) Concurrent Mark From Roots
[2025-07-13T17:57:35.330+0530][1.860s] GC(3) Using 3 workers of 3 for marking
[2025-07-13T17:57:35.335+0530][1.865s] GC(3) Concurrent Mark From Roots 4.517ms
[2025-07-13T17:57:35.335+0530][1.865s] GC(3) Concurrent Preclean
[2025-07-13T17:57:35.335+0530][1.865s] GC(3) Concurrent Preclean 0.157ms
[2025-07-13T17:57:35.336+0530][1.866s] GC(3) Pause Remark
[2025-07-13T17:57:35.338+0530][1.868s] GC(3) Pause Remark 25M->25M(512M) 2.707ms
[2025-07-13T17:57:35.338+0530][1.868s] GC(3) User=0.00s Sys=0.00s Real=0.00s
[2025-07-13T17:57:35.339+0530][1.869s] GC(3) Concurrent Mark 8.228ms
[2025-07-13T17:57:35.339+0530][1.869s] GC(3) Concurrent Rebuild Remembered Sets
[2025-07-13T17:57:35.342+0530][1.872s] GC(3) Concurrent Rebuild Remembered Sets 3.050ms
[2025-07-13T17:57:35.342+0530][1.872s] GC(3) Pause Cleanup
[2025-07-13T17:57:35.342+0530][1.872s] GC(3) Pause Cleanup 26M->26M(512M) 0.191ms
[2025-07-13T17:57:35.342+0530][1.872s] GC(3) User=0.00s Sys=0.00s Real=0.00s
[2025-07-13T17:57:35.342+0530][1.872s] GC(3) Concurrent Cleanup for Next Mark
[2025-07-13T17:57:35.343+0530][1.873s] GC(3) Concurrent Cleanup for Next Mark 0.425ms
[2025-07-13T17:57:35.343+0530][1.873s] GC(3) Concurrent Mark Cycle 13.986ms
[2025-07-13T17:57:36.699+0530][3.229s] GC(4) Pause Young (Concurrent Start) (Metadata GC Threshold)
[2025-07-13T17:57:36.699+0530][3.229s] GC(4) Using 10 workers of 10 for evacuation
[2025-07-13T17:57:36.703+0530][3.233s] GC(4)   Pre Evacuate Collection Set: 0.1ms
[2025-07-13T17:57:36.703+0530][3.233s] GC(4)   Merge Heap Roots: 0.1ms
[2025-07-13T17:57:36.703+0530][3.233s] GC(4)   Evacuate Collection Set: 2.7ms
[2025-07-13T17:57:36.703+0530][3.233s] GC(4)   Post Evacuate Collection Set: 0.7ms
[2025-07-13T17:57:36.703+0530][3.233s] GC(4)   Other: 0.2ms
[2025-07-13T17:57:36.703+0530][3.233s] GC(4) Eden regions: 78->0(295)
[2025-07-13T17:57:36.703+0530][3.233s] GC(4) Survivor regions: 5->12(22)
[2025-07-13T17:57:36.703+0530][3.233s] GC(4) Old regions: 16->16
[2025-07-13T17:57:36.703+0530][3.233s] GC(4) Archive regions: 0->0
[2025-07-13T17:57:36.703+0530][3.233s] GC(4) Humongous regions: 5->4
[2025-07-13T17:57:36.703+0530][3.233s] GC(4) Metaspace: 35798K(36096K)->35798K(36096K) NonClass: 31583K(31680K)->31583K(31680K) Class: 4215K(4416K)->4215K(4416K)
[2025-07-13T17:57:36.703+0530][3.233s] GC(4) Pause Young (Concurrent Start) (Metadata GC Threshold) 102M->31M(512M) 3.944ms
[2025-07-13T17:57:36.703+0530][3.233s] GC(4) User=0.00s Sys=0.00s Real=0.00s
[2025-07-13T17:57:36.703+0530][3.233s] GC(5) Concurrent Mark Cycle
[2025-07-13T17:57:36.703+0530][3.233s] GC(5) Concurrent Clear Claimed Marks
[2025-07-13T17:57:36.703+0530][3.233s] GC(5) Concurrent Clear Claimed Marks 0.028ms
[2025-07-13T17:57:36.703+0530][3.234s] GC(5) Concurrent Scan Root Regions
[2025-07-13T17:57:36.706+0530][3.235s] GC(5) Concurrent Scan Root Regions 1.560ms
[2025-07-13T17:57:36.706+0530][3.235s] GC(5) Concurrent Mark
[2025-07-13T17:57:36.706+0530][3.235s] GC(5) Concurrent Mark From Roots
[2025-07-13T17:57:36.706+0530][3.235s] GC(5) Using 3 workers of 3 for marking
[2025-07-13T17:57:36.712+0530][3.242s] GC(5) Concurrent Mark From Roots 6.459ms
[2025-07-13T17:57:36.712+0530][3.242s] GC(5) Concurrent Preclean
[2025-07-13T17:57:36.712+0530][3.242s] GC(5) Concurrent Preclean 0.103ms
[2025-07-13T17:57:36.712+0530][3.242s] GC(5) Pause Remark
[2025-07-13T17:57:36.717+0530][3.246s] GC(5) Pause Remark 33M->33M(512M) 4.209ms
[2025-07-13T17:57:36.717+0530][3.246s] GC(5) User=0.00s Sys=0.00s Real=0.01s
[2025-07-13T17:57:36.717+0530][3.246s] GC(5) Concurrent Mark 11.347ms
[2025-07-13T17:57:36.717+0530][3.246s] GC(5) Concurrent Rebuild Remembered Sets
[2025-07-13T17:57:36.721+0530][3.250s] GC(5) Concurrent Rebuild Remembered Sets 3.675ms
[2025-07-13T17:57:36.721+0530][3.251s] GC(5) Pause Cleanup
[2025-07-13T17:57:36.721+0530][3.251s] GC(5) Pause Cleanup 33M->33M(512M) 0.236ms
[2025-07-13T17:57:36.721+0530][3.251s] GC(5) User=0.00s Sys=0.00s Real=0.00s
[2025-07-13T17:57:36.721+0530][3.251s] GC(5) Concurrent Cleanup for Next Mark
[2025-07-13T17:57:36.722+0530][3.251s] GC(5) Concurrent Cleanup for Next Mark 0.363ms
[2025-07-13T17:57:36.722+0530][3.251s] GC(5) Concurrent Mark Cycle 18.051ms
[2025-07-13T18:07:08.440+0530][574.970s] GC(6) Pause Young (Normal) (G1 Evacuation Pause)
[2025-07-13T18:07:08.440+0530][574.970s] GC(6) Using 10 workers of 10 for evacuation
[2025-07-13T18:07:08.447+0530][574.977s] GC(6)   Pre Evacuate Collection Set: 0.1ms
[2025-07-13T18:07:08.447+0530][574.977s] GC(6)   Merge Heap Roots: 0.1ms
[2025-07-13T18:07:08.447+0530][574.977s] GC(6)   Evacuate Collection Set: 6.0ms
[2025-07-13T18:07:08.447+0530][574.977s] GC(6)   Post Evacuate Collection Set: 0.7ms
[2025-07-13T18:07:08.447+0530][574.977s] GC(6)   Other: 0.2ms
[2025-07-13T18:07:08.447+0530][574.977s] GC(6) Eden regions: 295->0(282)
[2025-07-13T18:07:08.447+0530][574.977s] GC(6) Survivor regions: 12->25(39)
[2025-07-13T18:07:08.447+0530][574.977s] GC(6) Old regions: 16->16
[2025-07-13T18:07:08.447+0530][574.977s] GC(6) Archive regions: 0->0
[2025-07-13T18:07:08.447+0530][574.977s] GC(6) Humongous regions: 4->4
[2025-07-13T18:07:08.447+0530][574.977s] GC(6) Metaspace: 50170K(50688K)->50170K(50688K) NonClass: 44133K(44416K)->44133K(44416K) Class: 6036K(6272K)->6036K(6272K)
[2025-07-13T18:07:08.447+0530][574.977s] GC(6) Pause Young (Normal) (G1 Evacuation Pause) 326M->44M(512M) 7.114ms
[2025-07-13T18:07:08.447+0530][574.977s] GC(6) User=0.11s Sys=0.05s Real=0.01s
[2025-07-13T18:08:56.320+0530][682.850s] GC(7) Pause Young (Normal) (G1 Evacuation Pause)
[2025-07-13T18:08:56.320+0530][682.850s] GC(7) Using 10 workers of 10 for evacuation
[2025-07-13T18:08:56.326+0530][682.856s] GC(7)   Pre Evacuate Collection Set: 0.1ms
[2025-07-13T18:08:56.326+0530][682.856s] GC(7)   Merge Heap Roots: 0.1ms
[2025-07-13T18:08:56.326+0530][682.856s] GC(7)   Evacuate Collection Set: 4.8ms
[2025-07-13T18:08:56.326+0530][682.856s] GC(7)   Post Evacuate Collection Set: 1.1ms
[2025-07-13T18:08:56.326+0530][682.856s] GC(7)   Other: 0.2ms
[2025-07-13T18:08:56.326+0530][682.856s] GC(7) Eden regions: 282->0(291)
[2025-07-13T18:08:56.326+0530][682.856s] GC(7) Survivor regions: 25->16(39)
[2025-07-13T18:08:56.326+0530][682.856s] GC(7) Old regions: 16->27
[2025-07-13T18:08:56.326+0530][682.856s] GC(7) Archive regions: 0->0
[2025-07-13T18:08:56.326+0530][682.856s] GC(7) Humongous regions: 4->4
[2025-07-13T18:08:56.326+0530][682.856s] GC(7) Metaspace: 52920K(53440K)->52920K(53440K) NonClass: 46693K(46976K)->46693K(46976K) Class: 6226K(6464K)->6226K(6464K)
[2025-07-13T18:08:56.326+0530][682.856s] GC(7) Pause Young (Normal) (G1 Evacuation Pause) 326M->45M(512M) 6.342ms
[2025-07-13T18:08:56.326+0530][682.856s] GC(7) User=0.00s Sys=0.00s Real=0.01s
