[2024-07-21T22:54:12.180+0530][0.013s] Heap region size: 1M
[2024-07-21T22:54:12.293+0530][0.119s] Using G1
[2024-07-21T22:54:12.293+0530][0.119s] Heap address: 0x00000000e0000000, size: 512 MB, Compressed Oops mode: 32-bit
[2024-07-21T22:54:15.036+0530][2.863s] GC(0) Pause Young (Normal) (G1 Evacuation Pause)
[2024-07-21T22:54:15.036+0530][2.863s] GC(0) Using 10 workers of 10 for evacuation
[2024-07-21T22:54:15.036+0530][2.866s] GC(0)   Pre Evacuate Collection Set: 0.0ms
[2024-07-21T22:54:15.036+0530][2.866s] GC(0)   Evacuate Collection Set: 2.5ms
[2024-07-21T22:54:15.036+0530][2.867s] GC(0)   Post Evacuate Collection Set: 0.5ms
[2024-07-21T22:54:15.036+0530][2.867s] GC(0)   Other: 1.0ms
[2024-07-21T22:54:15.036+0530][2.867s] GC(0) Eden regions: 30->0(303)
[2024-07-21T22:54:15.036+0530][2.867s] GC(0) Survivor regions: 0->4(4)
[2024-07-21T22:54:15.036+0530][2.867s] GC(0) Old regions: 0->1
[2024-07-21T22:54:15.036+0530][2.867s] GC(0) Archive regions: 0->0
[2024-07-21T22:54:15.036+0530][2.867s] GC(0) Humongous regions: 0->0
[2024-07-21T22:54:15.036+0530][2.867s] GC(0) Metaspace: 16422K(17152K)->16422K(17152K) NonClass: 14653K(15104K)->14653K(15104K) Class: 1769K(2048K)->1769K(2048K)
[2024-07-21T22:54:15.036+0530][2.867s] GC(0) Pause Young (Normal) (G1 Evacuation Pause) 30M->4M(512M) 4.195ms
[2024-07-21T22:54:15.036+0530][2.867s] GC(0) User=0.00s Sys=0.00s Real=0.00s
[2024-07-21T22:54:15.292+0530][3.120s] GC(1) Pause Young (Concurrent Start) (Metadata GC Threshold)
[2024-07-21T22:54:15.292+0530][3.120s] GC(1) Using 10 workers of 10 for evacuation
[2024-07-21T22:54:15.292+0530][3.125s] GC(1)   Pre Evacuate Collection Set: 0.0ms
[2024-07-21T22:54:15.292+0530][3.125s] GC(1)   Evacuate Collection Set: 4.0ms
[2024-07-21T22:54:15.292+0530][3.125s] GC(1)   Post Evacuate Collection Set: 0.4ms
[2024-07-21T22:54:15.292+0530][3.125s] GC(1)   Other: 0.3ms
[2024-07-21T22:54:15.292+0530][3.125s] GC(1) Eden regions: 18->0(52)
[2024-07-21T22:54:15.292+0530][3.125s] GC(1) Survivor regions: 4->12(39)
[2024-07-21T22:54:15.292+0530][3.125s] GC(1) Old regions: 1->1
[2024-07-21T22:54:15.292+0530][3.125s] GC(1) Archive regions: 0->0
[2024-07-21T22:54:15.292+0530][3.125s] GC(1) Humongous regions: 4->4
[2024-07-21T22:54:15.292+0530][3.125s] GC(1) Metaspace: 20640K(21248K)->20640K(21248K) NonClass: 18388K(18688K)->18388K(18688K) Class: 2251K(2560K)->2251K(2560K)
[2024-07-21T22:54:15.292+0530][3.125s] GC(1) Pause Young (Concurrent Start) (Metadata GC Threshold) 25M->15M(512M) 4.887ms
[2024-07-21T22:54:15.292+0530][3.125s] GC(1) User=0.00s Sys=0.00s Real=0.00s
[2024-07-21T22:54:15.292+0530][3.125s] GC(2) Concurrent Cycle
[2024-07-21T22:54:15.292+0530][3.125s] GC(2) Concurrent Clear Claimed Marks
[2024-07-21T22:54:15.292+0530][3.125s] GC(2) Concurrent Clear Claimed Marks 0.030ms
[2024-07-21T22:54:15.292+0530][3.125s] GC(2) Concurrent Scan Root Regions
[2024-07-21T22:54:15.300+0530][3.128s] GC(2) Concurrent Scan Root Regions 2.139ms
[2024-07-21T22:54:15.300+0530][3.128s] GC(2) Concurrent Mark (3.128s)
[2024-07-21T22:54:15.300+0530][3.128s] GC(2) Concurrent Mark From Roots
[2024-07-21T22:54:15.300+0530][3.128s] GC(2) Using 3 workers of 3 for marking
[2024-07-21T22:54:15.300+0530][3.128s] GC(2) Concurrent Mark From Roots 0.515ms
[2024-07-21T22:54:15.300+0530][3.128s] GC(2) Concurrent Preclean
[2024-07-21T22:54:15.300+0530][3.128s] GC(2) Concurrent Preclean 0.038ms
[2024-07-21T22:54:15.300+0530][3.128s] GC(2) Concurrent Mark (3.128s, 3.128s) 0.615ms
[2024-07-21T22:54:15.300+0530][3.128s] GC(2) Pause Remark
[2024-07-21T22:54:15.300+0530][3.130s] GC(2) Cleaned string and symbol table, strings: 9729 processed, 0 removed, symbols: 68507 processed, 19 removed
[2024-07-21T22:54:15.300+0530][3.130s] GC(2) Pause Remark 16M->16M(512M) 1.377ms
[2024-07-21T22:54:15.300+0530][3.130s] GC(2) User=0.00s Sys=0.00s Real=0.00s
[2024-07-21T22:54:15.300+0530][3.130s] GC(2) Concurrent Rebuild Remembered Sets
[2024-07-21T22:54:15.300+0530][3.131s] GC(2) Concurrent Rebuild Remembered Sets 0.841ms
[2024-07-21T22:54:15.300+0530][3.131s] GC(2) Pause Cleanup
[2024-07-21T22:54:15.300+0530][3.131s] GC(2) Pause Cleanup 16M->16M(512M) 0.120ms
[2024-07-21T22:54:15.300+0530][3.131s] GC(2) User=0.00s Sys=0.00s Real=0.00s
[2024-07-21T22:54:15.300+0530][3.131s] GC(2) Concurrent Cleanup for Next Mark
[2024-07-21T22:54:15.300+0530][3.131s] GC(2) Concurrent Cleanup for Next Mark 0.306ms
[2024-07-21T22:54:15.300+0530][3.131s] GC(2) Concurrent Cycle 6.022ms
[2024-07-21T22:54:16.072+0530][3.898s] GC(3) Pause Young (Normal) (G1 Evacuation Pause)
[2024-07-21T22:54:16.072+0530][3.898s] GC(3) Using 10 workers of 10 for evacuation
[2024-07-21T22:54:16.079+0530][3.905s] GC(3)   Pre Evacuate Collection Set: 0.0ms
[2024-07-21T22:54:16.079+0530][3.905s] GC(3)   Evacuate Collection Set: 5.9ms
[2024-07-21T22:54:16.079+0530][3.905s] GC(3)   Post Evacuate Collection Set: 0.7ms
[2024-07-21T22:54:16.079+0530][3.905s] GC(3)   Other: 0.2ms
[2024-07-21T22:54:16.079+0530][3.905s] GC(3) Eden regions: 46->0(67)
[2024-07-21T22:54:16.079+0530][3.905s] GC(3) Survivor regions: 12->8(8)
[2024-07-21T22:54:16.079+0530][3.905s] GC(3) Old regions: 1->12
[2024-07-21T22:54:16.079+0530][3.905s] GC(3) Archive regions: 0->0
[2024-07-21T22:54:16.079+0530][3.905s] GC(3) Humongous regions: 4->4
[2024-07-21T22:54:16.079+0530][3.905s] GC(3) Metaspace: 25090K(25856K)->25090K(25856K) NonClass: 22356K(22784K)->22356K(22784K) Class: 2733K(3072K)->2733K(3072K)
[2024-07-21T22:54:16.079+0530][3.905s] GC(3) Pause Young (Normal) (G1 Evacuation Pause) 61M->23M(512M) 6.965ms
[2024-07-21T22:54:16.079+0530][3.905s] GC(3) User=0.00s Sys=0.00s Real=0.01s
[2024-07-21T22:54:16.715+0530][4.542s] GC(4) Pause Young (Normal) (G1 Evacuation Pause)
[2024-07-21T22:54:16.715+0530][4.542s] GC(4) Using 10 workers of 10 for evacuation
[2024-07-21T22:54:16.715+0530][4.544s] GC(4)   Pre Evacuate Collection Set: 0.0ms
[2024-07-21T22:54:16.715+0530][4.544s] GC(4)   Evacuate Collection Set: 1.4ms
[2024-07-21T22:54:16.715+0530][4.544s] GC(4)   Post Evacuate Collection Set: 0.3ms
[2024-07-21T22:54:16.715+0530][4.544s] GC(4)   Other: 0.1ms
[2024-07-21T22:54:16.715+0530][4.544s] GC(4) Eden regions: 67->0(110)
[2024-07-21T22:54:16.715+0530][4.544s] GC(4) Survivor regions: 8->2(10)
[2024-07-21T22:54:16.715+0530][4.544s] GC(4) Old regions: 12->20
[2024-07-21T22:54:16.715+0530][4.544s] GC(4) Archive regions: 0->0
[2024-07-21T22:54:16.715+0530][4.544s] GC(4) Humongous regions: 4->4
[2024-07-21T22:54:16.715+0530][4.544s] GC(4) Metaspace: 32527K(33408K)->32527K(33408K) NonClass: 28983K(29440K)->28983K(29440K) Class: 3543K(3968K)->3543K(3968K)
[2024-07-21T22:54:16.715+0530][4.544s] GC(4) Pause Young (Normal) (G1 Evacuation Pause) 90M->25M(512M) 2.165ms
[2024-07-21T22:54:16.715+0530][4.544s] GC(4) User=0.00s Sys=0.00s Real=0.00s
[2024-07-21T22:54:16.853+0530][4.681s] GC(5) Pause Young (Concurrent Start) (Metadata GC Threshold)
[2024-07-21T22:54:16.853+0530][4.681s] GC(5) Using 10 workers of 10 for evacuation
[2024-07-21T22:54:16.853+0530][4.683s] GC(5)   Pre Evacuate Collection Set: 0.0ms
[2024-07-21T22:54:16.853+0530][4.683s] GC(5)   Evacuate Collection Set: 1.3ms
[2024-07-21T22:54:16.853+0530][4.683s] GC(5)   Post Evacuate Collection Set: 0.2ms
[2024-07-21T22:54:16.853+0530][4.683s] GC(5)   Other: 0.2ms
[2024-07-21T22:54:16.853+0530][4.683s] GC(5) Eden regions: 8->0(119)
[2024-07-21T22:54:16.853+0530][4.683s] GC(5) Survivor regions: 2->2(14)
[2024-07-21T22:54:16.853+0530][4.683s] GC(5) Old regions: 20->20
[2024-07-21T22:54:16.853+0530][4.683s] GC(5) Archive regions: 0->0
[2024-07-21T22:54:16.853+0530][4.683s] GC(5) Humongous regions: 4->4
[2024-07-21T22:54:16.853+0530][4.683s] GC(5) Metaspace: 34972K(35840K)->34972K(35840K) NonClass: 31125K(31616K)->31125K(31616K) Class: 3846K(4224K)->3846K(4224K)
[2024-07-21T22:54:16.853+0530][4.683s] GC(5) Pause Young (Concurrent Start) (Metadata GC Threshold) 33M->25M(512M) 1.885ms
[2024-07-21T22:54:16.853+0530][4.683s] GC(5) User=0.00s Sys=0.00s Real=0.00s
[2024-07-21T22:54:16.853+0530][4.683s] GC(6) Concurrent Cycle
[2024-07-21T22:54:16.853+0530][4.683s] GC(6) Concurrent Clear Claimed Marks
[2024-07-21T22:54:16.853+0530][4.683s] GC(6) Concurrent Clear Claimed Marks 0.094ms
[2024-07-21T22:54:16.853+0530][4.683s] GC(6) Concurrent Scan Root Regions
[2024-07-21T22:54:16.853+0530][4.684s] GC(6) Concurrent Scan Root Regions 0.877ms
[2024-07-21T22:54:16.853+0530][4.684s] GC(6) Concurrent Mark (4.684s)
[2024-07-21T22:54:16.853+0530][4.684s] GC(6) Concurrent Mark From Roots
[2024-07-21T22:54:16.853+0530][4.684s] GC(6) Using 3 workers of 3 for marking
[2024-07-21T22:54:16.861+0530][4.693s] GC(6) Concurrent Mark From Roots 8.941ms
[2024-07-21T22:54:16.861+0530][4.693s] GC(6) Concurrent Preclean
[2024-07-21T22:54:16.861+0530][4.693s] GC(6) Concurrent Preclean 0.096ms
[2024-07-21T22:54:16.861+0530][4.693s] GC(6) Concurrent Mark (4.684s, 4.693s) 9.098ms
[2024-07-21T22:54:16.861+0530][4.694s] GC(6) Pause Remark
[2024-07-21T22:54:16.861+0530][4.695s] GC(6) Cleaned string and symbol table, strings: 15652 processed, 26 removed, symbols: 115070 processed, 42 removed
[2024-07-21T22:54:16.861+0530][4.695s] GC(6) Pause Remark 25M->25M(512M) 1.442ms
[2024-07-21T22:54:16.869+0530][4.695s] GC(6) User=0.00s Sys=0.00s Real=0.01s
[2024-07-21T22:54:16.869+0530][4.695s] GC(6) Concurrent Rebuild Remembered Sets
[2024-07-21T22:54:16.869+0530][4.699s] GC(6) Concurrent Rebuild Remembered Sets 4.008ms
[2024-07-21T22:54:16.869+0530][4.699s] GC(6) Pause Cleanup
[2024-07-21T22:54:16.869+0530][4.699s] GC(6) Pause Cleanup 25M->25M(512M) 0.087ms
[2024-07-21T22:54:16.869+0530][4.699s] GC(6) User=0.00s Sys=0.00s Real=0.00s
[2024-07-21T22:54:16.869+0530][4.699s] GC(6) Concurrent Cleanup for Next Mark
[2024-07-21T22:54:16.869+0530][4.700s] GC(6) Concurrent Cleanup for Next Mark 0.349ms
[2024-07-21T22:54:16.869+0530][4.700s] GC(6) Concurrent Cycle 16.527ms
[2024-07-21T22:54:17.738+0530][5.565s] GC(7) Pause Young (Normal) (G1 Evacuation Pause)
[2024-07-21T22:54:17.738+0530][5.565s] GC(7) Using 10 workers of 10 for evacuation
[2024-07-21T22:54:17.739+0530][5.568s] GC(7)   Pre Evacuate Collection Set: 0.0ms
[2024-07-21T22:54:17.739+0530][5.568s] GC(7)   Evacuate Collection Set: 2.5ms
[2024-07-21T22:54:17.742+0530][5.568s] GC(7)   Post Evacuate Collection Set: 0.4ms
[2024-07-21T22:54:17.742+0530][5.568s] GC(7)   Other: 0.2ms
[2024-07-21T22:54:17.742+0530][5.568s] GC(7) Eden regions: 119->0(189)
[2024-07-21T22:54:17.742+0530][5.568s] GC(7) Survivor regions: 2->8(16)
[2024-07-21T22:54:17.742+0530][5.568s] GC(7) Old regions: 20->20
[2024-07-21T22:54:17.742+0530][5.568s] GC(7) Archive regions: 0->0
[2024-07-21T22:54:17.742+0530][5.568s] GC(7) Humongous regions: 5->4
[2024-07-21T22:54:17.742+0530][5.568s] GC(7) Metaspace: 46264K(47488K)->46264K(47488K) NonClass: 41000K(41728K)->41000K(41728K) Class: 5264K(5760K)->5264K(5760K)
[2024-07-21T22:54:17.742+0530][5.568s] GC(7) Pause Young (Normal) (G1 Evacuation Pause) 145M->31M(512M) 3.202ms
[2024-07-21T22:54:17.742+0530][5.568s] GC(7) User=0.00s Sys=0.00s Real=0.00s
[2024-07-21T22:54:20.684+0530][6.976s] GC(8) Pause Young (Normal) (G1 Evacuation Pause)
[2024-07-21T22:54:20.684+0530][6.976s] GC(8) Using 10 workers of 10 for evacuation
[2024-07-21T22:54:20.684+0530][6.980s] GC(8)   Pre Evacuate Collection Set: 0.0ms
[2024-07-21T22:54:20.684+0530][6.980s] GC(8)   Evacuate Collection Set: 3.3ms
[2024-07-21T22:54:20.684+0530][6.980s] GC(8)   Post Evacuate Collection Set: 0.9ms
[2024-07-21T22:54:20.684+0530][6.980s] GC(8)   Other: 0.1ms
[2024-07-21T22:54:20.684+0530][6.980s] GC(8) Eden regions: 189->0(248)
[2024-07-21T22:54:20.684+0530][6.980s] GC(8) Survivor regions: 8->16(25)
[2024-07-21T22:54:20.684+0530][6.980s] GC(8) Old regions: 20->20
[2024-07-21T22:54:20.684+0530][6.980s] GC(8) Archive regions: 0->0
[2024-07-21T22:54:20.684+0530][6.980s] GC(8) Humongous regions: 4->4
[2024-07-21T22:54:20.684+0530][6.980s] GC(8) Metaspace: 53583K(55040K)->53583K(55040K) NonClass: 47313K(48128K)->47313K(48128K) Class: 6269K(6912K)->6269K(6912K)
[2024-07-21T22:54:20.684+0530][6.980s] GC(8) Pause Young (Normal) (G1 Evacuation Pause) 220M->38M(512M) 4.478ms
[2024-07-21T22:54:20.684+0530][6.980s] GC(8) User=0.00s Sys=0.00s Real=0.00s
